> ng run app:ionic-cordova-build --platform=ios

Initial Chunk Files                   | Names                     |   Raw Size | Estimated Transfer Size
main.12e981405cb34443.js              | main                      |  340.14 kB |                92.39 kB
polyfills.0e0720fd80c57251.js         | polyfills                 |   33.08 kB |                10.65 kB
styles.bac947a5496135b1.css           | styles                    |   27.16 kB |                 4.16 kB
cordova.707efcddbdf036de.js           | cordova                   |   19.83 kB |                 6.24 kB
runtime.0f1dfda18da5f0fc.js           | runtime                   |    4.57 kB |                 2.19 kB

| Initial Total             |  424.78 kB |               115.64 kB

Lazy Chunk Files                      | Names                     |   Raw Size | Estimated Transfer Size
2698.18c290f67d53e9f1.js              | swiper-bundle-28080340-js |   97.19 kB |                23.42 kB
polyfills-core-js.aae6b5d519b4cdc7.js | polyfills-core-js         |   91.90 kB |                27.87 kB
4711.64ea2ba40a940032.js              | -                         |   82.06 kB |                 8.49 kB
4959.a445c6d2c7b96a74.js              | -                         |   67.88 kB |                11.65 kB
1650.0c5003aa78ea82a5.js              | -                         |   48.23 kB |                 4.64 kB
3236.06c8dfde5a3807c0.js              | -                         |   43.23 kB |                 9.41 kB
1118.9c9a581f613252b8.js              | -                         |   34.18 kB |                 5.58 kB
9325.4c5dc24a948c982e.js              | -                         |   28.41 kB |                 4.90 kB
2349.f580ff3aa1b9f486.js              | -                         |   27.99 kB |                 6.82 kB
5652.bc36a5f28a055940.js              | -                         |   25.38 kB |                 4.91 kB
8628.8d7501a63903bd41.js              | -                         |   24.20 kB |                 3.80 kB
2175.13ec809d33297295.js              | -                         |   23.31 kB |                 4.58 kB
3804.30a17e8c16aa6a5c.js              | -                         |   22.22 kB |                 5.53 kB
1709.a6ce119ccbffc512.js              | -                         |   22.16 kB |                 4.61 kB
5836.2a153309ba0da94a.js              | -                         |   21.68 kB |                 3.41 kB
4651.d9cf3d0b7eba23b1.js              | -                         |   21.46 kB |                 3.76 kB
3648.f0fa9a3920bb7125.js              | -                         |   21.43 kB |                 3.56 kB
8136.c41e31119bf523d3.js              | -                         |   20.41 kB |                 4.64 kB
438.3aa1b2330d912846.js               | -                         |   20.32 kB |                 3.11 kB
4174.a2a5b18bafbee75c.js              | -                         |   19.09 kB |                 1.86 kB
common.f0cb54aab8e5e86c.js            | common                    |   18.17 kB |                 5.23 kB
polyfills-dom.3a5e3168052f1fc5.js     | polyfills-dom             |   18.05 kB |                 5.04 kB
2773.3f3e9b9b0cbf47b3.js              | -                         |   16.22 kB |                 4.21 kB
1217.31793c9adc13adde.js              | -                         |   15.61 kB |                 2.83 kB
5168.14760b2704ec2ef0.js              | -                         |   15.27 kB |                 2.95 kB
7544.7b70ecfecba4be64.js              | -                         |   15.03 kB |                 2.72 kB
6120.2d317df064fae28e.js              | -                         |   14.76 kB |                 3.05 kB
6560.efc2036b787e13b1.js              | -                         |   14.54 kB |                 2.52 kB
2073.e8fac9cc10772afa.js              | -                         |   13.55 kB |                 2.32 kB
1435.b0c89b023482ead3.js              | -                         |   12.29 kB |                 4.08 kB
388.d23aef83944a1665.js               | -                         |   11.58 kB |                 2.10 kB
9654.de485ccdd1cafe0d.js              | -                         |   11.39 kB |                 2.61 kB
5349.d5fb19e400fbc345.js              | -                         |   11.35 kB |                 3.60 kB
4330.239e7dad63b7f5c1.js              | -                         |   11.15 kB |                 3.80 kB
9824.83c2ff07be398614.js              | -                         |   11.15 kB |                 1.37 kB
4432.631edce1c2d1117e.js              | -                         |   10.62 kB |                 2.55 kB
9016.2eac90e67b425236.js              | -                         |    9.39 kB |                 2.01 kB
9434.d18547c47c238ff7.js              | -                         |    8.57 kB |                 2.00 kB
9922.cbd7f054a4aa9f91.js              | -                         |    8.44 kB |                 1.95 kB
2289.adb4a443584d18a4.js              | -                         |    7.55 kB |                 2.65 kB
7602.c0e0ffe4b5a279c5.js              | -                         |    7.02 kB |                 2.00 kB
9230.4d49f6e46c329d04.js              | -                         |    6.53 kB |                 1.80 kB
9536.ce9cc71a6e4dbc82.js              | -                         |    6.36 kB |                 1.29 kB
5817.14cf84676de9fad6.js              | -                         |    6.00 kB |                 1.42 kB
4908.8ef0deefe015396f.js              | -                         |    5.97 kB |                 1.50 kB
1186.db93b5c215146692.js              | -                         |    5.49 kB |                 1.93 kB
657.1153831d64dfb76a.js               | -                         |    5.06 kB |                 1.25 kB
3093.28c3ad0f9e596405.js              | input-shims-ca667d14-js   |    4.57 kB |                 1.79 kB
4753.1bd8eb29cc156cb6.js              | -                         |    4.17 kB |              1009 bytes
1536.6411e4d876117aec.js              | -                         |    3.76 kB |                 1.27 kB
9958.38a7c538fbe9bd61.js              | -                         |    3.05 kB |               932 bytes
9718.735f7870bf946271.js              | index-0bc00b33-js         |    1.82 kB |               816 bytes
1033.8bc7ac6ed1863f60.js              | -                         |    1.64 kB |               667 bytes
174.54bc1737fae2260f.js               | tabs-tabs-module          |    1.62 kB |               652 bytes
8939.e268846754d2f8fb.js              | -                         |    1.50 kB |               514 bytes
1835.e3a494e1fa36926d.js              | tab1-tab1-module          |    1.14 kB |               564 bytes
9196.e9983cb87619255d.js              | tab2-tab2-module          |    1.14 kB |               563 bytes
420.0ab36b97ceb09c6a.js               | tab3-tab3-module          |    1.14 kB |               563 bytes
4376.b403e1ab71d5b018.js              | -                         | 1008 bytes |               545 bytes
5780.26e7f25142fa7370.js              | status-tap-20472ffa-js    |  529 bytes |               319 bytes

Build at: 2022-12-28T05:39:50.471Z - Hash: e0feffc0d33107c4 - Time: 3371ms
> cordova build ios
List simulator targets
Running command: xcrun simctl list --json
Select last emulator from list as default.
List simulator targets
Running command: xcrun simctl list --json
No simulator found for ". Falling back to the default target.
Building for "iPhone 14 Pro Max" Simulator (com.apple.CoreSimulator.SimDeviceType.iPhone-14-Pro-Max, iPhone-14-Pro-Max).
Building project: /Users/srinidhi/Desktop/Workspace/Ionic-Sample/Sample-Project/platforms/ios/MyApp.xcworkspace
	Configuration: Debug
	Platform: emulator
	Target: iPhone 14 Pro Max
Running command: xcodebuild -workspace MyApp.xcworkspace -scheme MyApp -configuration Debug -sdk iphonesimulator -destination platform=iOS Simulator,name=iPhone 14 Pro Max build CONFIGURATION_BUILD_DIR=/Users/srinidhi/Desktop/Workspace/Ionic-Sample/Sample-Project/platforms/ios/build/emulator SHARED_PRECOMPS_DIR=/Users/srinidhi/Desktop/Workspace/Ionic-Sample/Sample-Project/platforms/ios/build/sharedpch
Command line invocation:
    /Applications/Xcode.app/Contents/Developer/usr/bin/xcodebuild -workspace MyApp.xcworkspace -scheme MyApp -configuration Debug -sdk iphonesimulator -destination "platform=iOS Simulator,name=iPhone 14 Pro Max" build CONFIGURATION_BUILD_DIR=/Users/srinidhi/Desktop/Workspace/Ionic-Sample/Sample-Project/platforms/ios/build/emulator SHARED_PRECOMPS_DIR=/Users/srinidhi/Desktop/Workspace/Ionic-Sample/Sample-Project/platforms/ios/build/sharedpch

User defaults from command line:
    IDEPackageSupportUseBuiltinSCM = YES

Build settings from command line:
    CONFIGURATION_BUILD_DIR = /Users/srinidhi/Desktop/Workspace/Ionic-Sample/Sample-Project/platforms/ios/build/emulator
    SDKROOT = iphonesimulator16.2
    SHARED_PRECOMPS_DIR = /Users/srinidhi/Desktop/Workspace/Ionic-Sample/Sample-Project/platforms/ios/build/sharedpch

Prepare packages

Computing target dependency graph and provisioning inputs

Create build description
Build description signature: 6de172254eb4d55b21a0b8837df5b040
Build description path: /Users/srinidhi/Library/Developer/Xcode/DerivedData/MyApp-glngprrxiuzgwgasskfjbnjwcvbk/Build/Intermediates.noindex/XCBuildData/6de172254eb4d55b21a0b8837df5b040-desc.xcbuild

note: Building targets in dependency order
CreateBuildDirectory /Users/srinidhi/Desktop/Workspace/Ionic-Sample/Sample-Project/platforms/ios/build/emulator
    cd /Users/srinidhi/Desktop/Workspace/Ionic-Sample/Sample-Project/platforms/ios
    builtin-create-build-directory /Users/srinidhi/Desktop/Workspace/Ionic-Sample/Sample-Project/platforms/ios/build/emulator

MkDir /Users/srinidhi/Desktop/Workspace/Ionic-Sample/Sample-Project/platforms/ios/build/emulator/include/Cordova (in target 'CordovaLib' from project 'CordovaLib')
    cd /Users/srinidhi/Desktop/Workspace/Ionic-Sample/Sample-Project/platforms/ios/CordovaLib
    /bin/mkdir -p /Users/srinidhi/Desktop/Workspace/Ionic-Sample/Sample-Project/platforms/ios/build/emulator/include/Cordova

warning: Run script build phase 'Copy www directory' will be run during every build because it does not specify any outputs. To address this warning, either add output dependencies to the script phase, or configure it to run in every build by unchecking "Based on dependency analysis" in the script phase. (in target 'MyApp' from project 'MyApp')
MkDir /Users/srinidhi/Desktop/Workspace/Ionic-Sample/Sample-Project/platforms/ios/build/emulator/MyApp.app (in target 'MyApp' from project 'MyApp')
    cd /Users/srinidhi/Desktop/Workspace/Ionic-Sample/Sample-Project/platforms/ios
    /bin/mkdir -p /Users/srinidhi/Desktop/Workspace/Ionic-Sample/Sample-Project/platforms/ios/build/emulator/MyApp.app

WriteAuxiliaryFile /Users/srinidhi/Library/Developer/Xcode/DerivedData/MyApp-glngprrxiuzgwgasskfjbnjwcvbk/Build/Intermediates.noindex/CordovaLib.build/Debug-iphonesimulator/CordovaLib.build/Cordova-all-non-framework-target-headers.hmap (in target 'CordovaLib' from project 'CordovaLib')
    cd /Users/srinidhi/Desktop/Workspace/Ionic-Sample/Sample-Project/platforms/ios/CordovaLib
    write-file /Users/srinidhi/Library/Developer/Xcode/DerivedData/MyApp-glngprrxiuzgwgasskfjbnjwcvbk/Build/Intermediates.noindex/CordovaLib.build/Debug-iphonesimulator/CordovaLib.build/Cordova-all-non-framework-target-headers.hmap

CpHeader /Users/srinidhi/Desktop/Workspace/Ionic-Sample/Sample-Project/platforms/ios/build/emulator/include/Cordova/CDVAvailability.h /Users/srinidhi/Desktop/Workspace/Ionic-Sample/Sample-Project/platforms/ios/CordovaLib/Classes/Public/CDVAvailability.h (in target 'CordovaLib' from project 'CordovaLib')
    cd /Users/srinidhi/Desktop/Workspace/Ionic-Sample/Sample-Project/platforms/ios/CordovaLib
    builtin-copy -exclude .DS_Store -exclude CVS -exclude .svn -exclude .git -exclude .hg -resolve-src-symlinks /Users/srinidhi/Desktop/Workspace/Ionic-Sample/Sample-Project/platforms/ios/CordovaLib/Classes/Public/CDVAvailability.h /Users/srinidhi/Desktop/Workspace/Ionic-Sample/Sample-Project/platforms/ios/build/emulator/include/Cordova

CpHeader /Users/srinidhi/Desktop/Workspace/Ionic-Sample/Sample-Project/platforms/ios/build/emulator/include/Cordova/CDVCommandDelegate.h /Users/srinidhi/Desktop/Workspace/Ionic-Sample/Sample-Project/platforms/ios/CordovaLib/Classes/Public/CDVCommandDelegate.h (in target 'CordovaLib' from project 'CordovaLib')
    cd /Users/srinidhi/Desktop/Workspace/Ionic-Sample/Sample-Project/platforms/ios/CordovaLib
    builtin-copy -exclude .DS_Store -exclude CVS -exclude .svn -exclude .git -exclude .hg -resolve-src-symlinks /Users/srinidhi/Desktop/Workspace/Ionic-Sample/Sample-Project/platforms/ios/CordovaLib/Classes/Public/CDVCommandDelegate.h /Users/srinidhi/Desktop/Workspace/Ionic-Sample/Sample-Project/platforms/ios/build/emulator/include/Cordova

CpHeader /Users/srinidhi/Desktop/Workspace/Ionic-Sample/Sample-Project/platforms/ios/build/emulator/include/Cordova/CDVPlugin+Resources.h /Users/srinidhi/Desktop/Workspace/Ionic-Sample/Sample-Project/platforms/ios/CordovaLib/Classes/Public/CDVPlugin+Resources.h (in target 'CordovaLib' from project 'CordovaLib')
    cd /Users/srinidhi/Desktop/Workspace/Ionic-Sample/Sample-Project/platforms/ios/CordovaLib
    builtin-copy -exclude .DS_Store -exclude CVS -exclude .svn -exclude .git -exclude .hg -resolve-src-symlinks /Users/srinidhi/Desktop/Workspace/Ionic-Sample/Sample-Project/platforms/ios/CordovaLib/Classes/Public/CDVPlugin+Resources.h /Users/srinidhi/Desktop/Workspace/Ionic-Sample/Sample-Project/platforms/ios/build/emulator/include/Cordova

CpHeader /Users/srinidhi/Desktop/Workspace/Ionic-Sample/Sample-Project/platforms/ios/build/emulator/include/Cordova/NSMutableArray+QueueAdditions.h /Users/srinidhi/Desktop/Workspace/Ionic-Sample/Sample-Project/platforms/ios/CordovaLib/Classes/Public/NSMutableArray+QueueAdditions.h (in target 'CordovaLib' from project 'CordovaLib')
    cd /Users/srinidhi/Desktop/Workspace/Ionic-Sample/Sample-Project/platforms/ios/CordovaLib
    builtin-copy -exclude .DS_Store -exclude CVS -exclude .svn -exclude .git -exclude .hg -resolve-src-symlinks /Users/srinidhi/Desktop/Workspace/Ionic-Sample/Sample-Project/platforms/ios/CordovaLib/Classes/Public/NSMutableArray+QueueAdditions.h /Users/srinidhi/Desktop/Workspace/Ionic-Sample/Sample-Project/platforms/ios/build/emulator/include/Cordova

CpHeader /Users/srinidhi/Desktop/Workspace/Ionic-Sample/Sample-Project/platforms/ios/build/emulator/include/Cordova/NSDictionary+CordovaPreferences.h /Users/srinidhi/Desktop/Workspace/Ionic-Sample/Sample-Project/platforms/ios/CordovaLib/Classes/Public/NSDictionary+CordovaPreferences.h (in target 'CordovaLib' from project 'CordovaLib')
    cd /Users/srinidhi/Desktop/Workspace/Ionic-Sample/Sample-Project/platforms/ios/CordovaLib
    builtin-copy -exclude .DS_Store -exclude CVS -exclude .svn -exclude .git -exclude .hg -resolve-src-symlinks /Users/srinidhi/Desktop/Workspace/Ionic-Sample/Sample-Project/platforms/ios/CordovaLib/Classes/Public/NSDictionary+CordovaPreferences.h /Users/srinidhi/Desktop/Workspace/Ionic-Sample/Sample-Project/platforms/ios/build/emulator/include/Cordova

CpHeader /Users/srinidhi/Desktop/Workspace/Ionic-Sample/Sample-Project/platforms/ios/build/emulator/include/Cordova/CDVWebViewUIDelegate.h /Users/srinidhi/Desktop/Workspace/Ionic-Sample/Sample-Project/platforms/ios/CordovaLib/Classes/Private/Plugins/CDVWebViewEngine/CDVWebViewUIDelegate.h (in target 'CordovaLib' from project 'CordovaLib')
    cd /Users/srinidhi/Desktop/Workspace/Ionic-Sample/Sample-Project/platforms/ios/CordovaLib
    builtin-copy -exclude .DS_Store -exclude CVS -exclude .svn -exclude .git -exclude .hg -resolve-src-symlinks /Users/srinidhi/Desktop/Workspace/Ionic-Sample/Sample-Project/platforms/ios/CordovaLib/Classes/Private/Plugins/CDVWebViewEngine/CDVWebViewUIDelegate.h /Users/srinidhi/Desktop/Workspace/Ionic-Sample/Sample-Project/platforms/ios/build/emulator/include/Cordova

CpHeader /Users/srinidhi/Desktop/Workspace/Ionic-Sample/Sample-Project/platforms/ios/build/emulator/include/Cordova/CDVWebViewProcessPoolFactory.h /Users/srinidhi/Desktop/Workspace/Ionic-Sample/Sample-Project/platforms/ios/CordovaLib/Classes/Public/CDVWebViewProcessPoolFactory.h (in target 'CordovaLib' from project 'CordovaLib')
    cd /Users/srinidhi/Desktop/Workspace/Ionic-Sample/Sample-Project/platforms/ios/CordovaLib
    builtin-copy -exclude .DS_Store -exclude CVS -exclude .svn -exclude .git -exclude .hg -resolve-src-symlinks /Users/srinidhi/Desktop/Workspace/Ionic-Sample/Sample-Project/platforms/ios/CordovaLib/Classes/Public/CDVWebViewProcessPoolFactory.h /Users/srinidhi/Desktop/Workspace/Ionic-Sample/Sample-Project/platforms/ios/build/emulator/include/Cordova

CpHeader /Users/srinidhi/Desktop/Workspace/Ionic-Sample/Sample-Project/platforms/ios/build/emulator/include/Cordova/CDVWhitelist.h /Users/srinidhi/Desktop/Workspace/Ionic-Sample/Sample-Project/platforms/ios/CordovaLib/Classes/Public/CDVWhitelist.h (in target 'CordovaLib' from project 'CordovaLib')
    cd /Users/srinidhi/Desktop/Workspace/Ionic-Sample/Sample-Project/platforms/ios/CordovaLib
    builtin-copy -exclude .DS_Store -exclude CVS -exclude .svn -exclude .git -exclude .hg -resolve-src-symlinks /Users/srinidhi/Desktop/Workspace/Ionic-Sample/Sample-Project/platforms/ios/CordovaLib/Classes/Public/CDVWhitelist.h /Users/srinidhi/Desktop/Workspace/Ionic-Sample/Sample-Project/platforms/ios/build/emulator/include/Cordova

CpHeader /Users/srinidhi/Desktop/Workspace/Ionic-Sample/Sample-Project/platforms/ios/build/emulator/include/Cordova/CDVWebViewEngineProtocol.h /Users/srinidhi/Desktop/Workspace/Ionic-Sample/Sample-Project/platforms/ios/CordovaLib/Classes/Public/CDVWebViewEngineProtocol.h (in target 'CordovaLib' from project 'CordovaLib')
    cd /Users/srinidhi/Desktop/Workspace/Ionic-Sample/Sample-Project/platforms/ios/CordovaLib
    builtin-copy -exclude .DS_Store -exclude CVS -exclude .svn -exclude .git -exclude .hg -resolve-src-symlinks /Users/srinidhi/Desktop/Workspace/Ionic-Sample/Sample-Project/platforms/ios/CordovaLib/Classes/Public/CDVWebViewEngineProtocol.h /Users/srinidhi/Desktop/Workspace/Ionic-Sample/Sample-Project/platforms/ios/build/emulator/include/Cordova

CpHeader /Users/srinidhi/Desktop/Workspace/Ionic-Sample/Sample-Project/platforms/ios/build/emulator/include/Cordova/CDVViewController.h /Users/srinidhi/Desktop/Workspace/Ionic-Sample/Sample-Project/platforms/ios/CordovaLib/Classes/Public/CDVViewController.h (in target 'CordovaLib' from project 'CordovaLib')
    cd /Users/srinidhi/Desktop/Workspace/Ionic-Sample/Sample-Project/platforms/ios/CordovaLib
    builtin-copy -exclude .DS_Store -exclude CVS -exclude .svn -exclude .git -exclude .hg -resolve-src-symlinks /Users/srinidhi/Desktop/Workspace/Ionic-Sample/Sample-Project/platforms/ios/CordovaLib/Classes/Public/CDVViewController.h /Users/srinidhi/Desktop/Workspace/Ionic-Sample/Sample-Project/platforms/ios/build/emulator/include/Cordova

CpHeader /Users/srinidhi/Desktop/Workspace/Ionic-Sample/Sample-Project/platforms/ios/build/emulator/include/Cordova/CDVTimer.h /Users/srinidhi/Desktop/Workspace/Ionic-Sample/Sample-Project/platforms/ios/CordovaLib/Classes/Public/CDVTimer.h (in target 'CordovaLib' from project 'CordovaLib')
    cd /Users/srinidhi/Desktop/Workspace/Ionic-Sample/Sample-Project/platforms/ios/CordovaLib
    builtin-copy -exclude .DS_Store -exclude CVS -exclude .svn -exclude .git -exclude .hg -resolve-src-symlinks /Users/srinidhi/Desktop/Workspace/Ionic-Sample/Sample-Project/platforms/ios/CordovaLib/Classes/Public/CDVTimer.h /Users/srinidhi/Desktop/Workspace/Ionic-Sample/Sample-Project/platforms/ios/build/emulator/include/Cordova

CpHeader /Users/srinidhi/Desktop/Workspace/Ionic-Sample/Sample-Project/platforms/ios/build/emulator/include/Cordova/CDVPluginResult.h /Users/srinidhi/Desktop/Workspace/Ionic-Sample/Sample-Project/platforms/ios/CordovaLib/Classes/Public/CDVPluginResult.h (in target 'CordovaLib' from project 'CordovaLib')
    cd /Users/srinidhi/Desktop/Workspace/Ionic-Sample/Sample-Project/platforms/ios/CordovaLib
    builtin-copy -exclude .DS_Store -exclude CVS -exclude .svn -exclude .git -exclude .hg -resolve-src-symlinks /Users/srinidhi/Desktop/Workspace/Ionic-Sample/Sample-Project/platforms/ios/CordovaLib/Classes/Public/CDVPluginResult.h /Users/srinidhi/Desktop/Workspace/Ionic-Sample/Sample-Project/platforms/ios/build/emulator/include/Cordova

CpHeader /Users/srinidhi/Desktop/Workspace/Ionic-Sample/Sample-Project/platforms/ios/build/emulator/include/Cordova/CDVScreenOrientationDelegate.h /Users/srinidhi/Desktop/Workspace/Ionic-Sample/Sample-Project/platforms/ios/CordovaLib/Classes/Public/CDVScreenOrientationDelegate.h (in target 'CordovaLib' from project 'CordovaLib')
    cd /Users/srinidhi/Desktop/Workspace/Ionic-Sample/Sample-Project/platforms/ios/CordovaLib
    builtin-copy -exclude .DS_Store -exclude CVS -exclude .svn -exclude .git -exclude .hg -resolve-src-symlinks /Users/srinidhi/Desktop/Workspace/Ionic-Sample/Sample-Project/platforms/ios/CordovaLib/Classes/Public/CDVScreenOrientationDelegate.h /Users/srinidhi/Desktop/Workspace/Ionic-Sample/Sample-Project/platforms/ios/build/emulator/include/Cordova

CpHeader /Users/srinidhi/Desktop/Workspace/Ionic-Sample/Sample-Project/platforms/ios/build/emulator/include/Cordova/CDVPlugin.h /Users/srinidhi/Desktop/Workspace/Ionic-Sample/Sample-Project/platforms/ios/CordovaLib/Classes/Public/CDVPlugin.h (in target 'CordovaLib' from project 'CordovaLib')
    cd /Users/srinidhi/Desktop/Workspace/Ionic-Sample/Sample-Project/platforms/ios/CordovaLib
    builtin-copy -exclude .DS_Store -exclude CVS -exclude .svn -exclude .git -exclude .hg -resolve-src-symlinks /Users/srinidhi/Desktop/Workspace/Ionic-Sample/Sample-Project/platforms/ios/CordovaLib/Classes/Public/CDVPlugin.h /Users/srinidhi/Desktop/Workspace/Ionic-Sample/Sample-Project/platforms/ios/build/emulator/include/Cordova

CpHeader /Users/srinidhi/Desktop/Workspace/Ionic-Sample/Sample-Project/platforms/ios/build/emulator/include/Cordova/CDVInvokedUrlCommand.h /Users/srinidhi/Desktop/Workspace/Ionic-Sample/Sample-Project/platforms/ios/CordovaLib/Classes/Public/CDVInvokedUrlCommand.h (in target 'CordovaLib' from project 'CordovaLib')
    cd /Users/srinidhi/Desktop/Workspace/Ionic-Sample/Sample-Project/platforms/ios/CordovaLib
    builtin-copy -exclude .DS_Store -exclude CVS -exclude .svn -exclude .git -exclude .hg -resolve-src-symlinks /Users/srinidhi/Desktop/Workspace/Ionic-Sample/Sample-Project/platforms/ios/CordovaLib/Classes/Public/CDVInvokedUrlCommand.h /Users/srinidhi/Desktop/Workspace/Ionic-Sample/Sample-Project/platforms/ios/build/emulator/include/Cordova

CpHeader /Users/srinidhi/Desktop/Workspace/Ionic-Sample/Sample-Project/platforms/ios/build/emulator/include/Cordova/CDVConfigParser.h /Users/srinidhi/Desktop/Workspace/Ionic-Sample/Sample-Project/platforms/ios/CordovaLib/Classes/Public/CDVConfigParser.h (in target 'CordovaLib' from project 'CordovaLib')
    cd /Users/srinidhi/Desktop/Workspace/Ionic-Sample/Sample-Project/platforms/ios/CordovaLib
    builtin-copy -exclude .DS_Store -exclude CVS -exclude .svn -exclude .git -exclude .hg -resolve-src-symlinks /Users/srinidhi/Desktop/Workspace/Ionic-Sample/Sample-Project/platforms/ios/CordovaLib/Classes/Public/CDVConfigParser.h /Users/srinidhi/Desktop/Workspace/Ionic-Sample/Sample-Project/platforms/ios/build/emulator/include/Cordova

CpHeader /Users/srinidhi/Desktop/Workspace/Ionic-Sample/Sample-Project/platforms/ios/build/emulator/include/Cordova/CDVCommandQueue.h /Users/srinidhi/Desktop/Workspace/Ionic-Sample/Sample-Project/platforms/ios/CordovaLib/Classes/Public/CDVCommandQueue.h (in target 'CordovaLib' from project 'CordovaLib')
    cd /Users/srinidhi/Desktop/Workspace/Ionic-Sample/Sample-Project/platforms/ios/CordovaLib
    builtin-copy -exclude .DS_Store -exclude CVS -exclude .svn -exclude .git -exclude .hg -resolve-src-symlinks /Users/srinidhi/Desktop/Workspace/Ionic-Sample/Sample-Project/platforms/ios/CordovaLib/Classes/Public/CDVCommandQueue.h /Users/srinidhi/Desktop/Workspace/Ionic-Sample/Sample-Project/platforms/ios/build/emulator/include/Cordova

CpHeader /Users/srinidhi/Desktop/Workspace/Ionic-Sample/Sample-Project/platforms/ios/build/emulator/include/Cordova/CDVCommandDelegateImpl.h /Users/srinidhi/Desktop/Workspace/Ionic-Sample/Sample-Project/platforms/ios/CordovaLib/Classes/Public/CDVCommandDelegateImpl.h (in target 'CordovaLib' from project 'CordovaLib')
    cd /Users/srinidhi/Desktop/Workspace/Ionic-Sample/Sample-Project/platforms/ios/CordovaLib
    builtin-copy -exclude .DS_Store -exclude CVS -exclude .svn -exclude .git -exclude .hg -resolve-src-symlinks /Users/srinidhi/Desktop/Workspace/Ionic-Sample/Sample-Project/platforms/ios/CordovaLib/Classes/Public/CDVCommandDelegateImpl.h /Users/srinidhi/Desktop/Workspace/Ionic-Sample/Sample-Project/platforms/ios/build/emulator/include/Cordova

CpHeader /Users/srinidhi/Desktop/Workspace/Ionic-Sample/Sample-Project/platforms/ios/build/emulator/include/Cordova/CDVAvailabilityDeprecated.h /Users/srinidhi/Desktop/Workspace/Ionic-Sample/Sample-Project/platforms/ios/CordovaLib/Classes/Public/CDVAvailabilityDeprecated.h (in target 'CordovaLib' from project 'CordovaLib')
    cd /Users/srinidhi/Desktop/Workspace/Ionic-Sample/Sample-Project/platforms/ios/CordovaLib
    builtin-copy -exclude .DS_Store -exclude CVS -exclude .svn -exclude .git -exclude .hg -resolve-src-symlinks /Users/srinidhi/Desktop/Workspace/Ionic-Sample/Sample-Project/platforms/ios/CordovaLib/Classes/Public/CDVAvailabilityDeprecated.h /Users/srinidhi/Desktop/Workspace/Ionic-Sample/Sample-Project/platforms/ios/build/emulator/include/Cordova

CpHeader /Users/srinidhi/Desktop/Workspace/Ionic-Sample/Sample-Project/platforms/ios/build/emulator/include/Cordova/CDVAppDelegate.h /Users/srinidhi/Desktop/Workspace/Ionic-Sample/Sample-Project/platforms/ios/CordovaLib/Classes/Public/CDVAppDelegate.h (in target 'CordovaLib' from project 'CordovaLib')
    cd /Users/srinidhi/Desktop/Workspace/Ionic-Sample/Sample-Project/platforms/ios/CordovaLib
    builtin-copy -exclude .DS_Store -exclude CVS -exclude .svn -exclude .git -exclude .hg -resolve-src-symlinks /Users/srinidhi/Desktop/Workspace/Ionic-Sample/Sample-Project/platforms/ios/CordovaLib/Classes/Public/CDVAppDelegate.h /Users/srinidhi/Desktop/Workspace/Ionic-Sample/Sample-Project/platforms/ios/build/emulator/include/Cordova

CpHeader /Users/srinidhi/Desktop/Workspace/Ionic-Sample/Sample-Project/platforms/ios/build/emulator/include/Cordova/CDV.h /Users/srinidhi/Desktop/Workspace/Ionic-Sample/Sample-Project/platforms/ios/CordovaLib/Classes/Public/CDV.h (in target 'CordovaLib' from project 'CordovaLib')
    cd /Users/srinidhi/Desktop/Workspace/Ionic-Sample/Sample-Project/platforms/ios/CordovaLib
    builtin-copy -exclude .DS_Store -exclude CVS -exclude .svn -exclude .git -exclude .hg -resolve-src-symlinks /Users/srinidhi/Desktop/Workspace/Ionic-Sample/Sample-Project/platforms/ios/CordovaLib/Classes/Public/CDV.h /Users/srinidhi/Desktop/Workspace/Ionic-Sample/Sample-Project/platforms/ios/build/emulator/include/Cordova

ProcessProductPackaging /Users/srinidhi/Desktop/Workspace/Ionic-Sample/Sample-Project/platforms/ios/MyApp/Entitlements-Debug.plist /Users/srinidhi/Library/Developer/Xcode/DerivedData/MyApp-glngprrxiuzgwgasskfjbnjwcvbk/Build/Intermediates.noindex/MyApp.build/Debug-iphonesimulator/MyApp.build/MyApp.app-Simulated.xcent (in target 'MyApp' from project 'MyApp')
    cd /Users/srinidhi/Desktop/Workspace/Ionic-Sample/Sample-Project/platforms/ios
    
    Entitlements:
    
    {
    "application-identifier" = "YZM8WJJ76F.io.ionic.starter";
}
    
    builtin-productPackagingUtility /Users/srinidhi/Desktop/Workspace/Ionic-Sample/Sample-Project/platforms/ios/MyApp/Entitlements-Debug.plist -entitlements -format xml -o /Users/srinidhi/Library/Developer/Xcode/DerivedData/MyApp-glngprrxiuzgwgasskfjbnjwcvbk/Build/Intermediates.noindex/MyApp.build/Debug-iphonesimulator/MyApp.build/MyApp.app-Simulated.xcent

ProcessProductPackaging /Users/srinidhi/Desktop/Workspace/Ionic-Sample/Sample-Project/platforms/ios/MyApp/Entitlements-Debug.plist /Users/srinidhi/Library/Developer/Xcode/DerivedData/MyApp-glngprrxiuzgwgasskfjbnjwcvbk/Build/Intermediates.noindex/MyApp.build/Debug-iphonesimulator/MyApp.build/MyApp.app.xcent (in target 'MyApp' from project 'MyApp')
    cd /Users/srinidhi/Desktop/Workspace/Ionic-Sample/Sample-Project/platforms/ios
    
    Entitlements:
    
    {
    "com.apple.security.get-task-allow" = 1;
}
    
    builtin-productPackagingUtility /Users/srinidhi/Desktop/Workspace/Ionic-Sample/Sample-Project/platforms/ios/MyApp/Entitlements-Debug.plist -entitlements -format xml -o /Users/srinidhi/Library/Developer/Xcode/DerivedData/MyApp-glngprrxiuzgwgasskfjbnjwcvbk/Build/Intermediates.noindex/MyApp.build/Debug-iphonesimulator/MyApp.build/MyApp.app.xcent

Libtool /Users/srinidhi/Desktop/Workspace/Ionic-Sample/Sample-Project/platforms/ios/build/emulator/libCordova.a normal (in target 'CordovaLib' from project 'CordovaLib')
    cd /Users/srinidhi/Desktop/Workspace/Ionic-Sample/Sample-Project/platforms/ios/CordovaLib
    /Applications/Xcode.app/Contents/Developer/Toolchains/XcodeDefault.xctoolchain/usr/bin/libtool -static -arch_only arm64 -D -syslibroot /Applications/Xcode.app/Contents/Developer/Platforms/iPhoneSimulator.platform/Developer/SDKs/iPhoneSimulator16.2.sdk -L/Users/srinidhi/Desktop/Workspace/Ionic-Sample/Sample-Project/platforms/ios/build/emulator -filelist /Users/srinidhi/Library/Developer/Xcode/DerivedData/MyApp-glngprrxiuzgwgasskfjbnjwcvbk/Build/Intermediates.noindex/CordovaLib.build/Debug-iphonesimulator/CordovaLib.build/Objects-normal/arm64/Cordova.LinkFileList -dependency_info /Users/srinidhi/Library/Developer/Xcode/DerivedData/MyApp-glngprrxiuzgwgasskfjbnjwcvbk/Build/Intermediates.noindex/CordovaLib.build/Debug-iphonesimulator/CordovaLib.build/Objects-normal/arm64/Cordova_libtool_dependency_info.dat -o /Users/srinidhi/Desktop/Workspace/Ionic-Sample/Sample-Project/platforms/ios/build/emulator/libCordova.a

ProcessProductPackagingDER /Users/srinidhi/Library/Developer/Xcode/DerivedData/MyApp-glngprrxiuzgwgasskfjbnjwcvbk/Build/Intermediates.noindex/MyApp.build/Debug-iphonesimulator/MyApp.build/MyApp.app.xcent /Users/srinidhi/Library/Developer/Xcode/DerivedData/MyApp-glngprrxiuzgwgasskfjbnjwcvbk/Build/Intermediates.noindex/MyApp.build/Debug-iphonesimulator/MyApp.build/MyApp.app.xcent.der (in target 'MyApp' from project 'MyApp')
    cd /Users/srinidhi/Desktop/Workspace/Ionic-Sample/Sample-Project/platforms/ios
    /usr/bin/derq query -f xml -i /Users/srinidhi/Library/Developer/Xcode/DerivedData/MyApp-glngprrxiuzgwgasskfjbnjwcvbk/Build/Intermediates.noindex/MyApp.build/Debug-iphonesimulator/MyApp.build/MyApp.app.xcent -o /Users/srinidhi/Library/Developer/Xcode/DerivedData/MyApp-glngprrxiuzgwgasskfjbnjwcvbk/Build/Intermediates.noindex/MyApp.build/Debug-iphonesimulator/MyApp.build/MyApp.app.xcent.der --raw

ProcessProductPackagingDER /Users/srinidhi/Library/Developer/Xcode/DerivedData/MyApp-glngprrxiuzgwgasskfjbnjwcvbk/Build/Intermediates.noindex/MyApp.build/Debug-iphonesimulator/MyApp.build/MyApp.app-Simulated.xcent /Users/srinidhi/Library/Developer/Xcode/DerivedData/MyApp-glngprrxiuzgwgasskfjbnjwcvbk/Build/Intermediates.noindex/MyApp.build/Debug-iphonesimulator/MyApp.build/MyApp.app-Simulated.xcent.der (in target 'MyApp' from project 'MyApp')
    cd /Users/srinidhi/Desktop/Workspace/Ionic-Sample/Sample-Project/platforms/ios
    /usr/bin/derq query -f xml -i /Users/srinidhi/Library/Developer/Xcode/DerivedData/MyApp-glngprrxiuzgwgasskfjbnjwcvbk/Build/Intermediates.noindex/MyApp.build/Debug-iphonesimulator/MyApp.build/MyApp.app-Simulated.xcent -o /Users/srinidhi/Library/Developer/Xcode/DerivedData/MyApp-glngprrxiuzgwgasskfjbnjwcvbk/Build/Intermediates.noindex/MyApp.build/Debug-iphonesimulator/MyApp.build/MyApp.app-Simulated.xcent.der --raw

PhaseScriptExecution [CP]\ Check\ Pods\ Manifest.lock /Users/srinidhi/Library/Developer/Xcode/DerivedData/MyApp-glngprrxiuzgwgasskfjbnjwcvbk/Build/Intermediates.noindex/MyApp.build/Debug-iphonesimulator/MyApp.build/Script-82F59A9156F59E82FEC5BEBE.sh (in target 'MyApp' from project 'MyApp')
    cd /Users/srinidhi/Desktop/Workspace/Ionic-Sample/Sample-Project/platforms/ios
    /bin/sh -c /Users/srinidhi/Library/Developer/Xcode/DerivedData/MyApp-glngprrxiuzgwgasskfjbnjwcvbk/Build/Intermediates.noindex/MyApp.build/Debug-iphonesimulator/MyApp.build/Script-82F59A9156F59E82FEC5BEBE.sh

PhaseScriptExecution Copy\ www\ directory /Users/srinidhi/Library/Developer/Xcode/DerivedData/MyApp-glngprrxiuzgwgasskfjbnjwcvbk/Build/Intermediates.noindex/MyApp.build/Debug-iphonesimulator/MyApp.build/Script-304B58A110DAC018002A0835.sh (in target 'MyApp' from project 'MyApp')
    cd /Users/srinidhi/Desktop/Workspace/Ionic-Sample/Sample-Project/platforms/ios
    /bin/sh -c /Users/srinidhi/Library/Developer/Xcode/DerivedData/MyApp-glngprrxiuzgwgasskfjbnjwcvbk/Build/Intermediates.noindex/MyApp.build/Debug-iphonesimulator/MyApp.build/Script-304B58A110DAC018002A0835.sh

CompileC /Users/srinidhi/Library/Developer/Xcode/DerivedData/MyApp-glngprrxiuzgwgasskfjbnjwcvbk/Build/Intermediates.noindex/MyApp.build/Debug-iphonesimulator/MyApp.build/Objects-normal/x86_64/PluginHelper.o /Users/srinidhi/Desktop/Workspace/Ionic-Sample/Sample-Project/platforms/ios/MyApp/Plugins/cordova-plugin-unvired-sdk/PluginHelper.m normal x86_64 objective-c com.apple.compilers.llvm.clang.1_0.compiler (in target 'MyApp' from project 'MyApp')
    cd /Users/srinidhi/Desktop/Workspace/Ionic-Sample/Sample-Project/platforms/ios
    /Applications/Xcode.app/Contents/Developer/Toolchains/XcodeDefault.xctoolchain/usr/bin/clang -x objective-c -target x86_64-apple-ios11.0-simulator -fmessage-length\=0 -fdiagnostics-show-note-include-stack -fmacro-backtrace-limit\=0 -std\=c99 -fobjc-arc -fmodules -gmodules -fmodules-cache-path\=/Users/srinidhi/Library/Developer/Xcode/DerivedData/ModuleCache.noindex -fmodules-prune-interval\=86400 -fmodules-prune-after\=345600 -fbuild-session-file\=/Users/srinidhi/Library/Developer/Xcode/DerivedData/ModuleCache.noindex/Session.modulevalidation -fmodules-validate-once-per-build-session -Wno-trigraphs -fpascal-strings -O0 -fno-common -Wno-missing-field-initializers -Wno-missing-prototypes -Wunreachable-code -Wno-implicit-atomic-properties -Wno-objc-interface-ivars -Wno-arc-repeated-use-of-weak -Wimplicit-retain-self -Wduplicate-method-match -Wno-missing-braces -Wparentheses -Wswitch -Wunused-function -Wno-unused-label -Wno-unused-parameter -Wunused-variable -Wunused-value -Wempty-body -Wuninitialized -Wno-unknown-pragmas -Wno-shadow -Wno-four-char-constants -Wno-conversion -Wconstant-conversion -Wint-conversion -Wbool-conversion -Wenum-conversion -Wno-float-conversion -Wnon-literal-null-conversion -Wobjc-literal-conversion -Wshorten-64-to-32 -Wpointer-sign -Wno-newline-eof -Wno-selector -Wno-strict-selector-match -Wundeclared-selector -Wdeprecated-implementations -Wno-implicit-fallthrough -DWK_WEB_VIEW_ONLY\=1 -DWK_WEB_VIEW_ONLY\=1 -DDEBUG\=1 -DCOCOAPODS\=1 -DOBJC_OLD_DISPATCH_PROTOTYPES\=0 -isysroot /Applications/Xcode.app/Contents/Developer/Platforms/iPhoneSimulator.platform/Developer/SDKs/iPhoneSimulator16.2.sdk -fasm-blocks -fstrict-aliasing -Wprotocol -Wdeprecated-declarations -g -Wno-sign-conversion -Winfinite-recursion -Wcomma -Wblock-capture-autoreleasing -Wstrict-prototypes -Wno-semicolon-before-method-body -fobjc-abi-version\=2 -fobjc-legacy-dispatch -index-store-path /Users/srinidhi/Library/Developer/Xcode/DerivedData/MyApp-glngprrxiuzgwgasskfjbnjwcvbk/Index.noindex/DataStore -iquote /Users/srinidhi/Library/Developer/Xcode/DerivedData/MyApp-glngprrxiuzgwgasskfjbnjwcvbk/Build/Intermediates.noindex/MyApp.build/Debug-iphonesimulator/MyApp.build/MyApp-generated-files.hmap -I/Users/srinidhi/Library/Developer/Xcode/DerivedData/MyApp-glngprrxiuzgwgasskfjbnjwcvbk/Build/Intermediates.noindex/MyApp.build/Debug-iphonesimulator/MyApp.build/MyApp-own-target-headers.hmap -I/Users/srinidhi/Library/Developer/Xcode/DerivedData/MyApp-glngprrxiuzgwgasskfjbnjwcvbk/Build/Intermediates.noindex/MyApp.build/Debug-iphonesimulator/MyApp.build/MyApp-all-target-headers.hmap -iquote /Users/srinidhi/Library/Developer/Xcode/DerivedData/MyApp-glngprrxiuzgwgasskfjbnjwcvbk/Build/Intermediates.noindex/MyApp.build/Debug-iphonesimulator/MyApp.build/MyApp-project-headers.hmap -I/Users/srinidhi/Desktop/Workspace/Ionic-Sample/Sample-Project/platforms/ios/build/emulator/include -I/Users/srinidhi/Desktop/Workspace/Ionic-Sample/Sample-Project/platforms/ios/build/emulator/usr/local/lib/include -I/Users/srinidhi/Library/Developer/Xcode/DerivedData/MyApp-glngprrxiuzgwgasskfjbnjwcvbk/Build/Intermediates.noindex/UninstalledProducts/include -I/Users/srinidhi/Library/Developer/Xcode/DerivedData/MyApp-glngprrxiuzgwgasskfjbnjwcvbk/Build/Intermediates.noindex/UninstalledProducts/iphonesimulator/include -I/Users/srinidhi/Desktop/Workspace/Ionic-Sample/Sample-Project/platforms/ios/build/emulator -I/Users/srinidhi/Desktop/Workspace/Ionic-Sample/Sample-Project/platforms/ios/Pods/Headers/Public -I/Users/srinidhi/Desktop/Workspace/Ionic-Sample/Sample-Project/platforms/ios/Pods/Headers/Public/UnviredSDK -I/Users/srinidhi/Desktop/Workspace/Ionic-Sample/Sample-Project/platforms/ios/Pods/Headers/UnviredSDK -I/Users/srinidhi/Library/Developer/Xcode/DerivedData/MyApp-glngprrxiuzgwgasskfjbnjwcvbk/Build/Intermediates.noindex/MyApp.build/Debug-iphonesimulator/MyApp.build/DerivedSources-normal/x86_64 -I/Users/srinidhi/Library/Developer/Xcode/DerivedData/MyApp-glngprrxiuzgwgasskfjbnjwcvbk/Build/Intermediates.noindex/MyApp.build/Debug-iphonesimulator/MyApp.build/DerivedSources/x86_64 -I/Users/srinidhi/Library/Developer/Xcode/DerivedData/MyApp-glngprrxiuzgwgasskfjbnjwcvbk/Build/Intermediates.noindex/MyApp.build/Debug-iphonesimulator/MyApp.build/DerivedSources -F/Users/srinidhi/Desktop/Workspace/Ionic-Sample/Sample-Project/platforms/ios/build/emulator -include /Users/srinidhi/Desktop/Workspace/Ionic-Sample/Sample-Project/platforms/ios/build/sharedpch/SharedPrecompiledHeaders/883974999942226412/MyApp-Prefix.pch -MMD -MT dependencies -MF /Users/srinidhi/Library/Developer/Xcode/DerivedData/MyApp-glngprrxiuzgwgasskfjbnjwcvbk/Build/Intermediates.noindex/MyApp.build/Debug-iphonesimulator/MyApp.build/Objects-normal/x86_64/PluginHelper.d --serialize-diagnostics /Users/srinidhi/Library/Developer/Xcode/DerivedData/MyApp-glngprrxiuzgwgasskfjbnjwcvbk/Build/Intermediates.noindex/MyApp.build/Debug-iphonesimulator/MyApp.build/Objects-normal/x86_64/PluginHelper.dia -c /Users/srinidhi/Desktop/Workspace/Ionic-Sample/Sample-Project/platforms/ios/MyApp/Plugins/cordova-plugin-unvired-sdk/PluginHelper.m -o /Users/srinidhi/Library/Developer/Xcode/DerivedData/MyApp-glngprrxiuzgwgasskfjbnjwcvbk/Build/Intermediates.noindex/MyApp.build/Debug-iphonesimulator/MyApp.build/Objects-normal/x86_64/PluginHelper.o -index-unit-output-path /MyApp.build/Debug-iphonesimulator/MyApp.build/Objects-normal/x86_64/PluginHelper.o
In file included from /Users/srinidhi/Desktop/Workspace/Ionic-Sample/Sample-Project/platforms/ios/MyApp/Plugins/cordova-plugin-unvired-sdk/PluginHelper.m:10:
In file included from /Users/srinidhi/Desktop/Workspace/Ionic-Sample/Sample-Project/platforms/ios/MyApp/Plugins/cordova-plugin-unvired-sdk/PluginConstants.h:10:
In file included from /Users/srinidhi/Desktop/Workspace/Ionic-Sample/Sample-Project/platforms/ios/Pods/Headers/Public/UnviredSDK/SystemCredential.h:11:
In file included from /Users/srinidhi/Desktop/Workspace/Ionic-Sample/Sample-Project/platforms/ios/Pods/Headers/Public/UnviredSDK/DataStructure.h:10:
/Users/srinidhi/Desktop/Workspace/Ionic-Sample/Sample-Project/platforms/ios/Pods/Headers/Public/UnviredSDK/IDataStructure.h:29:17: warning: pointer is missing a nullability type specifier (_Nonnull, _Nullable, or _Null_unspecified) [-Wnullability-completeness]
static NSString *const FIELD_LID = @"LID";
                ^
/Users/srinidhi/Desktop/Workspace/Ionic-Sample/Sample-Project/platforms/ios/Pods/Headers/Public/UnviredSDK/IDataStructure.h:29:17: note: insert '_Nullable' if the pointer may be null
static NSString *const FIELD_LID = @"LID";
                ^
                  _Nullable 
/Users/srinidhi/Desktop/Workspace/Ionic-Sample/Sample-Project/platforms/ios/Pods/Headers/Public/UnviredSDK/IDataStructure.h:29:17: note: insert '_Nonnull' if the pointer should never be null
static NSString *const FIELD_LID = @"LID";
                ^
                  _Nonnull 
/Users/srinidhi/Desktop/Workspace/Ionic-Sample/Sample-Project/platforms/ios/Pods/Headers/Public/UnviredSDK/IDataStructure.h:116:26: warning: pointer is missing a nullability type specifier (_Nonnull, _Nullable, or _Null_unspecified) [-Wnullability-completeness]
- (void)setFid:(NSString *)fid;
                         ^
/Users/srinidhi/Desktop/Workspace/Ionic-Sample/Sample-Project/platforms/ios/Pods/Headers/Public/UnviredSDK/IDataStructure.h:116:26: note: insert '_Nullable' if the pointer may be null
- (void)setFid:(NSString *)fid;
                         ^
                          _Nullable
/Users/srinidhi/Desktop/Workspace/Ionic-Sample/Sample-Project/platforms/ios/Pods/Headers/Public/UnviredSDK/IDataStructure.h:116:26: note: insert '_Nonnull' if the pointer should never be null
- (void)setFid:(NSString *)fid;
                         ^
                          _Nonnull
/Users/srinidhi/Desktop/Workspace/Ionic-Sample/Sample-Project/platforms/ios/Pods/Headers/Public/UnviredSDK/IDataStructure.h:126:43: warning: pointer is missing a nullability type specifier (_Nonnull, _Nullable, or _Null_unspecified) [-Wnullability-completeness]
- (BOOL)setFieldBasedOnDataType:(NSString *)fieldName value:(id)value;
                                          ^
/Users/srinidhi/Desktop/Workspace/Ionic-Sample/Sample-Project/platforms/ios/Pods/Headers/Public/UnviredSDK/IDataStructure.h:126:43: note: insert '_Nullable' if the pointer may be null
- (BOOL)setFieldBasedOnDataType:(NSString *)fieldName value:(id)value;
                                          ^
                                           _Nullable
/Users/srinidhi/Desktop/Workspace/Ionic-Sample/Sample-Project/platforms/ios/Pods/Headers/Public/UnviredSDK/IDataStructure.h:126:43: note: insert '_Nonnull' if the pointer should never be null
- (BOOL)setFieldBasedOnDataType:(NSString *)fieldName value:(id)value;
                                          ^
                                           _Nonnull
/Users/srinidhi/Desktop/Workspace/Ionic-Sample/Sample-Project/platforms/ios/Pods/Headers/Public/UnviredSDK/IDataStructure.h:126:62: warning: pointer is missing a nullability type specifier (_Nonnull, _Nullable, or _Null_unspecified) [-Wnullability-completeness]
- (BOOL)setFieldBasedOnDataType:(NSString *)fieldName value:(id)value;
                                                             ^
/Users/srinidhi/Desktop/Workspace/Ionic-Sample/Sample-Project/platforms/ios/Pods/Headers/Public/UnviredSDK/IDataStructure.h:126:62: note: insert '_Nullable' if the pointer may be null
- (BOOL)setFieldBasedOnDataType:(NSString *)fieldName value:(id)value;
                                                             ^
                                                                _Nullable 
/Users/srinidhi/Desktop/Workspace/Ionic-Sample/Sample-Project/platforms/ios/Pods/Headers/Public/UnviredSDK/IDataStructure.h:126:62: note: insert '_Nonnull' if the pointer should never be null
- (BOOL)setFieldBasedOnDataType:(NSString *)fieldName value:(id)value;
                                                             ^
                                                                _Nonnull 
/Users/srinidhi/Desktop/Workspace/Ionic-Sample/Sample-Project/platforms/ios/Pods/Headers/Public/UnviredSDK/IDataStructure.h:127:28: warning: pointer is missing a nullability type specifier (_Nonnull, _Nullable, or _Null_unspecified) [-Wnullability-completeness]
- (BOOL)setField:(NSString *)fieldName value:(id)value;
                           ^
/Users/srinidhi/Desktop/Workspace/Ionic-Sample/Sample-Project/platforms/ios/Pods/Headers/Public/UnviredSDK/IDataStructure.h:127:28: note: insert '_Nullable' if the pointer may be null
- (BOOL)setField:(NSString *)fieldName value:(id)value;
                           ^
                            _Nullable
/Users/srinidhi/Desktop/Workspace/Ionic-Sample/Sample-Project/platforms/ios/Pods/Headers/Public/UnviredSDK/IDataStructure.h:127:28: note: insert '_Nonnull' if the pointer should never be null
- (BOOL)setField:(NSString *)fieldName value:(id)value;
                           ^
                            _Nonnull
/Users/srinidhi/Desktop/Workspace/Ionic-Sample/Sample-Project/platforms/ios/Pods/Headers/Public/UnviredSDK/IDataStructure.h:127:47: warning: pointer is missing a nullability type specifier (_Nonnull, _Nullable, or _Null_unspecified) [-Wnullability-completeness]
- (BOOL)setField:(NSString *)fieldName value:(id)value;
                                              ^
/Users/srinidhi/Desktop/Workspace/Ionic-Sample/Sample-Project/platforms/ios/Pods/Headers/Public/UnviredSDK/IDataStructure.h:127:47: note: insert '_Nullable' if the pointer may be null
- (BOOL)setField:(NSString *)fieldName value:(id)value;
                                              ^
                                                 _Nullable 
/Users/srinidhi/Desktop/Workspace/Ionic-Sample/Sample-Project/platforms/ios/Pods/Headers/Public/UnviredSDK/IDataStructure.h:127:47: note: insert '_Nonnull' if the pointer should never be null
- (BOOL)setField:(NSString *)fieldName value:(id)value;
                                              ^
                                                 _Nonnull 
/Users/srinidhi/Desktop/Workspace/Ionic-Sample/Sample-Project/platforms/ios/Pods/Headers/Public/UnviredSDK/IDataStructure.h:135:4: warning: pointer is missing a nullability type specifier (_Nonnull, _Nullable, or _Null_unspecified) [-Wnullability-completeness]
- (id)getField:(NSString *)fieldName;
   ^
/Users/srinidhi/Desktop/Workspace/Ionic-Sample/Sample-Project/platforms/ios/Pods/Headers/Public/UnviredSDK/IDataStructure.h:135:4: note: insert '_Nullable' if the pointer may be null
- (id)getField:(NSString *)fieldName;
   ^
      _Nullable 
/Users/srinidhi/Desktop/Workspace/Ionic-Sample/Sample-Project/platforms/ios/Pods/Headers/Public/UnviredSDK/IDataStructure.h:135:4: note: insert '_Nonnull' if the pointer should never be null
- (id)getField:(NSString *)fieldName;
   ^
      _Nonnull 
/Users/srinidhi/Desktop/Workspace/Ionic-Sample/Sample-Project/platforms/ios/Pods/Headers/Public/UnviredSDK/IDataStructure.h:135:26: warning: pointer is missing a nullability type specifier (_Nonnull, _Nullable, or _Null_unspecified) [-Wnullability-completeness]
- (id)getField:(NSString *)fieldName;
                         ^
/Users/srinidhi/Desktop/Workspace/Ionic-Sample/Sample-Project/platforms/ios/Pods/Headers/Public/UnviredSDK/IDataStructure.h:135:26: note: insert '_Nullable' if the pointer may be null
- (id)getField:(NSString *)fieldName;
                         ^
                          _Nullable
/Users/srinidhi/Desktop/Workspace/Ionic-Sample/Sample-Project/platforms/ios/Pods/Headers/Public/UnviredSDK/IDataStructure.h:135:26: note: insert '_Nonnull' if the pointer should never be null
- (id)getField:(NSString *)fieldName;
                         ^
                          _Nonnull
/Users/srinidhi/Desktop/Workspace/Ionic-Sample/Sample-Project/platforms/ios/Pods/Headers/Public/UnviredSDK/IDataStructure.h:147:17: warning: pointer is missing a nullability type specifier (_Nonnull, _Nullable, or _Null_unspecified) [-Wnullability-completeness]
- (NSEnumerator *)getFieldNames;
                ^
/Users/srinidhi/Desktop/Workspace/Ionic-Sample/Sample-Project/platforms/ios/Pods/Headers/Public/UnviredSDK/IDataStructure.h:147:17: note: insert '_Nullable' if the pointer may be null
- (NSEnumerator *)getFieldNames;
                ^
                 _Nullable
/Users/srinidhi/Desktop/Workspace/Ionic-Sample/Sample-Project/platforms/ios/Pods/Headers/Public/UnviredSDK/IDataStructure.h:147:17: note: insert '_Nonnull' if the pointer should never be null
- (NSEnumerator *)getFieldNames;
                ^
                 _Nonnull
/Users/srinidhi/Desktop/Workspace/Ionic-Sample/Sample-Project/platforms/ios/Pods/Headers/Public/UnviredSDK/IDataStructure.h:153:12: warning: pointer is missing a nullability type specifier (_Nonnull, _Nullable, or _Null_unspecified) [-Wnullability-completeness]
- (NSArray *)getGidFieldNames;
           ^
/Users/srinidhi/Desktop/Workspace/Ionic-Sample/Sample-Project/platforms/ios/Pods/Headers/Public/UnviredSDK/IDataStructure.h:153:12: note: insert '_Nullable' if the pointer may be null
- (NSArray *)getGidFieldNames;
           ^
            _Nullable
/Users/srinidhi/Desktop/Workspace/Ionic-Sample/Sample-Project/platforms/ios/Pods/Headers/Public/UnviredSDK/IDataStructure.h:153:12: note: insert '_Nonnull' if the pointer should never be null
- (NSArray *)getGidFieldNames;
           ^
            _Nonnull
/Users/srinidhi/Desktop/Workspace/Ionic-Sample/Sample-Project/platforms/ios/Pods/Headers/Public/UnviredSDK/IDataStructure.h:159:12: warning: pointer is missing a nullability type specifier (_Nonnull, _Nullable, or _Null_unspecified) [-Wnullability-completeness]
- (NSArray *)getGids;
           ^
/Users/srinidhi/Desktop/Workspace/Ionic-Sample/Sample-Project/platforms/ios/Pods/Headers/Public/UnviredSDK/IDataStructure.h:159:12: note: insert '_Nullable' if the pointer may be null
- (NSArray *)getGids;
           ^
            _Nullable
/Users/srinidhi/Desktop/Workspace/Ionic-Sample/Sample-Project/platforms/ios/Pods/Headers/Public/UnviredSDK/IDataStructure.h:159:12: note: insert '_Nonnull' if the pointer should never be null
- (NSArray *)getGids;
           ^
            _Nonnull
/Users/srinidhi/Desktop/Workspace/Ionic-Sample/Sample-Project/platforms/ios/Pods/Headers/Public/UnviredSDK/IDataStructure.h:165:12: warning: pointer is missing a nullability type specifier (_Nonnull, _Nullable, or _Null_unspecified) [-Wnullability-completeness]
- (NSArray *)getChildrenTableNames;
           ^
/Users/srinidhi/Desktop/Workspace/Ionic-Sample/Sample-Project/platforms/ios/Pods/Headers/Public/UnviredSDK/IDataStructure.h:165:12: note: insert '_Nullable' if the pointer may be null
- (NSArray *)getChildrenTableNames;
           ^
            _Nullable
/Users/srinidhi/Desktop/Workspace/Ionic-Sample/Sample-Project/platforms/ios/Pods/Headers/Public/UnviredSDK/IDataStructure.h:165:12: note: insert '_Nonnull' if the pointer should never be null
- (NSArray *)getChildrenTableNames;
           ^
            _Nonnull
/Users/srinidhi/Desktop/Workspace/Ionic-Sample/Sample-Project/platforms/ios/Pods/Headers/Public/UnviredSDK/IDataStructure.h:170:34: warning: pointer is missing a nullability type specifier (_Nonnull, _Nullable, or _Null_unspecified) [-Wnullability-completeness]
- (BOOL)isFieldPresent:(NSString *)field;
                                 ^
/Users/srinidhi/Desktop/Workspace/Ionic-Sample/Sample-Project/platforms/ios/Pods/Headers/Public/UnviredSDK/IDataStructure.h:170:34: note: insert '_Nullable' if the pointer may be null
- (BOOL)isFieldPresent:(NSString *)field;
                                 ^
                                  _Nullable
/Users/srinidhi/Desktop/Workspace/Ionic-Sample/Sample-Project/platforms/ios/Pods/Headers/Public/UnviredSDK/IDataStructure.h:170:34: note: insert '_Nonnull' if the pointer should never be null
- (BOOL)isFieldPresent:(NSString *)field;
                                 ^
                                  _Nonnull
/Users/srinidhi/Desktop/Workspace/Ionic-Sample/Sample-Project/platforms/ios/Pods/Headers/Public/UnviredSDK/IDataStructure.h:175:23: warning: pointer is missing a nullability type specifier (_Nonnull, _Nullable, or _Null_unspecified) [-Wnullability-completeness]
- (BOOL)areGIDsEqual:(id<IDataStructure>)anotherStructure;
                      ^
/Users/srinidhi/Desktop/Workspace/Ionic-Sample/Sample-Project/platforms/ios/Pods/Headers/Public/UnviredSDK/IDataStructure.h:175:40: note: insert '_Nullable' if the pointer may be null
- (BOOL)areGIDsEqual:(id<IDataStructure>)anotherStructure;
                                       ^
                                        _Nullable
/Users/srinidhi/Desktop/Workspace/Ionic-Sample/Sample-Project/platforms/ios/Pods/Headers/Public/UnviredSDK/IDataStructure.h:175:40: note: insert '_Nonnull' if the pointer should never be null
- (BOOL)areGIDsEqual:(id<IDataStructure>)anotherStructure;
                                       ^
                                        _Nonnull
14 warnings generated.

CompileC /Users/srinidhi/Library/Developer/Xcode/DerivedData/MyApp-glngprrxiuzgwgasskfjbnjwcvbk/Build/Intermediates.noindex/MyApp.build/Debug-iphonesimulator/MyApp.build/Objects-normal/x86_64/MainViewController.o /Users/srinidhi/Desktop/Workspace/Ionic-Sample/Sample-Project/platforms/ios/MyApp/Classes/MainViewController.m normal x86_64 objective-c com.apple.compilers.llvm.clang.1_0.compiler (in target 'MyApp' from project 'MyApp')
    cd /Users/srinidhi/Desktop/Workspace/Ionic-Sample/Sample-Project/platforms/ios
    /Applications/Xcode.app/Contents/Developer/Toolchains/XcodeDefault.xctoolchain/usr/bin/clang -x objective-c -target x86_64-apple-ios11.0-simulator -fmessage-length\=0 -fdiagnostics-show-note-include-stack -fmacro-backtrace-limit\=0 -std\=c99 -fobjc-arc -fmodules -gmodules -fmodules-cache-path\=/Users/srinidhi/Library/Developer/Xcode/DerivedData/ModuleCache.noindex -fmodules-prune-interval\=86400 -fmodules-prune-after\=345600 -fbuild-session-file\=/Users/srinidhi/Library/Developer/Xcode/DerivedData/ModuleCache.noindex/Session.modulevalidation -fmodules-validate-once-per-build-session -Wno-trigraphs -fpascal-strings -O0 -fno-common -Wno-missing-field-initializers -Wno-missing-prototypes -Wunreachable-code -Wno-implicit-atomic-properties -Wno-objc-interface-ivars -Wno-arc-repeated-use-of-weak -Wimplicit-retain-self -Wduplicate-method-match -Wno-missing-braces -Wparentheses -Wswitch -Wunused-function -Wno-unused-label -Wno-unused-parameter -Wunused-variable -Wunused-value -Wempty-body -Wuninitialized -Wno-unknown-pragmas -Wno-shadow -Wno-four-char-constants -Wno-conversion -Wconstant-conversion -Wint-conversion -Wbool-conversion -Wenum-conversion -Wno-float-conversion -Wnon-literal-null-conversion -Wobjc-literal-conversion -Wshorten-64-to-32 -Wpointer-sign -Wno-newline-eof -Wno-selector -Wno-strict-selector-match -Wundeclared-selector -Wdeprecated-implementations -Wno-implicit-fallthrough -DWK_WEB_VIEW_ONLY\=1 -DWK_WEB_VIEW_ONLY\=1 -DDEBUG\=1 -DCOCOAPODS\=1 -DOBJC_OLD_DISPATCH_PROTOTYPES\=0 -isysroot /Applications/Xcode.app/Contents/Developer/Platforms/iPhoneSimulator.platform/Developer/SDKs/iPhoneSimulator16.2.sdk -fasm-blocks -fstrict-aliasing -Wprotocol -Wdeprecated-declarations -g -Wno-sign-conversion -Winfinite-recursion -Wcomma -Wblock-capture-autoreleasing -Wstrict-prototypes -Wno-semicolon-before-method-body -fobjc-abi-version\=2 -fobjc-legacy-dispatch -index-store-path /Users/srinidhi/Library/Developer/Xcode/DerivedData/MyApp-glngprrxiuzgwgasskfjbnjwcvbk/Index.noindex/DataStore -iquote /Users/srinidhi/Library/Developer/Xcode/DerivedData/MyApp-glngprrxiuzgwgasskfjbnjwcvbk/Build/Intermediates.noindex/MyApp.build/Debug-iphonesimulator/MyApp.build/MyApp-generated-files.hmap -I/Users/srinidhi/Library/Developer/Xcode/DerivedData/MyApp-glngprrxiuzgwgasskfjbnjwcvbk/Build/Intermediates.noindex/MyApp.build/Debug-iphonesimulator/MyApp.build/MyApp-own-target-headers.hmap -I/Users/srinidhi/Library/Developer/Xcode/DerivedData/MyApp-glngprrxiuzgwgasskfjbnjwcvbk/Build/Intermediates.noindex/MyApp.build/Debug-iphonesimulator/MyApp.build/MyApp-all-target-headers.hmap -iquote /Users/srinidhi/Library/Developer/Xcode/DerivedData/MyApp-glngprrxiuzgwgasskfjbnjwcvbk/Build/Intermediates.noindex/MyApp.build/Debug-iphonesimulator/MyApp.build/MyApp-project-headers.hmap -I/Users/srinidhi/Desktop/Workspace/Ionic-Sample/Sample-Project/platforms/ios/build/emulator/include -I/Users/srinidhi/Desktop/Workspace/Ionic-Sample/Sample-Project/platforms/ios/build/emulator/usr/local/lib/include -I/Users/srinidhi/Library/Developer/Xcode/DerivedData/MyApp-glngprrxiuzgwgasskfjbnjwcvbk/Build/Intermediates.noindex/UninstalledProducts/include -I/Users/srinidhi/Library/Developer/Xcode/DerivedData/MyApp-glngprrxiuzgwgasskfjbnjwcvbk/Build/Intermediates.noindex/UninstalledProducts/iphonesimulator/include -I/Users/srinidhi/Desktop/Workspace/Ionic-Sample/Sample-Project/platforms/ios/build/emulator -I/Users/srinidhi/Desktop/Workspace/Ionic-Sample/Sample-Project/platforms/ios/Pods/Headers/Public -I/Users/srinidhi/Desktop/Workspace/Ionic-Sample/Sample-Project/platforms/ios/Pods/Headers/Public/UnviredSDK -I/Users/srinidhi/Desktop/Workspace/Ionic-Sample/Sample-Project/platforms/ios/Pods/Headers/UnviredSDK -I/Users/srinidhi/Library/Developer/Xcode/DerivedData/MyApp-glngprrxiuzgwgasskfjbnjwcvbk/Build/Intermediates.noindex/MyApp.build/Debug-iphonesimulator/MyApp.build/DerivedSources-normal/x86_64 -I/Users/srinidhi/Library/Developer/Xcode/DerivedData/MyApp-glngprrxiuzgwgasskfjbnjwcvbk/Build/Intermediates.noindex/MyApp.build/Debug-iphonesimulator/MyApp.build/DerivedSources/x86_64 -I/Users/srinidhi/Library/Developer/Xcode/DerivedData/MyApp-glngprrxiuzgwgasskfjbnjwcvbk/Build/Intermediates.noindex/MyApp.build/Debug-iphonesimulator/MyApp.build/DerivedSources -F/Users/srinidhi/Desktop/Workspace/Ionic-Sample/Sample-Project/platforms/ios/build/emulator -include /Users/srinidhi/Desktop/Workspace/Ionic-Sample/Sample-Project/platforms/ios/build/sharedpch/SharedPrecompiledHeaders/883974999942226412/MyApp-Prefix.pch -MMD -MT dependencies -MF /Users/srinidhi/Library/Developer/Xcode/DerivedData/MyApp-glngprrxiuzgwgasskfjbnjwcvbk/Build/Intermediates.noindex/MyApp.build/Debug-iphonesimulator/MyApp.build/Objects-normal/x86_64/MainViewController.d --serialize-diagnostics /Users/srinidhi/Library/Developer/Xcode/DerivedData/MyApp-glngprrxiuzgwgasskfjbnjwcvbk/Build/Intermediates.noindex/MyApp.build/Debug-iphonesimulator/MyApp.build/Objects-normal/x86_64/MainViewController.dia -c /Users/srinidhi/Desktop/Workspace/Ionic-Sample/Sample-Project/platforms/ios/MyApp/Classes/MainViewController.m -o /Users/srinidhi/Library/Developer/Xcode/DerivedData/MyApp-glngprrxiuzgwgasskfjbnjwcvbk/Build/Intermediates.noindex/MyApp.build/Debug-iphonesimulator/MyApp.build/Objects-normal/x86_64/MainViewController.o -index-unit-output-path /MyApp.build/Debug-iphonesimulator/MyApp.build/Objects-normal/x86_64/MainViewController.o

CompileC /Users/srinidhi/Library/Developer/Xcode/DerivedData/MyApp-glngprrxiuzgwgasskfjbnjwcvbk/Build/Intermediates.noindex/MyApp.build/Debug-iphonesimulator/MyApp.build/Objects-normal/x86_64/IOSSyncEnginePlugin.o /Users/srinidhi/Desktop/Workspace/Ionic-Sample/Sample-Project/platforms/ios/MyApp/Plugins/cordova-plugin-unvired-sdk/IOSSyncEnginePlugin.m normal x86_64 objective-c com.apple.compilers.llvm.clang.1_0.compiler (in target 'MyApp' from project 'MyApp')
    cd /Users/srinidhi/Desktop/Workspace/Ionic-Sample/Sample-Project/platforms/ios
    /Applications/Xcode.app/Contents/Developer/Toolchains/XcodeDefault.xctoolchain/usr/bin/clang -x objective-c -target x86_64-apple-ios11.0-simulator -fmessage-length\=0 -fdiagnostics-show-note-include-stack -fmacro-backtrace-limit\=0 -std\=c99 -fobjc-arc -fmodules -gmodules -fmodules-cache-path\=/Users/srinidhi/Library/Developer/Xcode/DerivedData/ModuleCache.noindex -fmodules-prune-interval\=86400 -fmodules-prune-after\=345600 -fbuild-session-file\=/Users/srinidhi/Library/Developer/Xcode/DerivedData/ModuleCache.noindex/Session.modulevalidation -fmodules-validate-once-per-build-session -Wno-trigraphs -fpascal-strings -O0 -fno-common -Wno-missing-field-initializers -Wno-missing-prototypes -Wunreachable-code -Wno-implicit-atomic-properties -Wno-objc-interface-ivars -Wno-arc-repeated-use-of-weak -Wimplicit-retain-self -Wduplicate-method-match -Wno-missing-braces -Wparentheses -Wswitch -Wunused-function -Wno-unused-label -Wno-unused-parameter -Wunused-variable -Wunused-value -Wempty-body -Wuninitialized -Wno-unknown-pragmas -Wno-shadow -Wno-four-char-constants -Wno-conversion -Wconstant-conversion -Wint-conversion -Wbool-conversion -Wenum-conversion -Wno-float-conversion -Wnon-literal-null-conversion -Wobjc-literal-conversion -Wshorten-64-to-32 -Wpointer-sign -Wno-newline-eof -Wno-selector -Wno-strict-selector-match -Wundeclared-selector -Wdeprecated-implementations -Wno-implicit-fallthrough -DWK_WEB_VIEW_ONLY\=1 -DWK_WEB_VIEW_ONLY\=1 -DDEBUG\=1 -DCOCOAPODS\=1 -DOBJC_OLD_DISPATCH_PROTOTYPES\=0 -isysroot /Applications/Xcode.app/Contents/Developer/Platforms/iPhoneSimulator.platform/Developer/SDKs/iPhoneSimulator16.2.sdk -fasm-blocks -fstrict-aliasing -Wprotocol -Wdeprecated-declarations -g -Wno-sign-conversion -Winfinite-recursion -Wcomma -Wblock-capture-autoreleasing -Wstrict-prototypes -Wno-semicolon-before-method-body -fobjc-abi-version\=2 -fobjc-legacy-dispatch -index-store-path /Users/srinidhi/Library/Developer/Xcode/DerivedData/MyApp-glngprrxiuzgwgasskfjbnjwcvbk/Index.noindex/DataStore -iquote /Users/srinidhi/Library/Developer/Xcode/DerivedData/MyApp-glngprrxiuzgwgasskfjbnjwcvbk/Build/Intermediates.noindex/MyApp.build/Debug-iphonesimulator/MyApp.build/MyApp-generated-files.hmap -I/Users/srinidhi/Library/Developer/Xcode/DerivedData/MyApp-glngprrxiuzgwgasskfjbnjwcvbk/Build/Intermediates.noindex/MyApp.build/Debug-iphonesimulator/MyApp.build/MyApp-own-target-headers.hmap -I/Users/srinidhi/Library/Developer/Xcode/DerivedData/MyApp-glngprrxiuzgwgasskfjbnjwcvbk/Build/Intermediates.noindex/MyApp.build/Debug-iphonesimulator/MyApp.build/MyApp-all-target-headers.hmap -iquote /Users/srinidhi/Library/Developer/Xcode/DerivedData/MyApp-glngprrxiuzgwgasskfjbnjwcvbk/Build/Intermediates.noindex/MyApp.build/Debug-iphonesimulator/MyApp.build/MyApp-project-headers.hmap -I/Users/srinidhi/Desktop/Workspace/Ionic-Sample/Sample-Project/platforms/ios/build/emulator/include -I/Users/srinidhi/Desktop/Workspace/Ionic-Sample/Sample-Project/platforms/ios/build/emulator/usr/local/lib/include -I/Users/srinidhi/Library/Developer/Xcode/DerivedData/MyApp-glngprrxiuzgwgasskfjbnjwcvbk/Build/Intermediates.noindex/UninstalledProducts/include -I/Users/srinidhi/Library/Developer/Xcode/DerivedData/MyApp-glngprrxiuzgwgasskfjbnjwcvbk/Build/Intermediates.noindex/UninstalledProducts/iphonesimulator/include -I/Users/srinidhi/Desktop/Workspace/Ionic-Sample/Sample-Project/platforms/ios/build/emulator -I/Users/srinidhi/Desktop/Workspace/Ionic-Sample/Sample-Project/platforms/ios/Pods/Headers/Public -I/Users/srinidhi/Desktop/Workspace/Ionic-Sample/Sample-Project/platforms/ios/Pods/Headers/Public/UnviredSDK -I/Users/srinidhi/Desktop/Workspace/Ionic-Sample/Sample-Project/platforms/ios/Pods/Headers/UnviredSDK -I/Users/srinidhi/Library/Developer/Xcode/DerivedData/MyApp-glngprrxiuzgwgasskfjbnjwcvbk/Build/Intermediates.noindex/MyApp.build/Debug-iphonesimulator/MyApp.build/DerivedSources-normal/x86_64 -I/Users/srinidhi/Library/Developer/Xcode/DerivedData/MyApp-glngprrxiuzgwgasskfjbnjwcvbk/Build/Intermediates.noindex/MyApp.build/Debug-iphonesimulator/MyApp.build/DerivedSources/x86_64 -I/Users/srinidhi/Library/Developer/Xcode/DerivedData/MyApp-glngprrxiuzgwgasskfjbnjwcvbk/Build/Intermediates.noindex/MyApp.build/Debug-iphonesimulator/MyApp.build/DerivedSources -F/Users/srinidhi/Desktop/Workspace/Ionic-Sample/Sample-Project/platforms/ios/build/emulator -include /Users/srinidhi/Desktop/Workspace/Ionic-Sample/Sample-Project/platforms/ios/build/sharedpch/SharedPrecompiledHeaders/883974999942226412/MyApp-Prefix.pch -MMD -MT dependencies -MF /Users/srinidhi/Library/Developer/Xcode/DerivedData/MyApp-glngprrxiuzgwgasskfjbnjwcvbk/Build/Intermediates.noindex/MyApp.build/Debug-iphonesimulator/MyApp.build/Objects-normal/x86_64/IOSSyncEnginePlugin.d --serialize-diagnostics /Users/srinidhi/Library/Developer/Xcode/DerivedData/MyApp-glngprrxiuzgwgasskfjbnjwcvbk/Build/Intermediates.noindex/MyApp.build/Debug-iphonesimulator/MyApp.build/Objects-normal/x86_64/IOSSyncEnginePlugin.dia -c /Users/srinidhi/Desktop/Workspace/Ionic-Sample/Sample-Project/platforms/ios/MyApp/Plugins/cordova-plugin-unvired-sdk/IOSSyncEnginePlugin.m -o /Users/srinidhi/Library/Developer/Xcode/DerivedData/MyApp-glngprrxiuzgwgasskfjbnjwcvbk/Build/Intermediates.noindex/MyApp.build/Debug-iphonesimulator/MyApp.build/Objects-normal/x86_64/IOSSyncEnginePlugin.o -index-unit-output-path /MyApp.build/Debug-iphonesimulator/MyApp.build/Objects-normal/x86_64/IOSSyncEnginePlugin.o
In file included from /Users/srinidhi/Desktop/Workspace/Ionic-Sample/Sample-Project/platforms/ios/MyApp/Plugins/cordova-plugin-unvired-sdk/IOSSyncEnginePlugin.m:10:
In file included from /Users/srinidhi/Desktop/Workspace/Ionic-Sample/Sample-Project/platforms/ios/MyApp/Plugins/cordova-plugin-unvired-sdk/PluginConstants.h:10:
In file included from /Users/srinidhi/Desktop/Workspace/Ionic-Sample/Sample-Project/platforms/ios/Pods/Headers/Public/UnviredSDK/SystemCredential.h:11:
In file included from /Users/srinidhi/Desktop/Workspace/Ionic-Sample/Sample-Project/platforms/ios/Pods/Headers/Public/UnviredSDK/DataStructure.h:10:
/Users/srinidhi/Desktop/Workspace/Ionic-Sample/Sample-Project/platforms/ios/Pods/Headers/Public/UnviredSDK/IDataStructure.h:29:17: warning: pointer is missing a nullability type specifier (_Nonnull, _Nullable, or _Null_unspecified) [-Wnullability-completeness]
static NSString *const FIELD_LID = @"LID";
                ^
/Users/srinidhi/Desktop/Workspace/Ionic-Sample/Sample-Project/platforms/ios/Pods/Headers/Public/UnviredSDK/IDataStructure.h:29:17: note: insert '_Nullable' if the pointer may be null
static NSString *const FIELD_LID = @"LID";
                ^
                  _Nullable 
/Users/srinidhi/Desktop/Workspace/Ionic-Sample/Sample-Project/platforms/ios/Pods/Headers/Public/UnviredSDK/IDataStructure.h:29:17: note: insert '_Nonnull' if the pointer should never be null
static NSString *const FIELD_LID = @"LID";
                ^
                  _Nonnull 
/Users/srinidhi/Desktop/Workspace/Ionic-Sample/Sample-Project/platforms/ios/Pods/Headers/Public/UnviredSDK/IDataStructure.h:116:26: warning: pointer is missing a nullability type specifier (_Nonnull, _Nullable, or _Null_unspecified) [-Wnullability-completeness]
- (void)setFid:(NSString *)fid;
                         ^
/Users/srinidhi/Desktop/Workspace/Ionic-Sample/Sample-Project/platforms/ios/Pods/Headers/Public/UnviredSDK/IDataStructure.h:116:26: note: insert '_Nullable' if the pointer may be null
- (void)setFid:(NSString *)fid;
                         ^
                          _Nullable
/Users/srinidhi/Desktop/Workspace/Ionic-Sample/Sample-Project/platforms/ios/Pods/Headers/Public/UnviredSDK/IDataStructure.h:116:26: note: insert '_Nonnull' if the pointer should never be null
- (void)setFid:(NSString *)fid;
                         ^
                          _Nonnull
/Users/srinidhi/Desktop/Workspace/Ionic-Sample/Sample-Project/platforms/ios/Pods/Headers/Public/UnviredSDK/IDataStructure.h:126:43: warning: pointer is missing a nullability type specifier (_Nonnull, _Nullable, or _Null_unspecified) [-Wnullability-completeness]
- (BOOL)setFieldBasedOnDataType:(NSString *)fieldName value:(id)value;
                                          ^
/Users/srinidhi/Desktop/Workspace/Ionic-Sample/Sample-Project/platforms/ios/Pods/Headers/Public/UnviredSDK/IDataStructure.h:126:43: note: insert '_Nullable' if the pointer may be null
- (BOOL)setFieldBasedOnDataType:(NSString *)fieldName value:(id)value;
                                          ^
                                           _Nullable
/Users/srinidhi/Desktop/Workspace/Ionic-Sample/Sample-Project/platforms/ios/Pods/Headers/Public/UnviredSDK/IDataStructure.h:126:43: note: insert '_Nonnull' if the pointer should never be null
- (BOOL)setFieldBasedOnDataType:(NSString *)fieldName value:(id)value;
                                          ^
                                           _Nonnull
/Users/srinidhi/Desktop/Workspace/Ionic-Sample/Sample-Project/platforms/ios/Pods/Headers/Public/UnviredSDK/IDataStructure.h:126:62: warning: pointer is missing a nullability type specifier (_Nonnull, _Nullable, or _Null_unspecified) [-Wnullability-completeness]
- (BOOL)setFieldBasedOnDataType:(NSString *)fieldName value:(id)value;
                                                             ^
/Users/srinidhi/Desktop/Workspace/Ionic-Sample/Sample-Project/platforms/ios/Pods/Headers/Public/UnviredSDK/IDataStructure.h:126:62: note: insert '_Nullable' if the pointer may be null
- (BOOL)setFieldBasedOnDataType:(NSString *)fieldName value:(id)value;
                                                             ^
                                                                _Nullable 
/Users/srinidhi/Desktop/Workspace/Ionic-Sample/Sample-Project/platforms/ios/Pods/Headers/Public/UnviredSDK/IDataStructure.h:126:62: note: insert '_Nonnull' if the pointer should never be null
- (BOOL)setFieldBasedOnDataType:(NSString *)fieldName value:(id)value;
                                                             ^
                                                                _Nonnull 
/Users/srinidhi/Desktop/Workspace/Ionic-Sample/Sample-Project/platforms/ios/Pods/Headers/Public/UnviredSDK/IDataStructure.h:127:28: warning: pointer is missing a nullability type specifier (_Nonnull, _Nullable, or _Null_unspecified) [-Wnullability-completeness]
- (BOOL)setField:(NSString *)fieldName value:(id)value;
                           ^
/Users/srinidhi/Desktop/Workspace/Ionic-Sample/Sample-Project/platforms/ios/Pods/Headers/Public/UnviredSDK/IDataStructure.h:127:28: note: insert '_Nullable' if the pointer may be null
- (BOOL)setField:(NSString *)fieldName value:(id)value;
                           ^
                            _Nullable
/Users/srinidhi/Desktop/Workspace/Ionic-Sample/Sample-Project/platforms/ios/Pods/Headers/Public/UnviredSDK/IDataStructure.h:127:28: note: insert '_Nonnull' if the pointer should never be null
- (BOOL)setField:(NSString *)fieldName value:(id)value;
                           ^
                            _Nonnull
/Users/srinidhi/Desktop/Workspace/Ionic-Sample/Sample-Project/platforms/ios/Pods/Headers/Public/UnviredSDK/IDataStructure.h:127:47: warning: pointer is missing a nullability type specifier (_Nonnull, _Nullable, or _Null_unspecified) [-Wnullability-completeness]
- (BOOL)setField:(NSString *)fieldName value:(id)value;
                                              ^
/Users/srinidhi/Desktop/Workspace/Ionic-Sample/Sample-Project/platforms/ios/Pods/Headers/Public/UnviredSDK/IDataStructure.h:127:47: note: insert '_Nullable' if the pointer may be null
- (BOOL)setField:(NSString *)fieldName value:(id)value;
                                              ^
                                                 _Nullable 
/Users/srinidhi/Desktop/Workspace/Ionic-Sample/Sample-Project/platforms/ios/Pods/Headers/Public/UnviredSDK/IDataStructure.h:127:47: note: insert '_Nonnull' if the pointer should never be null
- (BOOL)setField:(NSString *)fieldName value:(id)value;
                                              ^
                                                 _Nonnull 
/Users/srinidhi/Desktop/Workspace/Ionic-Sample/Sample-Project/platforms/ios/Pods/Headers/Public/UnviredSDK/IDataStructure.h:135:4: warning: pointer is missing a nullability type specifier (_Nonnull, _Nullable, or _Null_unspecified) [-Wnullability-completeness]
- (id)getField:(NSString *)fieldName;
   ^
/Users/srinidhi/Desktop/Workspace/Ionic-Sample/Sample-Project/platforms/ios/Pods/Headers/Public/UnviredSDK/IDataStructure.h:135:4: note: insert '_Nullable' if the pointer may be null
- (id)getField:(NSString *)fieldName;
   ^
      _Nullable 
/Users/srinidhi/Desktop/Workspace/Ionic-Sample/Sample-Project/platforms/ios/Pods/Headers/Public/UnviredSDK/IDataStructure.h:135:4: note: insert '_Nonnull' if the pointer should never be null
- (id)getField:(NSString *)fieldName;
   ^
      _Nonnull 
/Users/srinidhi/Desktop/Workspace/Ionic-Sample/Sample-Project/platforms/ios/Pods/Headers/Public/UnviredSDK/IDataStructure.h:135:26: warning: pointer is missing a nullability type specifier (_Nonnull, _Nullable, or _Null_unspecified) [-Wnullability-completeness]
- (id)getField:(NSString *)fieldName;
                         ^
/Users/srinidhi/Desktop/Workspace/Ionic-Sample/Sample-Project/platforms/ios/Pods/Headers/Public/UnviredSDK/IDataStructure.h:135:26: note: insert '_Nullable' if the pointer may be null
- (id)getField:(NSString *)fieldName;
                         ^
                          _Nullable
/Users/srinidhi/Desktop/Workspace/Ionic-Sample/Sample-Project/platforms/ios/Pods/Headers/Public/UnviredSDK/IDataStructure.h:135:26: note: insert '_Nonnull' if the pointer should never be null
- (id)getField:(NSString *)fieldName;
                         ^
                          _Nonnull
/Users/srinidhi/Desktop/Workspace/Ionic-Sample/Sample-Project/platforms/ios/Pods/Headers/Public/UnviredSDK/IDataStructure.h:147:17: warning: pointer is missing a nullability type specifier (_Nonnull, _Nullable, or _Null_unspecified) [-Wnullability-completeness]
- (NSEnumerator *)getFieldNames;
                ^
/Users/srinidhi/Desktop/Workspace/Ionic-Sample/Sample-Project/platforms/ios/Pods/Headers/Public/UnviredSDK/IDataStructure.h:147:17: note: insert '_Nullable' if the pointer may be null
- (NSEnumerator *)getFieldNames;
                ^
                 _Nullable
/Users/srinidhi/Desktop/Workspace/Ionic-Sample/Sample-Project/platforms/ios/Pods/Headers/Public/UnviredSDK/IDataStructure.h:147:17: note: insert '_Nonnull' if the pointer should never be null
- (NSEnumerator *)getFieldNames;
                ^
                 _Nonnull
/Users/srinidhi/Desktop/Workspace/Ionic-Sample/Sample-Project/platforms/ios/Pods/Headers/Public/UnviredSDK/IDataStructure.h:153:12: warning: pointer is missing a nullability type specifier (_Nonnull, _Nullable, or _Null_unspecified) [-Wnullability-completeness]
- (NSArray *)getGidFieldNames;
           ^
/Users/srinidhi/Desktop/Workspace/Ionic-Sample/Sample-Project/platforms/ios/Pods/Headers/Public/UnviredSDK/IDataStructure.h:153:12: note: insert '_Nullable' if the pointer may be null
- (NSArray *)getGidFieldNames;
           ^
            _Nullable
/Users/srinidhi/Desktop/Workspace/Ionic-Sample/Sample-Project/platforms/ios/Pods/Headers/Public/UnviredSDK/IDataStructure.h:153:12: note: insert '_Nonnull' if the pointer should never be null
- (NSArray *)getGidFieldNames;
           ^
            _Nonnull
/Users/srinidhi/Desktop/Workspace/Ionic-Sample/Sample-Project/platforms/ios/Pods/Headers/Public/UnviredSDK/IDataStructure.h:159:12: warning: pointer is missing a nullability type specifier (_Nonnull, _Nullable, or _Null_unspecified) [-Wnullability-completeness]
- (NSArray *)getGids;
           ^
/Users/srinidhi/Desktop/Workspace/Ionic-Sample/Sample-Project/platforms/ios/Pods/Headers/Public/UnviredSDK/IDataStructure.h:159:12: note: insert '_Nullable' if the pointer may be null
- (NSArray *)getGids;
           ^
            _Nullable
/Users/srinidhi/Desktop/Workspace/Ionic-Sample/Sample-Project/platforms/ios/Pods/Headers/Public/UnviredSDK/IDataStructure.h:159:12: note: insert '_Nonnull' if the pointer should never be null
- (NSArray *)getGids;
           ^
            _Nonnull
/Users/srinidhi/Desktop/Workspace/Ionic-Sample/Sample-Project/platforms/ios/Pods/Headers/Public/UnviredSDK/IDataStructure.h:165:12: warning: pointer is missing a nullability type specifier (_Nonnull, _Nullable, or _Null_unspecified) [-Wnullability-completeness]
- (NSArray *)getChildrenTableNames;
           ^
/Users/srinidhi/Desktop/Workspace/Ionic-Sample/Sample-Project/platforms/ios/Pods/Headers/Public/UnviredSDK/IDataStructure.h:165:12: note: insert '_Nullable' if the pointer may be null
- (NSArray *)getChildrenTableNames;
           ^
            _Nullable
/Users/srinidhi/Desktop/Workspace/Ionic-Sample/Sample-Project/platforms/ios/Pods/Headers/Public/UnviredSDK/IDataStructure.h:165:12: note: insert '_Nonnull' if the pointer should never be null
- (NSArray *)getChildrenTableNames;
           ^
            _Nonnull
/Users/srinidhi/Desktop/Workspace/Ionic-Sample/Sample-Project/platforms/ios/Pods/Headers/Public/UnviredSDK/IDataStructure.h:170:34: warning: pointer is missing a nullability type specifier (_Nonnull, _Nullable, or _Null_unspecified) [-Wnullability-completeness]
- (BOOL)isFieldPresent:(NSString *)field;
                                 ^
/Users/srinidhi/Desktop/Workspace/Ionic-Sample/Sample-Project/platforms/ios/Pods/Headers/Public/UnviredSDK/IDataStructure.h:170:34: note: insert '_Nullable' if the pointer may be null
- (BOOL)isFieldPresent:(NSString *)field;
                                 ^
                                  _Nullable
/Users/srinidhi/Desktop/Workspace/Ionic-Sample/Sample-Project/platforms/ios/Pods/Headers/Public/UnviredSDK/IDataStructure.h:170:34: note: insert '_Nonnull' if the pointer should never be null
- (BOOL)isFieldPresent:(NSString *)field;
                                 ^
                                  _Nonnull
/Users/srinidhi/Desktop/Workspace/Ionic-Sample/Sample-Project/platforms/ios/Pods/Headers/Public/UnviredSDK/IDataStructure.h:175:23: warning: pointer is missing a nullability type specifier (_Nonnull, _Nullable, or _Null_unspecified) [-Wnullability-completeness]
- (BOOL)areGIDsEqual:(id<IDataStructure>)anotherStructure;
                      ^
/Users/srinidhi/Desktop/Workspace/Ionic-Sample/Sample-Project/platforms/ios/Pods/Headers/Public/UnviredSDK/IDataStructure.h:175:40: note: insert '_Nullable' if the pointer may be null
- (BOOL)areGIDsEqual:(id<IDataStructure>)anotherStructure;
                                       ^
                                        _Nullable
/Users/srinidhi/Desktop/Workspace/Ionic-Sample/Sample-Project/platforms/ios/Pods/Headers/Public/UnviredSDK/IDataStructure.h:175:40: note: insert '_Nonnull' if the pointer should never be null
- (BOOL)areGIDsEqual:(id<IDataStructure>)anotherStructure;
                                       ^
                                        _Nonnull
14 warnings generated.

CompileC /Users/srinidhi/Library/Developer/Xcode/DerivedData/MyApp-glngprrxiuzgwgasskfjbnjwcvbk/Build/Intermediates.noindex/MyApp.build/Debug-iphonesimulator/MyApp.build/Objects-normal/x86_64/IOSProxyPlugin.o /Users/srinidhi/Desktop/Workspace/Ionic-Sample/Sample-Project/platforms/ios/MyApp/Plugins/cordova-plugin-unvired-sdk/IOSProxyPlugin.m normal x86_64 objective-c com.apple.compilers.llvm.clang.1_0.compiler (in target 'MyApp' from project 'MyApp')
    cd /Users/srinidhi/Desktop/Workspace/Ionic-Sample/Sample-Project/platforms/ios
    /Applications/Xcode.app/Contents/Developer/Toolchains/XcodeDefault.xctoolchain/usr/bin/clang -x objective-c -target x86_64-apple-ios11.0-simulator -fmessage-length\=0 -fdiagnostics-show-note-include-stack -fmacro-backtrace-limit\=0 -std\=c99 -fobjc-arc -fmodules -gmodules -fmodules-cache-path\=/Users/srinidhi/Library/Developer/Xcode/DerivedData/ModuleCache.noindex -fmodules-prune-interval\=86400 -fmodules-prune-after\=345600 -fbuild-session-file\=/Users/srinidhi/Library/Developer/Xcode/DerivedData/ModuleCache.noindex/Session.modulevalidation -fmodules-validate-once-per-build-session -Wno-trigraphs -fpascal-strings -O0 -fno-common -Wno-missing-field-initializers -Wno-missing-prototypes -Wunreachable-code -Wno-implicit-atomic-properties -Wno-objc-interface-ivars -Wno-arc-repeated-use-of-weak -Wimplicit-retain-self -Wduplicate-method-match -Wno-missing-braces -Wparentheses -Wswitch -Wunused-function -Wno-unused-label -Wno-unused-parameter -Wunused-variable -Wunused-value -Wempty-body -Wuninitialized -Wno-unknown-pragmas -Wno-shadow -Wno-four-char-constants -Wno-conversion -Wconstant-conversion -Wint-conversion -Wbool-conversion -Wenum-conversion -Wno-float-conversion -Wnon-literal-null-conversion -Wobjc-literal-conversion -Wshorten-64-to-32 -Wpointer-sign -Wno-newline-eof -Wno-selector -Wno-strict-selector-match -Wundeclared-selector -Wdeprecated-implementations -Wno-implicit-fallthrough -DWK_WEB_VIEW_ONLY\=1 -DWK_WEB_VIEW_ONLY\=1 -DDEBUG\=1 -DCOCOAPODS\=1 -DOBJC_OLD_DISPATCH_PROTOTYPES\=0 -isysroot /Applications/Xcode.app/Contents/Developer/Platforms/iPhoneSimulator.platform/Developer/SDKs/iPhoneSimulator16.2.sdk -fasm-blocks -fstrict-aliasing -Wprotocol -Wdeprecated-declarations -g -Wno-sign-conversion -Winfinite-recursion -Wcomma -Wblock-capture-autoreleasing -Wstrict-prototypes -Wno-semicolon-before-method-body -fobjc-abi-version\=2 -fobjc-legacy-dispatch -index-store-path /Users/srinidhi/Library/Developer/Xcode/DerivedData/MyApp-glngprrxiuzgwgasskfjbnjwcvbk/Index.noindex/DataStore -iquote /Users/srinidhi/Library/Developer/Xcode/DerivedData/MyApp-glngprrxiuzgwgasskfjbnjwcvbk/Build/Intermediates.noindex/MyApp.build/Debug-iphonesimulator/MyApp.build/MyApp-generated-files.hmap -I/Users/srinidhi/Library/Developer/Xcode/DerivedData/MyApp-glngprrxiuzgwgasskfjbnjwcvbk/Build/Intermediates.noindex/MyApp.build/Debug-iphonesimulator/MyApp.build/MyApp-own-target-headers.hmap -I/Users/srinidhi/Library/Developer/Xcode/DerivedData/MyApp-glngprrxiuzgwgasskfjbnjwcvbk/Build/Intermediates.noindex/MyApp.build/Debug-iphonesimulator/MyApp.build/MyApp-all-target-headers.hmap -iquote /Users/srinidhi/Library/Developer/Xcode/DerivedData/MyApp-glngprrxiuzgwgasskfjbnjwcvbk/Build/Intermediates.noindex/MyApp.build/Debug-iphonesimulator/MyApp.build/MyApp-project-headers.hmap -I/Users/srinidhi/Desktop/Workspace/Ionic-Sample/Sample-Project/platforms/ios/build/emulator/include -I/Users/srinidhi/Desktop/Workspace/Ionic-Sample/Sample-Project/platforms/ios/build/emulator/usr/local/lib/include -I/Users/srinidhi/Library/Developer/Xcode/DerivedData/MyApp-glngprrxiuzgwgasskfjbnjwcvbk/Build/Intermediates.noindex/UninstalledProducts/include -I/Users/srinidhi/Library/Developer/Xcode/DerivedData/MyApp-glngprrxiuzgwgasskfjbnjwcvbk/Build/Intermediates.noindex/UninstalledProducts/iphonesimulator/include -I/Users/srinidhi/Desktop/Workspace/Ionic-Sample/Sample-Project/platforms/ios/build/emulator -I/Users/srinidhi/Desktop/Workspace/Ionic-Sample/Sample-Project/platforms/ios/Pods/Headers/Public -I/Users/srinidhi/Desktop/Workspace/Ionic-Sample/Sample-Project/platforms/ios/Pods/Headers/Public/UnviredSDK -I/Users/srinidhi/Desktop/Workspace/Ionic-Sample/Sample-Project/platforms/ios/Pods/Headers/UnviredSDK -I/Users/srinidhi/Library/Developer/Xcode/DerivedData/MyApp-glngprrxiuzgwgasskfjbnjwcvbk/Build/Intermediates.noindex/MyApp.build/Debug-iphonesimulator/MyApp.build/DerivedSources-normal/x86_64 -I/Users/srinidhi/Library/Developer/Xcode/DerivedData/MyApp-glngprrxiuzgwgasskfjbnjwcvbk/Build/Intermediates.noindex/MyApp.build/Debug-iphonesimulator/MyApp.build/DerivedSources/x86_64 -I/Users/srinidhi/Library/Developer/Xcode/DerivedData/MyApp-glngprrxiuzgwgasskfjbnjwcvbk/Build/Intermediates.noindex/MyApp.build/Debug-iphonesimulator/MyApp.build/DerivedSources -F/Users/srinidhi/Desktop/Workspace/Ionic-Sample/Sample-Project/platforms/ios/build/emulator -include /Users/srinidhi/Desktop/Workspace/Ionic-Sample/Sample-Project/platforms/ios/build/sharedpch/SharedPrecompiledHeaders/883974999942226412/MyApp-Prefix.pch -MMD -MT dependencies -MF /Users/srinidhi/Library/Developer/Xcode/DerivedData/MyApp-glngprrxiuzgwgasskfjbnjwcvbk/Build/Intermediates.noindex/MyApp.build/Debug-iphonesimulator/MyApp.build/Objects-normal/x86_64/IOSProxyPlugin.d --serialize-diagnostics /Users/srinidhi/Library/Developer/Xcode/DerivedData/MyApp-glngprrxiuzgwgasskfjbnjwcvbk/Build/Intermediates.noindex/MyApp.build/Debug-iphonesimulator/MyApp.build/Objects-normal/x86_64/IOSProxyPlugin.dia -c /Users/srinidhi/Desktop/Workspace/Ionic-Sample/Sample-Project/platforms/ios/MyApp/Plugins/cordova-plugin-unvired-sdk/IOSProxyPlugin.m -o /Users/srinidhi/Library/Developer/Xcode/DerivedData/MyApp-glngprrxiuzgwgasskfjbnjwcvbk/Build/Intermediates.noindex/MyApp.build/Debug-iphonesimulator/MyApp.build/Objects-normal/x86_64/IOSProxyPlugin.o -index-unit-output-path /MyApp.build/Debug-iphonesimulator/MyApp.build/Objects-normal/x86_64/IOSProxyPlugin.o
In file included from /Users/srinidhi/Desktop/Workspace/Ionic-Sample/Sample-Project/platforms/ios/MyApp/Plugins/cordova-plugin-unvired-sdk/IOSProxyPlugin.m:11:
In file included from /Users/srinidhi/Desktop/Workspace/Ionic-Sample/Sample-Project/platforms/ios/Pods/Headers/Public/UnviredSDK/AuthenticationService.h:11:
In file included from /Users/srinidhi/Desktop/Workspace/Ionic-Sample/Sample-Project/platforms/ios/Pods/Headers/Public/UnviredSDK/DemoModeListener.h:10:
In file included from /Users/srinidhi/Desktop/Workspace/Ionic-Sample/Sample-Project/platforms/ios/Pods/Headers/Public/UnviredSDK/SyncConstants.h:10:
In file included from /Users/srinidhi/Desktop/Workspace/Ionic-Sample/Sample-Project/platforms/ios/Pods/Headers/Public/UnviredSDK/AttachmentItem.h:9:
In file included from /Users/srinidhi/Desktop/Workspace/Ionic-Sample/Sample-Project/platforms/ios/Pods/Headers/Public/UnviredSDK/DataStructure.h:10:
/Users/srinidhi/Desktop/Workspace/Ionic-Sample/Sample-Project/platforms/ios/Pods/Headers/Public/UnviredSDK/IDataStructure.h:29:17: warning: pointer is missing a nullability type specifier (_Nonnull, _Nullable, or _Null_unspecified) [-Wnullability-completeness]
static NSString *const FIELD_LID = @"LID";
                ^
/Users/srinidhi/Desktop/Workspace/Ionic-Sample/Sample-Project/platforms/ios/Pods/Headers/Public/UnviredSDK/IDataStructure.h:29:17: note: insert '_Nullable' if the pointer may be null
static NSString *const FIELD_LID = @"LID";
                ^
                  _Nullable 
/Users/srinidhi/Desktop/Workspace/Ionic-Sample/Sample-Project/platforms/ios/Pods/Headers/Public/UnviredSDK/IDataStructure.h:29:17: note: insert '_Nonnull' if the pointer should never be null
static NSString *const FIELD_LID = @"LID";
                ^
                  _Nonnull 
/Users/srinidhi/Desktop/Workspace/Ionic-Sample/Sample-Project/platforms/ios/Pods/Headers/Public/UnviredSDK/IDataStructure.h:116:26: warning: pointer is missing a nullability type specifier (_Nonnull, _Nullable, or _Null_unspecified) [-Wnullability-completeness]
- (void)setFid:(NSString *)fid;
                         ^
/Users/srinidhi/Desktop/Workspace/Ionic-Sample/Sample-Project/platforms/ios/Pods/Headers/Public/UnviredSDK/IDataStructure.h:116:26: note: insert '_Nullable' if the pointer may be null
- (void)setFid:(NSString *)fid;
                         ^
                          _Nullable
/Users/srinidhi/Desktop/Workspace/Ionic-Sample/Sample-Project/platforms/ios/Pods/Headers/Public/UnviredSDK/IDataStructure.h:116:26: note: insert '_Nonnull' if the pointer should never be null
- (void)setFid:(NSString *)fid;
                         ^
                          _Nonnull
/Users/srinidhi/Desktop/Workspace/Ionic-Sample/Sample-Project/platforms/ios/Pods/Headers/Public/UnviredSDK/IDataStructure.h:126:43: warning: pointer is missing a nullability type specifier (_Nonnull, _Nullable, or _Null_unspecified) [-Wnullability-completeness]
- (BOOL)setFieldBasedOnDataType:(NSString *)fieldName value:(id)value;
                                          ^
/Users/srinidhi/Desktop/Workspace/Ionic-Sample/Sample-Project/platforms/ios/Pods/Headers/Public/UnviredSDK/IDataStructure.h:126:43: note: insert '_Nullable' if the pointer may be null
- (BOOL)setFieldBasedOnDataType:(NSString *)fieldName value:(id)value;
                                          ^
                                           _Nullable
/Users/srinidhi/Desktop/Workspace/Ionic-Sample/Sample-Project/platforms/ios/Pods/Headers/Public/UnviredSDK/IDataStructure.h:126:43: note: insert '_Nonnull' if the pointer should never be null
- (BOOL)setFieldBasedOnDataType:(NSString *)fieldName value:(id)value;
                                          ^
                                           _Nonnull
/Users/srinidhi/Desktop/Workspace/Ionic-Sample/Sample-Project/platforms/ios/Pods/Headers/Public/UnviredSDK/IDataStructure.h:126:62: warning: pointer is missing a nullability type specifier (_Nonnull, _Nullable, or _Null_unspecified) [-Wnullability-completeness]
- (BOOL)setFieldBasedOnDataType:(NSString *)fieldName value:(id)value;
                                                             ^
/Users/srinidhi/Desktop/Workspace/Ionic-Sample/Sample-Project/platforms/ios/Pods/Headers/Public/UnviredSDK/IDataStructure.h:126:62: note: insert '_Nullable' if the pointer may be null
- (BOOL)setFieldBasedOnDataType:(NSString *)fieldName value:(id)value;
                                                             ^
                                                                _Nullable 
/Users/srinidhi/Desktop/Workspace/Ionic-Sample/Sample-Project/platforms/ios/Pods/Headers/Public/UnviredSDK/IDataStructure.h:126:62: note: insert '_Nonnull' if the pointer should never be null
- (BOOL)setFieldBasedOnDataType:(NSString *)fieldName value:(id)value;
                                                             ^
                                                                _Nonnull 
/Users/srinidhi/Desktop/Workspace/Ionic-Sample/Sample-Project/platforms/ios/Pods/Headers/Public/UnviredSDK/IDataStructure.h:127:28: warning: pointer is missing a nullability type specifier (_Nonnull, _Nullable, or _Null_unspecified) [-Wnullability-completeness]
- (BOOL)setField:(NSString *)fieldName value:(id)value;
                           ^
/Users/srinidhi/Desktop/Workspace/Ionic-Sample/Sample-Project/platforms/ios/Pods/Headers/Public/UnviredSDK/IDataStructure.h:127:28: note: insert '_Nullable' if the pointer may be null
- (BOOL)setField:(NSString *)fieldName value:(id)value;
                           ^
                            _Nullable
/Users/srinidhi/Desktop/Workspace/Ionic-Sample/Sample-Project/platforms/ios/Pods/Headers/Public/UnviredSDK/IDataStructure.h:127:28: note: insert '_Nonnull' if the pointer should never be null
- (BOOL)setField:(NSString *)fieldName value:(id)value;
                           ^
                            _Nonnull
/Users/srinidhi/Desktop/Workspace/Ionic-Sample/Sample-Project/platforms/ios/Pods/Headers/Public/UnviredSDK/IDataStructure.h:127:47: warning: pointer is missing a nullability type specifier (_Nonnull, _Nullable, or _Null_unspecified) [-Wnullability-completeness]
- (BOOL)setField:(NSString *)fieldName value:(id)value;
                                              ^
/Users/srinidhi/Desktop/Workspace/Ionic-Sample/Sample-Project/platforms/ios/Pods/Headers/Public/UnviredSDK/IDataStructure.h:127:47: note: insert '_Nullable' if the pointer may be null
- (BOOL)setField:(NSString *)fieldName value:(id)value;
                                              ^
                                                 _Nullable 
/Users/srinidhi/Desktop/Workspace/Ionic-Sample/Sample-Project/platforms/ios/Pods/Headers/Public/UnviredSDK/IDataStructure.h:127:47: note: insert '_Nonnull' if the pointer should never be null
- (BOOL)setField:(NSString *)fieldName value:(id)value;
                                              ^
                                                 _Nonnull 
/Users/srinidhi/Desktop/Workspace/Ionic-Sample/Sample-Project/platforms/ios/Pods/Headers/Public/UnviredSDK/IDataStructure.h:135:4: warning: pointer is missing a nullability type specifier (_Nonnull, _Nullable, or _Null_unspecified) [-Wnullability-completeness]
- (id)getField:(NSString *)fieldName;
   ^
/Users/srinidhi/Desktop/Workspace/Ionic-Sample/Sample-Project/platforms/ios/Pods/Headers/Public/UnviredSDK/IDataStructure.h:135:4: note: insert '_Nullable' if the pointer may be null
- (id)getField:(NSString *)fieldName;
   ^
      _Nullable 
/Users/srinidhi/Desktop/Workspace/Ionic-Sample/Sample-Project/platforms/ios/Pods/Headers/Public/UnviredSDK/IDataStructure.h:135:4: note: insert '_Nonnull' if the pointer should never be null
- (id)getField:(NSString *)fieldName;
   ^
      _Nonnull 
/Users/srinidhi/Desktop/Workspace/Ionic-Sample/Sample-Project/platforms/ios/Pods/Headers/Public/UnviredSDK/IDataStructure.h:135:26: warning: pointer is missing a nullability type specifier (_Nonnull, _Nullable, or _Null_unspecified) [-Wnullability-completeness]
- (id)getField:(NSString *)fieldName;
                         ^
/Users/srinidhi/Desktop/Workspace/Ionic-Sample/Sample-Project/platforms/ios/Pods/Headers/Public/UnviredSDK/IDataStructure.h:135:26: note: insert '_Nullable' if the pointer may be null
- (id)getField:(NSString *)fieldName;
                         ^
                          _Nullable
/Users/srinidhi/Desktop/Workspace/Ionic-Sample/Sample-Project/platforms/ios/Pods/Headers/Public/UnviredSDK/IDataStructure.h:135:26: note: insert '_Nonnull' if the pointer should never be null
- (id)getField:(NSString *)fieldName;
                         ^
                          _Nonnull
/Users/srinidhi/Desktop/Workspace/Ionic-Sample/Sample-Project/platforms/ios/Pods/Headers/Public/UnviredSDK/IDataStructure.h:147:17: warning: pointer is missing a nullability type specifier (_Nonnull, _Nullable, or _Null_unspecified) [-Wnullability-completeness]
- (NSEnumerator *)getFieldNames;
                ^
/Users/srinidhi/Desktop/Workspace/Ionic-Sample/Sample-Project/platforms/ios/Pods/Headers/Public/UnviredSDK/IDataStructure.h:147:17: note: insert '_Nullable' if the pointer may be null
- (NSEnumerator *)getFieldNames;
                ^
                 _Nullable
/Users/srinidhi/Desktop/Workspace/Ionic-Sample/Sample-Project/platforms/ios/Pods/Headers/Public/UnviredSDK/IDataStructure.h:147:17: note: insert '_Nonnull' if the pointer should never be null
- (NSEnumerator *)getFieldNames;
                ^
                 _Nonnull
/Users/srinidhi/Desktop/Workspace/Ionic-Sample/Sample-Project/platforms/ios/Pods/Headers/Public/UnviredSDK/IDataStructure.h:153:12: warning: pointer is missing a nullability type specifier (_Nonnull, _Nullable, or _Null_unspecified) [-Wnullability-completeness]
- (NSArray *)getGidFieldNames;
           ^
/Users/srinidhi/Desktop/Workspace/Ionic-Sample/Sample-Project/platforms/ios/Pods/Headers/Public/UnviredSDK/IDataStructure.h:153:12: note: insert '_Nullable' if the pointer may be null
- (NSArray *)getGidFieldNames;
           ^
            _Nullable
/Users/srinidhi/Desktop/Workspace/Ionic-Sample/Sample-Project/platforms/ios/Pods/Headers/Public/UnviredSDK/IDataStructure.h:153:12: note: insert '_Nonnull' if the pointer should never be null
- (NSArray *)getGidFieldNames;
           ^
            _Nonnull
/Users/srinidhi/Desktop/Workspace/Ionic-Sample/Sample-Project/platforms/ios/Pods/Headers/Public/UnviredSDK/IDataStructure.h:159:12: warning: pointer is missing a nullability type specifier (_Nonnull, _Nullable, or _Null_unspecified) [-Wnullability-completeness]
- (NSArray *)getGids;
           ^
/Users/srinidhi/Desktop/Workspace/Ionic-Sample/Sample-Project/platforms/ios/Pods/Headers/Public/UnviredSDK/IDataStructure.h:159:12: note: insert '_Nullable' if the pointer may be null
- (NSArray *)getGids;
           ^
            _Nullable
/Users/srinidhi/Desktop/Workspace/Ionic-Sample/Sample-Project/platforms/ios/Pods/Headers/Public/UnviredSDK/IDataStructure.h:159:12: note: insert '_Nonnull' if the pointer should never be null
- (NSArray *)getGids;
           ^
            _Nonnull
/Users/srinidhi/Desktop/Workspace/Ionic-Sample/Sample-Project/platforms/ios/Pods/Headers/Public/UnviredSDK/IDataStructure.h:165:12: warning: pointer is missing a nullability type specifier (_Nonnull, _Nullable, or _Null_unspecified) [-Wnullability-completeness]
- (NSArray *)getChildrenTableNames;
           ^
/Users/srinidhi/Desktop/Workspace/Ionic-Sample/Sample-Project/platforms/ios/Pods/Headers/Public/UnviredSDK/IDataStructure.h:165:12: note: insert '_Nullable' if the pointer may be null
- (NSArray *)getChildrenTableNames;
           ^
            _Nullable
/Users/srinidhi/Desktop/Workspace/Ionic-Sample/Sample-Project/platforms/ios/Pods/Headers/Public/UnviredSDK/IDataStructure.h:165:12: note: insert '_Nonnull' if the pointer should never be null
- (NSArray *)getChildrenTableNames;
           ^
            _Nonnull
/Users/srinidhi/Desktop/Workspace/Ionic-Sample/Sample-Project/platforms/ios/Pods/Headers/Public/UnviredSDK/IDataStructure.h:170:34: warning: pointer is missing a nullability type specifier (_Nonnull, _Nullable, or _Null_unspecified) [-Wnullability-completeness]
- (BOOL)isFieldPresent:(NSString *)field;
                                 ^
/Users/srinidhi/Desktop/Workspace/Ionic-Sample/Sample-Project/platforms/ios/Pods/Headers/Public/UnviredSDK/IDataStructure.h:170:34: note: insert '_Nullable' if the pointer may be null
- (BOOL)isFieldPresent:(NSString *)field;
                                 ^
                                  _Nullable
/Users/srinidhi/Desktop/Workspace/Ionic-Sample/Sample-Project/platforms/ios/Pods/Headers/Public/UnviredSDK/IDataStructure.h:170:34: note: insert '_Nonnull' if the pointer should never be null
- (BOOL)isFieldPresent:(NSString *)field;
                                 ^
                                  _Nonnull
/Users/srinidhi/Desktop/Workspace/Ionic-Sample/Sample-Project/platforms/ios/Pods/Headers/Public/UnviredSDK/IDataStructure.h:175:23: warning: pointer is missing a nullability type specifier (_Nonnull, _Nullable, or _Null_unspecified) [-Wnullability-completeness]
- (BOOL)areGIDsEqual:(id<IDataStructure>)anotherStructure;
                      ^
/Users/srinidhi/Desktop/Workspace/Ionic-Sample/Sample-Project/platforms/ios/Pods/Headers/Public/UnviredSDK/IDataStructure.h:175:40: note: insert '_Nullable' if the pointer may be null
- (BOOL)areGIDsEqual:(id<IDataStructure>)anotherStructure;
                                       ^
                                        _Nullable
/Users/srinidhi/Desktop/Workspace/Ionic-Sample/Sample-Project/platforms/ios/Pods/Headers/Public/UnviredSDK/IDataStructure.h:175:40: note: insert '_Nonnull' if the pointer should never be null
- (BOOL)areGIDsEqual:(id<IDataStructure>)anotherStructure;
                                       ^
                                        _Nonnull
/Users/srinidhi/Desktop/Workspace/Ionic-Sample/Sample-Project/platforms/ios/MyApp/Plugins/cordova-plugin-unvired-sdk/IOSProxyPlugin.m:59:22: warning: unused variable 'pluginResult' [-Wunused-variable]
    CDVPluginResult *pluginResult = nil;
                     ^
/Users/srinidhi/Desktop/Workspace/Ionic-Sample/Sample-Project/platforms/ios/MyApp/Plugins/cordova-plugin-unvired-sdk/IOSProxyPlugin.m:60:14: warning: unused variable 'error' [-Wunused-variable]
    NSError *error = NULL;
             ^
/Users/srinidhi/Desktop/Workspace/Ionic-Sample/Sample-Project/platforms/ios/MyApp/Plugins/cordova-plugin-unvired-sdk/IOSProxyPlugin.m:134:22: warning: unused variable 'pluginResult' [-Wunused-variable]
    CDVPluginResult *pluginResult = nil;
                     ^
/Users/srinidhi/Desktop/Workspace/Ionic-Sample/Sample-Project/platforms/ios/MyApp/Plugins/cordova-plugin-unvired-sdk/IOSProxyPlugin.m:135:14: warning: unused variable 'error' [-Wunused-variable]
    NSError *error = NULL;
             ^
18 warnings generated.

CompileC /Users/srinidhi/Library/Developer/Xcode/DerivedData/MyApp-glngprrxiuzgwgasskfjbnjwcvbk/Build/Intermediates.noindex/MyApp.build/Debug-iphonesimulator/MyApp.build/Objects-normal/x86_64/IOSLoginPlugin.o /Users/srinidhi/Desktop/Workspace/Ionic-Sample/Sample-Project/platforms/ios/MyApp/Plugins/cordova-plugin-unvired-sdk/IOSLoginPlugin.m normal x86_64 objective-c com.apple.compilers.llvm.clang.1_0.compiler (in target 'MyApp' from project 'MyApp')
    cd /Users/srinidhi/Desktop/Workspace/Ionic-Sample/Sample-Project/platforms/ios
    /Applications/Xcode.app/Contents/Developer/Toolchains/XcodeDefault.xctoolchain/usr/bin/clang -x objective-c -target x86_64-apple-ios11.0-simulator -fmessage-length\=0 -fdiagnostics-show-note-include-stack -fmacro-backtrace-limit\=0 -std\=c99 -fobjc-arc -fmodules -gmodules -fmodules-cache-path\=/Users/srinidhi/Library/Developer/Xcode/DerivedData/ModuleCache.noindex -fmodules-prune-interval\=86400 -fmodules-prune-after\=345600 -fbuild-session-file\=/Users/srinidhi/Library/Developer/Xcode/DerivedData/ModuleCache.noindex/Session.modulevalidation -fmodules-validate-once-per-build-session -Wno-trigraphs -fpascal-strings -O0 -fno-common -Wno-missing-field-initializers -Wno-missing-prototypes -Wunreachable-code -Wno-implicit-atomic-properties -Wno-objc-interface-ivars -Wno-arc-repeated-use-of-weak -Wimplicit-retain-self -Wduplicate-method-match -Wno-missing-braces -Wparentheses -Wswitch -Wunused-function -Wno-unused-label -Wno-unused-parameter -Wunused-variable -Wunused-value -Wempty-body -Wuninitialized -Wno-unknown-pragmas -Wno-shadow -Wno-four-char-constants -Wno-conversion -Wconstant-conversion -Wint-conversion -Wbool-conversion -Wenum-conversion -Wno-float-conversion -Wnon-literal-null-conversion -Wobjc-literal-conversion -Wshorten-64-to-32 -Wpointer-sign -Wno-newline-eof -Wno-selector -Wno-strict-selector-match -Wundeclared-selector -Wdeprecated-implementations -Wno-implicit-fallthrough -DWK_WEB_VIEW_ONLY\=1 -DWK_WEB_VIEW_ONLY\=1 -DDEBUG\=1 -DCOCOAPODS\=1 -DOBJC_OLD_DISPATCH_PROTOTYPES\=0 -isysroot /Applications/Xcode.app/Contents/Developer/Platforms/iPhoneSimulator.platform/Developer/SDKs/iPhoneSimulator16.2.sdk -fasm-blocks -fstrict-aliasing -Wprotocol -Wdeprecated-declarations -g -Wno-sign-conversion -Winfinite-recursion -Wcomma -Wblock-capture-autoreleasing -Wstrict-prototypes -Wno-semicolon-before-method-body -fobjc-abi-version\=2 -fobjc-legacy-dispatch -index-store-path /Users/srinidhi/Library/Developer/Xcode/DerivedData/MyApp-glngprrxiuzgwgasskfjbnjwcvbk/Index.noindex/DataStore -iquote /Users/srinidhi/Library/Developer/Xcode/DerivedData/MyApp-glngprrxiuzgwgasskfjbnjwcvbk/Build/Intermediates.noindex/MyApp.build/Debug-iphonesimulator/MyApp.build/MyApp-generated-files.hmap -I/Users/srinidhi/Library/Developer/Xcode/DerivedData/MyApp-glngprrxiuzgwgasskfjbnjwcvbk/Build/Intermediates.noindex/MyApp.build/Debug-iphonesimulator/MyApp.build/MyApp-own-target-headers.hmap -I/Users/srinidhi/Library/Developer/Xcode/DerivedData/MyApp-glngprrxiuzgwgasskfjbnjwcvbk/Build/Intermediates.noindex/MyApp.build/Debug-iphonesimulator/MyApp.build/MyApp-all-target-headers.hmap -iquote /Users/srinidhi/Library/Developer/Xcode/DerivedData/MyApp-glngprrxiuzgwgasskfjbnjwcvbk/Build/Intermediates.noindex/MyApp.build/Debug-iphonesimulator/MyApp.build/MyApp-project-headers.hmap -I/Users/srinidhi/Desktop/Workspace/Ionic-Sample/Sample-Project/platforms/ios/build/emulator/include -I/Users/srinidhi/Desktop/Workspace/Ionic-Sample/Sample-Project/platforms/ios/build/emulator/usr/local/lib/include -I/Users/srinidhi/Library/Developer/Xcode/DerivedData/MyApp-glngprrxiuzgwgasskfjbnjwcvbk/Build/Intermediates.noindex/UninstalledProducts/include -I/Users/srinidhi/Library/Developer/Xcode/DerivedData/MyApp-glngprrxiuzgwgasskfjbnjwcvbk/Build/Intermediates.noindex/UninstalledProducts/iphonesimulator/include -I/Users/srinidhi/Desktop/Workspace/Ionic-Sample/Sample-Project/platforms/ios/build/emulator -I/Users/srinidhi/Desktop/Workspace/Ionic-Sample/Sample-Project/platforms/ios/Pods/Headers/Public -I/Users/srinidhi/Desktop/Workspace/Ionic-Sample/Sample-Project/platforms/ios/Pods/Headers/Public/UnviredSDK -I/Users/srinidhi/Desktop/Workspace/Ionic-Sample/Sample-Project/platforms/ios/Pods/Headers/UnviredSDK -I/Users/srinidhi/Library/Developer/Xcode/DerivedData/MyApp-glngprrxiuzgwgasskfjbnjwcvbk/Build/Intermediates.noindex/MyApp.build/Debug-iphonesimulator/MyApp.build/DerivedSources-normal/x86_64 -I/Users/srinidhi/Library/Developer/Xcode/DerivedData/MyApp-glngprrxiuzgwgasskfjbnjwcvbk/Build/Intermediates.noindex/MyApp.build/Debug-iphonesimulator/MyApp.build/DerivedSources/x86_64 -I/Users/srinidhi/Library/Developer/Xcode/DerivedData/MyApp-glngprrxiuzgwgasskfjbnjwcvbk/Build/Intermediates.noindex/MyApp.build/Debug-iphonesimulator/MyApp.build/DerivedSources -F/Users/srinidhi/Desktop/Workspace/Ionic-Sample/Sample-Project/platforms/ios/build/emulator -include /Users/srinidhi/Desktop/Workspace/Ionic-Sample/Sample-Project/platforms/ios/build/sharedpch/SharedPrecompiledHeaders/883974999942226412/MyApp-Prefix.pch -MMD -MT dependencies -MF /Users/srinidhi/Library/Developer/Xcode/DerivedData/MyApp-glngprrxiuzgwgasskfjbnjwcvbk/Build/Intermediates.noindex/MyApp.build/Debug-iphonesimulator/MyApp.build/Objects-normal/x86_64/IOSLoginPlugin.d --serialize-diagnostics /Users/srinidhi/Library/Developer/Xcode/DerivedData/MyApp-glngprrxiuzgwgasskfjbnjwcvbk/Build/Intermediates.noindex/MyApp.build/Debug-iphonesimulator/MyApp.build/Objects-normal/x86_64/IOSLoginPlugin.dia -c /Users/srinidhi/Desktop/Workspace/Ionic-Sample/Sample-Project/platforms/ios/MyApp/Plugins/cordova-plugin-unvired-sdk/IOSLoginPlugin.m -o /Users/srinidhi/Library/Developer/Xcode/DerivedData/MyApp-glngprrxiuzgwgasskfjbnjwcvbk/Build/Intermediates.noindex/MyApp.build/Debug-iphonesimulator/MyApp.build/Objects-normal/x86_64/IOSLoginPlugin.o -index-unit-output-path /MyApp.build/Debug-iphonesimulator/MyApp.build/Objects-normal/x86_64/IOSLoginPlugin.o
In file included from /Users/srinidhi/Desktop/Workspace/Ionic-Sample/Sample-Project/platforms/ios/MyApp/Plugins/cordova-plugin-unvired-sdk/IOSLoginPlugin.m:10:
In file included from /Users/srinidhi/Desktop/Workspace/Ionic-Sample/Sample-Project/platforms/ios/Pods/Headers/Public/UnviredSDK/LoginParameters.h:11:
In file included from /Users/srinidhi/Desktop/Workspace/Ionic-Sample/Sample-Project/platforms/ios/Pods/Headers/Public/UnviredSDK/DemoModeListener.h:10:
In file included from /Users/srinidhi/Desktop/Workspace/Ionic-Sample/Sample-Project/platforms/ios/Pods/Headers/Public/UnviredSDK/SyncConstants.h:10:
In file included from /Users/srinidhi/Desktop/Workspace/Ionic-Sample/Sample-Project/platforms/ios/Pods/Headers/Public/UnviredSDK/AttachmentItem.h:9:
In file included from /Users/srinidhi/Desktop/Workspace/Ionic-Sample/Sample-Project/platforms/ios/Pods/Headers/Public/UnviredSDK/DataStructure.h:10:
/Users/srinidhi/Desktop/Workspace/Ionic-Sample/Sample-Project/platforms/ios/Pods/Headers/Public/UnviredSDK/IDataStructure.h:29:17: warning: pointer is missing a nullability type specifier (_Nonnull, _Nullable, or _Null_unspecified) [-Wnullability-completeness]
static NSString *const FIELD_LID = @"LID";
                ^
/Users/srinidhi/Desktop/Workspace/Ionic-Sample/Sample-Project/platforms/ios/Pods/Headers/Public/UnviredSDK/IDataStructure.h:29:17: note: insert '_Nullable' if the pointer may be null
static NSString *const FIELD_LID = @"LID";
                ^
                  _Nullable 
/Users/srinidhi/Desktop/Workspace/Ionic-Sample/Sample-Project/platforms/ios/Pods/Headers/Public/UnviredSDK/IDataStructure.h:29:17: note: insert '_Nonnull' if the pointer should never be null
static NSString *const FIELD_LID = @"LID";
                ^
                  _Nonnull 
/Users/srinidhi/Desktop/Workspace/Ionic-Sample/Sample-Project/platforms/ios/Pods/Headers/Public/UnviredSDK/IDataStructure.h:116:26: warning: pointer is missing a nullability type specifier (_Nonnull, _Nullable, or _Null_unspecified) [-Wnullability-completeness]
- (void)setFid:(NSString *)fid;
                         ^
/Users/srinidhi/Desktop/Workspace/Ionic-Sample/Sample-Project/platforms/ios/Pods/Headers/Public/UnviredSDK/IDataStructure.h:116:26: note: insert '_Nullable' if the pointer may be null
- (void)setFid:(NSString *)fid;
                         ^
                          _Nullable
/Users/srinidhi/Desktop/Workspace/Ionic-Sample/Sample-Project/platforms/ios/Pods/Headers/Public/UnviredSDK/IDataStructure.h:116:26: note: insert '_Nonnull' if the pointer should never be null
- (void)setFid:(NSString *)fid;
                         ^
                          _Nonnull
/Users/srinidhi/Desktop/Workspace/Ionic-Sample/Sample-Project/platforms/ios/Pods/Headers/Public/UnviredSDK/IDataStructure.h:126:43: warning: pointer is missing a nullability type specifier (_Nonnull, _Nullable, or _Null_unspecified) [-Wnullability-completeness]
- (BOOL)setFieldBasedOnDataType:(NSString *)fieldName value:(id)value;
                                          ^
/Users/srinidhi/Desktop/Workspace/Ionic-Sample/Sample-Project/platforms/ios/Pods/Headers/Public/UnviredSDK/IDataStructure.h:126:43: note: insert '_Nullable' if the pointer may be null
- (BOOL)setFieldBasedOnDataType:(NSString *)fieldName value:(id)value;
                                          ^
                                           _Nullable
/Users/srinidhi/Desktop/Workspace/Ionic-Sample/Sample-Project/platforms/ios/Pods/Headers/Public/UnviredSDK/IDataStructure.h:126:43: note: insert '_Nonnull' if the pointer should never be null
- (BOOL)setFieldBasedOnDataType:(NSString *)fieldName value:(id)value;
                                          ^
                                           _Nonnull
/Users/srinidhi/Desktop/Workspace/Ionic-Sample/Sample-Project/platforms/ios/Pods/Headers/Public/UnviredSDK/IDataStructure.h:126:62: warning: pointer is missing a nullability type specifier (_Nonnull, _Nullable, or _Null_unspecified) [-Wnullability-completeness]
- (BOOL)setFieldBasedOnDataType:(NSString *)fieldName value:(id)value;
                                                             ^
/Users/srinidhi/Desktop/Workspace/Ionic-Sample/Sample-Project/platforms/ios/Pods/Headers/Public/UnviredSDK/IDataStructure.h:126:62: note: insert '_Nullable' if the pointer may be null
- (BOOL)setFieldBasedOnDataType:(NSString *)fieldName value:(id)value;
                                                             ^
                                                                _Nullable 
/Users/srinidhi/Desktop/Workspace/Ionic-Sample/Sample-Project/platforms/ios/Pods/Headers/Public/UnviredSDK/IDataStructure.h:126:62: note: insert '_Nonnull' if the pointer should never be null
- (BOOL)setFieldBasedOnDataType:(NSString *)fieldName value:(id)value;
                                                             ^
                                                                _Nonnull 
/Users/srinidhi/Desktop/Workspace/Ionic-Sample/Sample-Project/platforms/ios/Pods/Headers/Public/UnviredSDK/IDataStructure.h:127:28: warning: pointer is missing a nullability type specifier (_Nonnull, _Nullable, or _Null_unspecified) [-Wnullability-completeness]
- (BOOL)setField:(NSString *)fieldName value:(id)value;
                           ^
/Users/srinidhi/Desktop/Workspace/Ionic-Sample/Sample-Project/platforms/ios/Pods/Headers/Public/UnviredSDK/IDataStructure.h:127:28: note: insert '_Nullable' if the pointer may be null
- (BOOL)setField:(NSString *)fieldName value:(id)value;
                           ^
                            _Nullable
/Users/srinidhi/Desktop/Workspace/Ionic-Sample/Sample-Project/platforms/ios/Pods/Headers/Public/UnviredSDK/IDataStructure.h:127:28: note: insert '_Nonnull' if the pointer should never be null
- (BOOL)setField:(NSString *)fieldName value:(id)value;
                           ^
                            _Nonnull
/Users/srinidhi/Desktop/Workspace/Ionic-Sample/Sample-Project/platforms/ios/Pods/Headers/Public/UnviredSDK/IDataStructure.h:127:47: warning: pointer is missing a nullability type specifier (_Nonnull, _Nullable, or _Null_unspecified) [-Wnullability-completeness]
- (BOOL)setField:(NSString *)fieldName value:(id)value;
                                              ^
/Users/srinidhi/Desktop/Workspace/Ionic-Sample/Sample-Project/platforms/ios/Pods/Headers/Public/UnviredSDK/IDataStructure.h:127:47: note: insert '_Nullable' if the pointer may be null
- (BOOL)setField:(NSString *)fieldName value:(id)value;
                                              ^
                                                 _Nullable 
/Users/srinidhi/Desktop/Workspace/Ionic-Sample/Sample-Project/platforms/ios/Pods/Headers/Public/UnviredSDK/IDataStructure.h:127:47: note: insert '_Nonnull' if the pointer should never be null
- (BOOL)setField:(NSString *)fieldName value:(id)value;
                                              ^
                                                 _Nonnull 
/Users/srinidhi/Desktop/Workspace/Ionic-Sample/Sample-Project/platforms/ios/Pods/Headers/Public/UnviredSDK/IDataStructure.h:135:4: warning: pointer is missing a nullability type specifier (_Nonnull, _Nullable, or _Null_unspecified) [-Wnullability-completeness]
- (id)getField:(NSString *)fieldName;
   ^
/Users/srinidhi/Desktop/Workspace/Ionic-Sample/Sample-Project/platforms/ios/Pods/Headers/Public/UnviredSDK/IDataStructure.h:135:4: note: insert '_Nullable' if the pointer may be null
- (id)getField:(NSString *)fieldName;
   ^
      _Nullable 
/Users/srinidhi/Desktop/Workspace/Ionic-Sample/Sample-Project/platforms/ios/Pods/Headers/Public/UnviredSDK/IDataStructure.h:135:4: note: insert '_Nonnull' if the pointer should never be null
- (id)getField:(NSString *)fieldName;
   ^
      _Nonnull 
/Users/srinidhi/Desktop/Workspace/Ionic-Sample/Sample-Project/platforms/ios/Pods/Headers/Public/UnviredSDK/IDataStructure.h:135:26: warning: pointer is missing a nullability type specifier (_Nonnull, _Nullable, or _Null_unspecified) [-Wnullability-completeness]
- (id)getField:(NSString *)fieldName;
                         ^
/Users/srinidhi/Desktop/Workspace/Ionic-Sample/Sample-Project/platforms/ios/Pods/Headers/Public/UnviredSDK/IDataStructure.h:135:26: note: insert '_Nullable' if the pointer may be null
- (id)getField:(NSString *)fieldName;
                         ^
                          _Nullable
/Users/srinidhi/Desktop/Workspace/Ionic-Sample/Sample-Project/platforms/ios/Pods/Headers/Public/UnviredSDK/IDataStructure.h:135:26: note: insert '_Nonnull' if the pointer should never be null
- (id)getField:(NSString *)fieldName;
                         ^
                          _Nonnull
/Users/srinidhi/Desktop/Workspace/Ionic-Sample/Sample-Project/platforms/ios/Pods/Headers/Public/UnviredSDK/IDataStructure.h:147:17: warning: pointer is missing a nullability type specifier (_Nonnull, _Nullable, or _Null_unspecified) [-Wnullability-completeness]
- (NSEnumerator *)getFieldNames;
                ^
/Users/srinidhi/Desktop/Workspace/Ionic-Sample/Sample-Project/platforms/ios/Pods/Headers/Public/UnviredSDK/IDataStructure.h:147:17: note: insert '_Nullable' if the pointer may be null
- (NSEnumerator *)getFieldNames;
                ^
                 _Nullable
/Users/srinidhi/Desktop/Workspace/Ionic-Sample/Sample-Project/platforms/ios/Pods/Headers/Public/UnviredSDK/IDataStructure.h:147:17: note: insert '_Nonnull' if the pointer should never be null
- (NSEnumerator *)getFieldNames;
                ^
                 _Nonnull
/Users/srinidhi/Desktop/Workspace/Ionic-Sample/Sample-Project/platforms/ios/Pods/Headers/Public/UnviredSDK/IDataStructure.h:153:12: warning: pointer is missing a nullability type specifier (_Nonnull, _Nullable, or _Null_unspecified) [-Wnullability-completeness]
- (NSArray *)getGidFieldNames;
           ^
/Users/srinidhi/Desktop/Workspace/Ionic-Sample/Sample-Project/platforms/ios/Pods/Headers/Public/UnviredSDK/IDataStructure.h:153:12: note: insert '_Nullable' if the pointer may be null
- (NSArray *)getGidFieldNames;
           ^
            _Nullable
/Users/srinidhi/Desktop/Workspace/Ionic-Sample/Sample-Project/platforms/ios/Pods/Headers/Public/UnviredSDK/IDataStructure.h:153:12: note: insert '_Nonnull' if the pointer should never be null
- (NSArray *)getGidFieldNames;
           ^
            _Nonnull
/Users/srinidhi/Desktop/Workspace/Ionic-Sample/Sample-Project/platforms/ios/Pods/Headers/Public/UnviredSDK/IDataStructure.h:159:12: warning: pointer is missing a nullability type specifier (_Nonnull, _Nullable, or _Null_unspecified) [-Wnullability-completeness]
- (NSArray *)getGids;
           ^
/Users/srinidhi/Desktop/Workspace/Ionic-Sample/Sample-Project/platforms/ios/Pods/Headers/Public/UnviredSDK/IDataStructure.h:159:12: note: insert '_Nullable' if the pointer may be null
- (NSArray *)getGids;
           ^
            _Nullable
/Users/srinidhi/Desktop/Workspace/Ionic-Sample/Sample-Project/platforms/ios/Pods/Headers/Public/UnviredSDK/IDataStructure.h:159:12: note: insert '_Nonnull' if the pointer should never be null
- (NSArray *)getGids;
           ^
            _Nonnull
/Users/srinidhi/Desktop/Workspace/Ionic-Sample/Sample-Project/platforms/ios/Pods/Headers/Public/UnviredSDK/IDataStructure.h:165:12: warning: pointer is missing a nullability type specifier (_Nonnull, _Nullable, or _Null_unspecified) [-Wnullability-completeness]
- (NSArray *)getChildrenTableNames;
           ^
/Users/srinidhi/Desktop/Workspace/Ionic-Sample/Sample-Project/platforms/ios/Pods/Headers/Public/UnviredSDK/IDataStructure.h:165:12: note: insert '_Nullable' if the pointer may be null
- (NSArray *)getChildrenTableNames;
           ^
            _Nullable
/Users/srinidhi/Desktop/Workspace/Ionic-Sample/Sample-Project/platforms/ios/Pods/Headers/Public/UnviredSDK/IDataStructure.h:165:12: note: insert '_Nonnull' if the pointer should never be null
- (NSArray *)getChildrenTableNames;
           ^
            _Nonnull
/Users/srinidhi/Desktop/Workspace/Ionic-Sample/Sample-Project/platforms/ios/Pods/Headers/Public/UnviredSDK/IDataStructure.h:170:34: warning: pointer is missing a nullability type specifier (_Nonnull, _Nullable, or _Null_unspecified) [-Wnullability-completeness]
- (BOOL)isFieldPresent:(NSString *)field;
                                 ^
/Users/srinidhi/Desktop/Workspace/Ionic-Sample/Sample-Project/platforms/ios/Pods/Headers/Public/UnviredSDK/IDataStructure.h:170:34: note: insert '_Nullable' if the pointer may be null
- (BOOL)isFieldPresent:(NSString *)field;
                                 ^
                                  _Nullable
/Users/srinidhi/Desktop/Workspace/Ionic-Sample/Sample-Project/platforms/ios/Pods/Headers/Public/UnviredSDK/IDataStructure.h:170:34: note: insert '_Nonnull' if the pointer should never be null
- (BOOL)isFieldPresent:(NSString *)field;
                                 ^
                                  _Nonnull
/Users/srinidhi/Desktop/Workspace/Ionic-Sample/Sample-Project/platforms/ios/Pods/Headers/Public/UnviredSDK/IDataStructure.h:175:23: warning: pointer is missing a nullability type specifier (_Nonnull, _Nullable, or _Null_unspecified) [-Wnullability-completeness]
- (BOOL)areGIDsEqual:(id<IDataStructure>)anotherStructure;
                      ^
/Users/srinidhi/Desktop/Workspace/Ionic-Sample/Sample-Project/platforms/ios/Pods/Headers/Public/UnviredSDK/IDataStructure.h:175:40: note: insert '_Nullable' if the pointer may be null
- (BOOL)areGIDsEqual:(id<IDataStructure>)anotherStructure;
                                       ^
                                        _Nullable
/Users/srinidhi/Desktop/Workspace/Ionic-Sample/Sample-Project/platforms/ios/Pods/Headers/Public/UnviredSDK/IDataStructure.h:175:40: note: insert '_Nonnull' if the pointer should never be null
- (BOOL)areGIDsEqual:(id<IDataStructure>)anotherStructure;
                                       ^
                                        _Nonnull
In file included from /Users/srinidhi/Desktop/Workspace/Ionic-Sample/Sample-Project/platforms/ios/MyApp/Plugins/cordova-plugin-unvired-sdk/IOSLoginPlugin.m:20:
/Users/srinidhi/Desktop/Workspace/Ionic-Sample/Sample-Project/platforms/ios/Pods/Headers/Public/UnviredSDK/UnviredFrameworkUtils.h:153:115: warning: this block declaration is not a prototype [-Wstrict-prototypes]
+ (void)checkSystemCredentialsWithPresentBlock:(void (^) (UIViewController *))presentBlock dismissBlock:(void (^) ())dismissBlock;
                                                                                                                  ^
                                                                                                                   void
In file included from /Users/srinidhi/Desktop/Workspace/Ionic-Sample/Sample-Project/platforms/ios/MyApp/Plugins/cordova-plugin-unvired-sdk/IOSLoginPlugin.m:21:
/Users/srinidhi/Desktop/Workspace/Ionic-Sample/Sample-Project/platforms/ios/Pods/Headers/Public/UnviredSDK/PathManager.h:27:46: warning: pointer is missing a nullability type specifier (_Nonnull, _Nullable, or _Null_unspecified) [-Wnullability-completeness]
@property (nonatomic, strong) UnviredAccount *activeAccount;
                                             ^
/Users/srinidhi/Desktop/Workspace/Ionic-Sample/Sample-Project/platforms/ios/Pods/Headers/Public/UnviredSDK/PathManager.h:27:46: note: insert '_Nullable' if the pointer may be null
@property (nonatomic, strong) UnviredAccount *activeAccount;
                                             ^
                                               _Nullable 
/Users/srinidhi/Desktop/Workspace/Ionic-Sample/Sample-Project/platforms/ios/Pods/Headers/Public/UnviredSDK/PathManager.h:27:46: note: insert '_Nonnull' if the pointer should never be null
@property (nonatomic, strong) UnviredAccount *activeAccount;
                                             ^
                                               _Nonnull 
In file included from /Users/srinidhi/Desktop/Workspace/Ionic-Sample/Sample-Project/platforms/ios/MyApp/Plugins/cordova-plugin-unvired-sdk/IOSLoginPlugin.m:28:
/Users/srinidhi/Desktop/Workspace/Ionic-Sample/Sample-Project/platforms/ios/Pods/Headers/Public/UnviredSDK/ServerTrustEvaluator.h:27:53: warning: this block declaration is not a prototype [-Wstrict-prototypes]
@property (nonatomic, strong) void (^onTrustSuccess)();
                                                    ^
                                                     void
/Users/srinidhi/Desktop/Workspace/Ionic-Sample/Sample-Project/platforms/ios/Pods/Headers/Public/UnviredSDK/ServerTrustEvaluator.h:28:53: warning: this block declaration is not a prototype [-Wstrict-prototypes]
@property (nonatomic, strong) void (^onTrustFailure)();
                                                    ^
                                                     void
/Users/srinidhi/Desktop/Workspace/Ionic-Sample/Sample-Project/platforms/ios/MyApp/Plugins/cordova-plugin-unvired-sdk/IOSLoginPlugin.m:306:53: warning: 'setCompany:' is deprecated: Use defaultCompany instead [-Wdeprecated-declarations]
                [[LoginParameters sharedParameters] setCompany:companyAlias];
                                                    ^
In file included from /Users/srinidhi/Desktop/Workspace/Ionic-Sample/Sample-Project/platforms/ios/MyApp/Plugins/cordova-plugin-unvired-sdk/IOSLoginPlugin.m:10:
/Users/srinidhi/Desktop/Workspace/Ionic-Sample/Sample-Project/platforms/ios/Pods/Headers/Public/UnviredSDK/LoginParameters.h:335:41: note: property 'company' is declared deprecated here
@property (nonatomic, strong) NSString *company DEPRECATED_MSG_ATTRIBUTE("Use defaultCompany instead");
                                        ^
/Users/srinidhi/Desktop/Workspace/Ionic-Sample/Sample-Project/platforms/ios/Pods/Headers/Public/UnviredSDK/LoginParameters.h:335:49: note: 'setCompany:' has been explicitly marked deprecated here
@property (nonatomic, strong) NSString *company DEPRECATED_MSG_ATTRIBUTE("Use defaultCompany instead");
                                                ^
In module 'Foundation' imported from /Users/srinidhi/Desktop/Workspace/Ionic-Sample/Sample-Project/platforms/ios/MyApp/MyApp-Prefix.pch:24:
In module 'CoreFoundation' imported from /Applications/Xcode.app/Contents/Developer/Platforms/iPhoneSimulator.platform/Developer/SDKs/iPhoneSimulator16.2.sdk/System/Library/Frameworks/Foundation.framework/Headers/Foundation.h:6:
In module 'Darwin' imported from /Applications/Xcode.app/Contents/Developer/Platforms/iPhoneSimulator.platform/Developer/SDKs/iPhoneSimulator16.2.sdk/System/Library/Frameworks/CoreFoundation.framework/Headers/CoreFoundation.h:16:
/Applications/Xcode.app/Contents/Developer/Platforms/iPhoneSimulator.platform/Developer/SDKs/iPhoneSimulator16.2.sdk/usr/include/AvailabilityMacros.h:187:64: note: expanded from macro 'DEPRECATED_MSG_ATTRIBUTE'
            #define DEPRECATED_MSG_ATTRIBUTE(s) __attribute__((deprecated(s)))
                                                               ^
/Users/srinidhi/Desktop/Workspace/Ionic-Sample/Sample-Project/platforms/ios/MyApp/Plugins/cordova-plugin-unvired-sdk/IOSLoginPlugin.m:362:31: warning: unused variable 'loginType' [-Wunused-variable]
                    NSString *loginType =  jsonDictionary[LOGIN_TYPE];
                              ^
20 warnings generated.

CompileC /Users/srinidhi/Library/Developer/Xcode/DerivedData/MyApp-glngprrxiuzgwgasskfjbnjwcvbk/Build/Intermediates.noindex/MyApp.build/Debug-iphonesimulator/MyApp.build/Objects-normal/x86_64/IOSLoggerPlugin.o /Users/srinidhi/Desktop/Workspace/Ionic-Sample/Sample-Project/platforms/ios/MyApp/Plugins/cordova-plugin-unvired-sdk/IOSLoggerPlugin.m normal x86_64 objective-c com.apple.compilers.llvm.clang.1_0.compiler (in target 'MyApp' from project 'MyApp')
    cd /Users/srinidhi/Desktop/Workspace/Ionic-Sample/Sample-Project/platforms/ios
    /Applications/Xcode.app/Contents/Developer/Toolchains/XcodeDefault.xctoolchain/usr/bin/clang -x objective-c -target x86_64-apple-ios11.0-simulator -fmessage-length\=0 -fdiagnostics-show-note-include-stack -fmacro-backtrace-limit\=0 -std\=c99 -fobjc-arc -fmodules -gmodules -fmodules-cache-path\=/Users/srinidhi/Library/Developer/Xcode/DerivedData/ModuleCache.noindex -fmodules-prune-interval\=86400 -fmodules-prune-after\=345600 -fbuild-session-file\=/Users/srinidhi/Library/Developer/Xcode/DerivedData/ModuleCache.noindex/Session.modulevalidation -fmodules-validate-once-per-build-session -Wno-trigraphs -fpascal-strings -O0 -fno-common -Wno-missing-field-initializers -Wno-missing-prototypes -Wunreachable-code -Wno-implicit-atomic-properties -Wno-objc-interface-ivars -Wno-arc-repeated-use-of-weak -Wimplicit-retain-self -Wduplicate-method-match -Wno-missing-braces -Wparentheses -Wswitch -Wunused-function -Wno-unused-label -Wno-unused-parameter -Wunused-variable -Wunused-value -Wempty-body -Wuninitialized -Wno-unknown-pragmas -Wno-shadow -Wno-four-char-constants -Wno-conversion -Wconstant-conversion -Wint-conversion -Wbool-conversion -Wenum-conversion -Wno-float-conversion -Wnon-literal-null-conversion -Wobjc-literal-conversion -Wshorten-64-to-32 -Wpointer-sign -Wno-newline-eof -Wno-selector -Wno-strict-selector-match -Wundeclared-selector -Wdeprecated-implementations -Wno-implicit-fallthrough -DWK_WEB_VIEW_ONLY\=1 -DWK_WEB_VIEW_ONLY\=1 -DDEBUG\=1 -DCOCOAPODS\=1 -DOBJC_OLD_DISPATCH_PROTOTYPES\=0 -isysroot /Applications/Xcode.app/Contents/Developer/Platforms/iPhoneSimulator.platform/Developer/SDKs/iPhoneSimulator16.2.sdk -fasm-blocks -fstrict-aliasing -Wprotocol -Wdeprecated-declarations -g -Wno-sign-conversion -Winfinite-recursion -Wcomma -Wblock-capture-autoreleasing -Wstrict-prototypes -Wno-semicolon-before-method-body -fobjc-abi-version\=2 -fobjc-legacy-dispatch -index-store-path /Users/srinidhi/Library/Developer/Xcode/DerivedData/MyApp-glngprrxiuzgwgasskfjbnjwcvbk/Index.noindex/DataStore -iquote /Users/srinidhi/Library/Developer/Xcode/DerivedData/MyApp-glngprrxiuzgwgasskfjbnjwcvbk/Build/Intermediates.noindex/MyApp.build/Debug-iphonesimulator/MyApp.build/MyApp-generated-files.hmap -I/Users/srinidhi/Library/Developer/Xcode/DerivedData/MyApp-glngprrxiuzgwgasskfjbnjwcvbk/Build/Intermediates.noindex/MyApp.build/Debug-iphonesimulator/MyApp.build/MyApp-own-target-headers.hmap -I/Users/srinidhi/Library/Developer/Xcode/DerivedData/MyApp-glngprrxiuzgwgasskfjbnjwcvbk/Build/Intermediates.noindex/MyApp.build/Debug-iphonesimulator/MyApp.build/MyApp-all-target-headers.hmap -iquote /Users/srinidhi/Library/Developer/Xcode/DerivedData/MyApp-glngprrxiuzgwgasskfjbnjwcvbk/Build/Intermediates.noindex/MyApp.build/Debug-iphonesimulator/MyApp.build/MyApp-project-headers.hmap -I/Users/srinidhi/Desktop/Workspace/Ionic-Sample/Sample-Project/platforms/ios/build/emulator/include -I/Users/srinidhi/Desktop/Workspace/Ionic-Sample/Sample-Project/platforms/ios/build/emulator/usr/local/lib/include -I/Users/srinidhi/Library/Developer/Xcode/DerivedData/MyApp-glngprrxiuzgwgasskfjbnjwcvbk/Build/Intermediates.noindex/UninstalledProducts/include -I/Users/srinidhi/Library/Developer/Xcode/DerivedData/MyApp-glngprrxiuzgwgasskfjbnjwcvbk/Build/Intermediates.noindex/UninstalledProducts/iphonesimulator/include -I/Users/srinidhi/Desktop/Workspace/Ionic-Sample/Sample-Project/platforms/ios/build/emulator -I/Users/srinidhi/Desktop/Workspace/Ionic-Sample/Sample-Project/platforms/ios/Pods/Headers/Public -I/Users/srinidhi/Desktop/Workspace/Ionic-Sample/Sample-Project/platforms/ios/Pods/Headers/Public/UnviredSDK -I/Users/srinidhi/Desktop/Workspace/Ionic-Sample/Sample-Project/platforms/ios/Pods/Headers/UnviredSDK -I/Users/srinidhi/Library/Developer/Xcode/DerivedData/MyApp-glngprrxiuzgwgasskfjbnjwcvbk/Build/Intermediates.noindex/MyApp.build/Debug-iphonesimulator/MyApp.build/DerivedSources-normal/x86_64 -I/Users/srinidhi/Library/Developer/Xcode/DerivedData/MyApp-glngprrxiuzgwgasskfjbnjwcvbk/Build/Intermediates.noindex/MyApp.build/Debug-iphonesimulator/MyApp.build/DerivedSources/x86_64 -I/Users/srinidhi/Library/Developer/Xcode/DerivedData/MyApp-glngprrxiuzgwgasskfjbnjwcvbk/Build/Intermediates.noindex/MyApp.build/Debug-iphonesimulator/MyApp.build/DerivedSources -F/Users/srinidhi/Desktop/Workspace/Ionic-Sample/Sample-Project/platforms/ios/build/emulator -include /Users/srinidhi/Desktop/Workspace/Ionic-Sample/Sample-Project/platforms/ios/build/sharedpch/SharedPrecompiledHeaders/883974999942226412/MyApp-Prefix.pch -MMD -MT dependencies -MF /Users/srinidhi/Library/Developer/Xcode/DerivedData/MyApp-glngprrxiuzgwgasskfjbnjwcvbk/Build/Intermediates.noindex/MyApp.build/Debug-iphonesimulator/MyApp.build/Objects-normal/x86_64/IOSLoggerPlugin.d --serialize-diagnostics /Users/srinidhi/Library/Developer/Xcode/DerivedData/MyApp-glngprrxiuzgwgasskfjbnjwcvbk/Build/Intermediates.noindex/MyApp.build/Debug-iphonesimulator/MyApp.build/Objects-normal/x86_64/IOSLoggerPlugin.dia -c /Users/srinidhi/Desktop/Workspace/Ionic-Sample/Sample-Project/platforms/ios/MyApp/Plugins/cordova-plugin-unvired-sdk/IOSLoggerPlugin.m -o /Users/srinidhi/Library/Developer/Xcode/DerivedData/MyApp-glngprrxiuzgwgasskfjbnjwcvbk/Build/Intermediates.noindex/MyApp.build/Debug-iphonesimulator/MyApp.build/Objects-normal/x86_64/IOSLoggerPlugin.o -index-unit-output-path /MyApp.build/Debug-iphonesimulator/MyApp.build/Objects-normal/x86_64/IOSLoggerPlugin.o
In file included from /Users/srinidhi/Desktop/Workspace/Ionic-Sample/Sample-Project/platforms/ios/MyApp/Plugins/cordova-plugin-unvired-sdk/IOSLoggerPlugin.m:11:
In file included from /Users/srinidhi/Desktop/Workspace/Ionic-Sample/Sample-Project/platforms/ios/MyApp/Plugins/cordova-plugin-unvired-sdk/PluginConstants.h:10:
In file included from /Users/srinidhi/Desktop/Workspace/Ionic-Sample/Sample-Project/platforms/ios/Pods/Headers/Public/UnviredSDK/SystemCredential.h:11:
In file included from /Users/srinidhi/Desktop/Workspace/Ionic-Sample/Sample-Project/platforms/ios/Pods/Headers/Public/UnviredSDK/DataStructure.h:10:
/Users/srinidhi/Desktop/Workspace/Ionic-Sample/Sample-Project/platforms/ios/Pods/Headers/Public/UnviredSDK/IDataStructure.h:29:17: warning: pointer is missing a nullability type specifier (_Nonnull, _Nullable, or _Null_unspecified) [-Wnullability-completeness]
static NSString *const FIELD_LID = @"LID";
                ^
/Users/srinidhi/Desktop/Workspace/Ionic-Sample/Sample-Project/platforms/ios/Pods/Headers/Public/UnviredSDK/IDataStructure.h:29:17: note: insert '_Nullable' if the pointer may be null
static NSString *const FIELD_LID = @"LID";
                ^
                  _Nullable 
/Users/srinidhi/Desktop/Workspace/Ionic-Sample/Sample-Project/platforms/ios/Pods/Headers/Public/UnviredSDK/IDataStructure.h:29:17: note: insert '_Nonnull' if the pointer should never be null
static NSString *const FIELD_LID = @"LID";
                ^
                  _Nonnull 
/Users/srinidhi/Desktop/Workspace/Ionic-Sample/Sample-Project/platforms/ios/Pods/Headers/Public/UnviredSDK/IDataStructure.h:116:26: warning: pointer is missing a nullability type specifier (_Nonnull, _Nullable, or _Null_unspecified) [-Wnullability-completeness]
- (void)setFid:(NSString *)fid;
                         ^
/Users/srinidhi/Desktop/Workspace/Ionic-Sample/Sample-Project/platforms/ios/Pods/Headers/Public/UnviredSDK/IDataStructure.h:116:26: note: insert '_Nullable' if the pointer may be null
- (void)setFid:(NSString *)fid;
                         ^
                          _Nullable
/Users/srinidhi/Desktop/Workspace/Ionic-Sample/Sample-Project/platforms/ios/Pods/Headers/Public/UnviredSDK/IDataStructure.h:116:26: note: insert '_Nonnull' if the pointer should never be null
- (void)setFid:(NSString *)fid;
                         ^
                          _Nonnull
/Users/srinidhi/Desktop/Workspace/Ionic-Sample/Sample-Project/platforms/ios/Pods/Headers/Public/UnviredSDK/IDataStructure.h:126:43: warning: pointer is missing a nullability type specifier (_Nonnull, _Nullable, or _Null_unspecified) [-Wnullability-completeness]
- (BOOL)setFieldBasedOnDataType:(NSString *)fieldName value:(id)value;
                                          ^
/Users/srinidhi/Desktop/Workspace/Ionic-Sample/Sample-Project/platforms/ios/Pods/Headers/Public/UnviredSDK/IDataStructure.h:126:43: note: insert '_Nullable' if the pointer may be null
- (BOOL)setFieldBasedOnDataType:(NSString *)fieldName value:(id)value;
                                          ^
                                           _Nullable
/Users/srinidhi/Desktop/Workspace/Ionic-Sample/Sample-Project/platforms/ios/Pods/Headers/Public/UnviredSDK/IDataStructure.h:126:43: note: insert '_Nonnull' if the pointer should never be null
- (BOOL)setFieldBasedOnDataType:(NSString *)fieldName value:(id)value;
                                          ^
                                           _Nonnull
/Users/srinidhi/Desktop/Workspace/Ionic-Sample/Sample-Project/platforms/ios/Pods/Headers/Public/UnviredSDK/IDataStructure.h:126:62: warning: pointer is missing a nullability type specifier (_Nonnull, _Nullable, or _Null_unspecified) [-Wnullability-completeness]
- (BOOL)setFieldBasedOnDataType:(NSString *)fieldName value:(id)value;
                                                             ^
/Users/srinidhi/Desktop/Workspace/Ionic-Sample/Sample-Project/platforms/ios/Pods/Headers/Public/UnviredSDK/IDataStructure.h:126:62: note: insert '_Nullable' if the pointer may be null
- (BOOL)setFieldBasedOnDataType:(NSString *)fieldName value:(id)value;
                                                             ^
                                                                _Nullable 
/Users/srinidhi/Desktop/Workspace/Ionic-Sample/Sample-Project/platforms/ios/Pods/Headers/Public/UnviredSDK/IDataStructure.h:126:62: note: insert '_Nonnull' if the pointer should never be null
- (BOOL)setFieldBasedOnDataType:(NSString *)fieldName value:(id)value;
                                                             ^
                                                                _Nonnull 
/Users/srinidhi/Desktop/Workspace/Ionic-Sample/Sample-Project/platforms/ios/Pods/Headers/Public/UnviredSDK/IDataStructure.h:127:28: warning: pointer is missing a nullability type specifier (_Nonnull, _Nullable, or _Null_unspecified) [-Wnullability-completeness]
- (BOOL)setField:(NSString *)fieldName value:(id)value;
                           ^
/Users/srinidhi/Desktop/Workspace/Ionic-Sample/Sample-Project/platforms/ios/Pods/Headers/Public/UnviredSDK/IDataStructure.h:127:28: note: insert '_Nullable' if the pointer may be null
- (BOOL)setField:(NSString *)fieldName value:(id)value;
                           ^
                            _Nullable
/Users/srinidhi/Desktop/Workspace/Ionic-Sample/Sample-Project/platforms/ios/Pods/Headers/Public/UnviredSDK/IDataStructure.h:127:28: note: insert '_Nonnull' if the pointer should never be null
- (BOOL)setField:(NSString *)fieldName value:(id)value;
                           ^
                            _Nonnull
/Users/srinidhi/Desktop/Workspace/Ionic-Sample/Sample-Project/platforms/ios/Pods/Headers/Public/UnviredSDK/IDataStructure.h:127:47: warning: pointer is missing a nullability type specifier (_Nonnull, _Nullable, or _Null_unspecified) [-Wnullability-completeness]
- (BOOL)setField:(NSString *)fieldName value:(id)value;
                                              ^
/Users/srinidhi/Desktop/Workspace/Ionic-Sample/Sample-Project/platforms/ios/Pods/Headers/Public/UnviredSDK/IDataStructure.h:127:47: note: insert '_Nullable' if the pointer may be null
- (BOOL)setField:(NSString *)fieldName value:(id)value;
                                              ^
                                                 _Nullable 
/Users/srinidhi/Desktop/Workspace/Ionic-Sample/Sample-Project/platforms/ios/Pods/Headers/Public/UnviredSDK/IDataStructure.h:127:47: note: insert '_Nonnull' if the pointer should never be null
- (BOOL)setField:(NSString *)fieldName value:(id)value;
                                              ^
                                                 _Nonnull 
/Users/srinidhi/Desktop/Workspace/Ionic-Sample/Sample-Project/platforms/ios/Pods/Headers/Public/UnviredSDK/IDataStructure.h:135:4: warning: pointer is missing a nullability type specifier (_Nonnull, _Nullable, or _Null_unspecified) [-Wnullability-completeness]
- (id)getField:(NSString *)fieldName;
   ^
/Users/srinidhi/Desktop/Workspace/Ionic-Sample/Sample-Project/platforms/ios/Pods/Headers/Public/UnviredSDK/IDataStructure.h:135:4: note: insert '_Nullable' if the pointer may be null
- (id)getField:(NSString *)fieldName;
   ^
      _Nullable 
/Users/srinidhi/Desktop/Workspace/Ionic-Sample/Sample-Project/platforms/ios/Pods/Headers/Public/UnviredSDK/IDataStructure.h:135:4: note: insert '_Nonnull' if the pointer should never be null
- (id)getField:(NSString *)fieldName;
   ^
      _Nonnull 
/Users/srinidhi/Desktop/Workspace/Ionic-Sample/Sample-Project/platforms/ios/Pods/Headers/Public/UnviredSDK/IDataStructure.h:135:26: warning: pointer is missing a nullability type specifier (_Nonnull, _Nullable, or _Null_unspecified) [-Wnullability-completeness]
- (id)getField:(NSString *)fieldName;
                         ^
/Users/srinidhi/Desktop/Workspace/Ionic-Sample/Sample-Project/platforms/ios/Pods/Headers/Public/UnviredSDK/IDataStructure.h:135:26: note: insert '_Nullable' if the pointer may be null
- (id)getField:(NSString *)fieldName;
                         ^
                          _Nullable
/Users/srinidhi/Desktop/Workspace/Ionic-Sample/Sample-Project/platforms/ios/Pods/Headers/Public/UnviredSDK/IDataStructure.h:135:26: note: insert '_Nonnull' if the pointer should never be null
- (id)getField:(NSString *)fieldName;
                         ^
                          _Nonnull
/Users/srinidhi/Desktop/Workspace/Ionic-Sample/Sample-Project/platforms/ios/Pods/Headers/Public/UnviredSDK/IDataStructure.h:147:17: warning: pointer is missing a nullability type specifier (_Nonnull, _Nullable, or _Null_unspecified) [-Wnullability-completeness]
- (NSEnumerator *)getFieldNames;
                ^
/Users/srinidhi/Desktop/Workspace/Ionic-Sample/Sample-Project/platforms/ios/Pods/Headers/Public/UnviredSDK/IDataStructure.h:147:17: note: insert '_Nullable' if the pointer may be null
- (NSEnumerator *)getFieldNames;
                ^
                 _Nullable
/Users/srinidhi/Desktop/Workspace/Ionic-Sample/Sample-Project/platforms/ios/Pods/Headers/Public/UnviredSDK/IDataStructure.h:147:17: note: insert '_Nonnull' if the pointer should never be null
- (NSEnumerator *)getFieldNames;
                ^
                 _Nonnull
/Users/srinidhi/Desktop/Workspace/Ionic-Sample/Sample-Project/platforms/ios/Pods/Headers/Public/UnviredSDK/IDataStructure.h:153:12: warning: pointer is missing a nullability type specifier (_Nonnull, _Nullable, or _Null_unspecified) [-Wnullability-completeness]
- (NSArray *)getGidFieldNames;
           ^
/Users/srinidhi/Desktop/Workspace/Ionic-Sample/Sample-Project/platforms/ios/Pods/Headers/Public/UnviredSDK/IDataStructure.h:153:12: note: insert '_Nullable' if the pointer may be null
- (NSArray *)getGidFieldNames;
           ^
            _Nullable
/Users/srinidhi/Desktop/Workspace/Ionic-Sample/Sample-Project/platforms/ios/Pods/Headers/Public/UnviredSDK/IDataStructure.h:153:12: note: insert '_Nonnull' if the pointer should never be null
- (NSArray *)getGidFieldNames;
           ^
            _Nonnull
/Users/srinidhi/Desktop/Workspace/Ionic-Sample/Sample-Project/platforms/ios/Pods/Headers/Public/UnviredSDK/IDataStructure.h:159:12: warning: pointer is missing a nullability type specifier (_Nonnull, _Nullable, or _Null_unspecified) [-Wnullability-completeness]
- (NSArray *)getGids;
           ^
/Users/srinidhi/Desktop/Workspace/Ionic-Sample/Sample-Project/platforms/ios/Pods/Headers/Public/UnviredSDK/IDataStructure.h:159:12: note: insert '_Nullable' if the pointer may be null
- (NSArray *)getGids;
           ^
            _Nullable
/Users/srinidhi/Desktop/Workspace/Ionic-Sample/Sample-Project/platforms/ios/Pods/Headers/Public/UnviredSDK/IDataStructure.h:159:12: note: insert '_Nonnull' if the pointer should never be null
- (NSArray *)getGids;
           ^
            _Nonnull
/Users/srinidhi/Desktop/Workspace/Ionic-Sample/Sample-Project/platforms/ios/Pods/Headers/Public/UnviredSDK/IDataStructure.h:165:12: warning: pointer is missing a nullability type specifier (_Nonnull, _Nullable, or _Null_unspecified) [-Wnullability-completeness]
- (NSArray *)getChildrenTableNames;
           ^
/Users/srinidhi/Desktop/Workspace/Ionic-Sample/Sample-Project/platforms/ios/Pods/Headers/Public/UnviredSDK/IDataStructure.h:165:12: note: insert '_Nullable' if the pointer may be null
- (NSArray *)getChildrenTableNames;
           ^
            _Nullable
/Users/srinidhi/Desktop/Workspace/Ionic-Sample/Sample-Project/platforms/ios/Pods/Headers/Public/UnviredSDK/IDataStructure.h:165:12: note: insert '_Nonnull' if the pointer should never be null
- (NSArray *)getChildrenTableNames;
           ^
            _Nonnull
/Users/srinidhi/Desktop/Workspace/Ionic-Sample/Sample-Project/platforms/ios/Pods/Headers/Public/UnviredSDK/IDataStructure.h:170:34: warning: pointer is missing a nullability type specifier (_Nonnull, _Nullable, or _Null_unspecified) [-Wnullability-completeness]
- (BOOL)isFieldPresent:(NSString *)field;
                                 ^
/Users/srinidhi/Desktop/Workspace/Ionic-Sample/Sample-Project/platforms/ios/Pods/Headers/Public/UnviredSDK/IDataStructure.h:170:34: note: insert '_Nullable' if the pointer may be null
- (BOOL)isFieldPresent:(NSString *)field;
                                 ^
                                  _Nullable
/Users/srinidhi/Desktop/Workspace/Ionic-Sample/Sample-Project/platforms/ios/Pods/Headers/Public/UnviredSDK/IDataStructure.h:170:34: note: insert '_Nonnull' if the pointer should never be null
- (BOOL)isFieldPresent:(NSString *)field;
                                 ^
                                  _Nonnull
/Users/srinidhi/Desktop/Workspace/Ionic-Sample/Sample-Project/platforms/ios/Pods/Headers/Public/UnviredSDK/IDataStructure.h:175:23: warning: pointer is missing a nullability type specifier (_Nonnull, _Nullable, or _Null_unspecified) [-Wnullability-completeness]
- (BOOL)areGIDsEqual:(id<IDataStructure>)anotherStructure;
                      ^
/Users/srinidhi/Desktop/Workspace/Ionic-Sample/Sample-Project/platforms/ios/Pods/Headers/Public/UnviredSDK/IDataStructure.h:175:40: note: insert '_Nullable' if the pointer may be null
- (BOOL)areGIDsEqual:(id<IDataStructure>)anotherStructure;
                                       ^
                                        _Nullable
/Users/srinidhi/Desktop/Workspace/Ionic-Sample/Sample-Project/platforms/ios/Pods/Headers/Public/UnviredSDK/IDataStructure.h:175:40: note: insert '_Nonnull' if the pointer should never be null
- (BOOL)areGIDsEqual:(id<IDataStructure>)anotherStructure;
                                       ^
                                        _Nonnull
/Users/srinidhi/Desktop/Workspace/Ionic-Sample/Sample-Project/platforms/ios/MyApp/Plugins/cordova-plugin-unvired-sdk/IOSLoggerPlugin.m:44:17: warning: 'loggerWithLevel:className:method:message:' is deprecated: Use loggerWithLog: instead [-Wdeprecated-declarations]
        [Logger loggerWithLevel:LEVEL_DEBUG className:srcClass method:srcMethod message:message];
                ^
In file included from /Users/srinidhi/Desktop/Workspace/Ionic-Sample/Sample-Project/platforms/ios/MyApp/Plugins/cordova-plugin-unvired-sdk/IOSLoggerPlugin.m:10:
/Users/srinidhi/Desktop/Workspace/Ionic-Sample/Sample-Project/platforms/ios/Pods/Headers/Public/UnviredSDK/Logger.h:70:45: note: 'loggerWithLevel:className:method:message:' has been explicitly marked deprecated here
                message:(NSString *)message DEPRECATED_MSG_ATTRIBUTE("Use loggerWithLog: instead");
                                            ^
In module 'Foundation' imported from /Users/srinidhi/Desktop/Workspace/Ionic-Sample/Sample-Project/platforms/ios/MyApp/MyApp-Prefix.pch:24:
In module 'CoreFoundation' imported from /Applications/Xcode.app/Contents/Developer/Platforms/iPhoneSimulator.platform/Developer/SDKs/iPhoneSimulator16.2.sdk/System/Library/Frameworks/Foundation.framework/Headers/Foundation.h:6:
In module 'Darwin' imported from /Applications/Xcode.app/Contents/Developer/Platforms/iPhoneSimulator.platform/Developer/SDKs/iPhoneSimulator16.2.sdk/System/Library/Frameworks/CoreFoundation.framework/Headers/CoreFoundation.h:16:
/Applications/Xcode.app/Contents/Developer/Platforms/iPhoneSimulator.platform/Developer/SDKs/iPhoneSimulator16.2.sdk/usr/include/AvailabilityMacros.h:187:64: note: expanded from macro 'DEPRECATED_MSG_ATTRIBUTE'
            #define DEPRECATED_MSG_ATTRIBUTE(s) __attribute__((deprecated(s)))
                                                               ^
/Users/srinidhi/Desktop/Workspace/Ionic-Sample/Sample-Project/platforms/ios/MyApp/Plugins/cordova-plugin-unvired-sdk/IOSLoggerPlugin.m:57:17: warning: 'loggerWithLevel:className:method:message:' is deprecated: Use loggerWithLog: instead [-Wdeprecated-declarations]
        [Logger loggerWithLevel:LEVEL_ERROR className:srcClass method:srcMethod message:message];
                ^
In file included from /Users/srinidhi/Desktop/Workspace/Ionic-Sample/Sample-Project/platforms/ios/MyApp/Plugins/cordova-plugin-unvired-sdk/IOSLoggerPlugin.m:10:
/Users/srinidhi/Desktop/Workspace/Ionic-Sample/Sample-Project/platforms/ios/Pods/Headers/Public/UnviredSDK/Logger.h:70:45: note: 'loggerWithLevel:className:method:message:' has been explicitly marked deprecated here
                message:(NSString *)message DEPRECATED_MSG_ATTRIBUTE("Use loggerWithLog: instead");
                                            ^
In module 'Foundation' imported from /Users/srinidhi/Desktop/Workspace/Ionic-Sample/Sample-Project/platforms/ios/MyApp/MyApp-Prefix.pch:24:
In module 'CoreFoundation' imported from /Applications/Xcode.app/Contents/Developer/Platforms/iPhoneSimulator.platform/Developer/SDKs/iPhoneSimulator16.2.sdk/System/Library/Frameworks/Foundation.framework/Headers/Foundation.h:6:
In module 'Darwin' imported from /Applications/Xcode.app/Contents/Developer/Platforms/iPhoneSimulator.platform/Developer/SDKs/iPhoneSimulator16.2.sdk/System/Library/Frameworks/CoreFoundation.framework/Headers/CoreFoundation.h:16:
/Applications/Xcode.app/Contents/Developer/Platforms/iPhoneSimulator.platform/Developer/SDKs/iPhoneSimulator16.2.sdk/usr/include/AvailabilityMacros.h:187:64: note: expanded from macro 'DEPRECATED_MSG_ATTRIBUTE'
            #define DEPRECATED_MSG_ATTRIBUTE(s) __attribute__((deprecated(s)))
                                                               ^
/Users/srinidhi/Desktop/Workspace/Ionic-Sample/Sample-Project/platforms/ios/MyApp/Plugins/cordova-plugin-unvired-sdk/IOSLoggerPlugin.m:70:17: warning: 'loggerWithLevel:className:method:message:' is deprecated: Use loggerWithLog: instead [-Wdeprecated-declarations]
        [Logger loggerWithLevel:LEVEL_IMPORTANT className:srcClass method:srcMethod message:message];
                ^
In file included from /Users/srinidhi/Desktop/Workspace/Ionic-Sample/Sample-Project/platforms/ios/MyApp/Plugins/cordova-plugin-unvired-sdk/IOSLoggerPlugin.m:10:
/Users/srinidhi/Desktop/Workspace/Ionic-Sample/Sample-Project/platforms/ios/Pods/Headers/Public/UnviredSDK/Logger.h:70:45: note: 'loggerWithLevel:className:method:message:' has been explicitly marked deprecated here
                message:(NSString *)message DEPRECATED_MSG_ATTRIBUTE("Use loggerWithLog: instead");
                                            ^
In module 'Foundation' imported from /Users/srinidhi/Desktop/Workspace/Ionic-Sample/Sample-Project/platforms/ios/MyApp/MyApp-Prefix.pch:24:
In module 'CoreFoundation' imported from /Applications/Xcode.app/Contents/Developer/Platforms/iPhoneSimulator.platform/Developer/SDKs/iPhoneSimulator16.2.sdk/System/Library/Frameworks/Foundation.framework/Headers/Foundation.h:6:
In module 'Darwin' imported from /Applications/Xcode.app/Contents/Developer/Platforms/iPhoneSimulator.platform/Developer/SDKs/iPhoneSimulator16.2.sdk/System/Library/Frameworks/CoreFoundation.framework/Headers/CoreFoundation.h:16:
/Applications/Xcode.app/Contents/Developer/Platforms/iPhoneSimulator.platform/Developer/SDKs/iPhoneSimulator16.2.sdk/usr/include/AvailabilityMacros.h:187:64: note: expanded from macro 'DEPRECATED_MSG_ATTRIBUTE'
            #define DEPRECATED_MSG_ATTRIBUTE(s) __attribute__((deprecated(s)))
                                                               ^
17 warnings generated.

CompileC /Users/srinidhi/Library/Developer/Xcode/DerivedData/MyApp-glngprrxiuzgwgasskfjbnjwcvbk/Build/Intermediates.noindex/MyApp.build/Debug-iphonesimulator/MyApp.build/Objects-normal/x86_64/IOSFWSettingsPlugin.o /Users/srinidhi/Desktop/Workspace/Ionic-Sample/Sample-Project/platforms/ios/MyApp/Plugins/cordova-plugin-unvired-sdk/IOSFWSettingsPlugin.m normal x86_64 objective-c com.apple.compilers.llvm.clang.1_0.compiler (in target 'MyApp' from project 'MyApp')
    cd /Users/srinidhi/Desktop/Workspace/Ionic-Sample/Sample-Project/platforms/ios
    /Applications/Xcode.app/Contents/Developer/Toolchains/XcodeDefault.xctoolchain/usr/bin/clang -x objective-c -target x86_64-apple-ios11.0-simulator -fmessage-length\=0 -fdiagnostics-show-note-include-stack -fmacro-backtrace-limit\=0 -std\=c99 -fobjc-arc -fmodules -gmodules -fmodules-cache-path\=/Users/srinidhi/Library/Developer/Xcode/DerivedData/ModuleCache.noindex -fmodules-prune-interval\=86400 -fmodules-prune-after\=345600 -fbuild-session-file\=/Users/srinidhi/Library/Developer/Xcode/DerivedData/ModuleCache.noindex/Session.modulevalidation -fmodules-validate-once-per-build-session -Wno-trigraphs -fpascal-strings -O0 -fno-common -Wno-missing-field-initializers -Wno-missing-prototypes -Wunreachable-code -Wno-implicit-atomic-properties -Wno-objc-interface-ivars -Wno-arc-repeated-use-of-weak -Wimplicit-retain-self -Wduplicate-method-match -Wno-missing-braces -Wparentheses -Wswitch -Wunused-function -Wno-unused-label -Wno-unused-parameter -Wunused-variable -Wunused-value -Wempty-body -Wuninitialized -Wno-unknown-pragmas -Wno-shadow -Wno-four-char-constants -Wno-conversion -Wconstant-conversion -Wint-conversion -Wbool-conversion -Wenum-conversion -Wno-float-conversion -Wnon-literal-null-conversion -Wobjc-literal-conversion -Wshorten-64-to-32 -Wpointer-sign -Wno-newline-eof -Wno-selector -Wno-strict-selector-match -Wundeclared-selector -Wdeprecated-implementations -Wno-implicit-fallthrough -DWK_WEB_VIEW_ONLY\=1 -DWK_WEB_VIEW_ONLY\=1 -DDEBUG\=1 -DCOCOAPODS\=1 -DOBJC_OLD_DISPATCH_PROTOTYPES\=0 -isysroot /Applications/Xcode.app/Contents/Developer/Platforms/iPhoneSimulator.platform/Developer/SDKs/iPhoneSimulator16.2.sdk -fasm-blocks -fstrict-aliasing -Wprotocol -Wdeprecated-declarations -g -Wno-sign-conversion -Winfinite-recursion -Wcomma -Wblock-capture-autoreleasing -Wstrict-prototypes -Wno-semicolon-before-method-body -fobjc-abi-version\=2 -fobjc-legacy-dispatch -index-store-path /Users/srinidhi/Library/Developer/Xcode/DerivedData/MyApp-glngprrxiuzgwgasskfjbnjwcvbk/Index.noindex/DataStore -iquote /Users/srinidhi/Library/Developer/Xcode/DerivedData/MyApp-glngprrxiuzgwgasskfjbnjwcvbk/Build/Intermediates.noindex/MyApp.build/Debug-iphonesimulator/MyApp.build/MyApp-generated-files.hmap -I/Users/srinidhi/Library/Developer/Xcode/DerivedData/MyApp-glngprrxiuzgwgasskfjbnjwcvbk/Build/Intermediates.noindex/MyApp.build/Debug-iphonesimulator/MyApp.build/MyApp-own-target-headers.hmap -I/Users/srinidhi/Library/Developer/Xcode/DerivedData/MyApp-glngprrxiuzgwgasskfjbnjwcvbk/Build/Intermediates.noindex/MyApp.build/Debug-iphonesimulator/MyApp.build/MyApp-all-target-headers.hmap -iquote /Users/srinidhi/Library/Developer/Xcode/DerivedData/MyApp-glngprrxiuzgwgasskfjbnjwcvbk/Build/Intermediates.noindex/MyApp.build/Debug-iphonesimulator/MyApp.build/MyApp-project-headers.hmap -I/Users/srinidhi/Desktop/Workspace/Ionic-Sample/Sample-Project/platforms/ios/build/emulator/include -I/Users/srinidhi/Desktop/Workspace/Ionic-Sample/Sample-Project/platforms/ios/build/emulator/usr/local/lib/include -I/Users/srinidhi/Library/Developer/Xcode/DerivedData/MyApp-glngprrxiuzgwgasskfjbnjwcvbk/Build/Intermediates.noindex/UninstalledProducts/include -I/Users/srinidhi/Library/Developer/Xcode/DerivedData/MyApp-glngprrxiuzgwgasskfjbnjwcvbk/Build/Intermediates.noindex/UninstalledProducts/iphonesimulator/include -I/Users/srinidhi/Desktop/Workspace/Ionic-Sample/Sample-Project/platforms/ios/build/emulator -I/Users/srinidhi/Desktop/Workspace/Ionic-Sample/Sample-Project/platforms/ios/Pods/Headers/Public -I/Users/srinidhi/Desktop/Workspace/Ionic-Sample/Sample-Project/platforms/ios/Pods/Headers/Public/UnviredSDK -I/Users/srinidhi/Desktop/Workspace/Ionic-Sample/Sample-Project/platforms/ios/Pods/Headers/UnviredSDK -I/Users/srinidhi/Library/Developer/Xcode/DerivedData/MyApp-glngprrxiuzgwgasskfjbnjwcvbk/Build/Intermediates.noindex/MyApp.build/Debug-iphonesimulator/MyApp.build/DerivedSources-normal/x86_64 -I/Users/srinidhi/Library/Developer/Xcode/DerivedData/MyApp-glngprrxiuzgwgasskfjbnjwcvbk/Build/Intermediates.noindex/MyApp.build/Debug-iphonesimulator/MyApp.build/DerivedSources/x86_64 -I/Users/srinidhi/Library/Developer/Xcode/DerivedData/MyApp-glngprrxiuzgwgasskfjbnjwcvbk/Build/Intermediates.noindex/MyApp.build/Debug-iphonesimulator/MyApp.build/DerivedSources -F/Users/srinidhi/Desktop/Workspace/Ionic-Sample/Sample-Project/platforms/ios/build/emulator -include /Users/srinidhi/Desktop/Workspace/Ionic-Sample/Sample-Project/platforms/ios/build/sharedpch/SharedPrecompiledHeaders/883974999942226412/MyApp-Prefix.pch -MMD -MT dependencies -MF /Users/srinidhi/Library/Developer/Xcode/DerivedData/MyApp-glngprrxiuzgwgasskfjbnjwcvbk/Build/Intermediates.noindex/MyApp.build/Debug-iphonesimulator/MyApp.build/Objects-normal/x86_64/IOSFWSettingsPlugin.d --serialize-diagnostics /Users/srinidhi/Library/Developer/Xcode/DerivedData/MyApp-glngprrxiuzgwgasskfjbnjwcvbk/Build/Intermediates.noindex/MyApp.build/Debug-iphonesimulator/MyApp.build/Objects-normal/x86_64/IOSFWSettingsPlugin.dia -c /Users/srinidhi/Desktop/Workspace/Ionic-Sample/Sample-Project/platforms/ios/MyApp/Plugins/cordova-plugin-unvired-sdk/IOSFWSettingsPlugin.m -o /Users/srinidhi/Library/Developer/Xcode/DerivedData/MyApp-glngprrxiuzgwgasskfjbnjwcvbk/Build/Intermediates.noindex/MyApp.build/Debug-iphonesimulator/MyApp.build/Objects-normal/x86_64/IOSFWSettingsPlugin.o -index-unit-output-path /MyApp.build/Debug-iphonesimulator/MyApp.build/Objects-normal/x86_64/IOSFWSettingsPlugin.o
In file included from /Users/srinidhi/Desktop/Workspace/Ionic-Sample/Sample-Project/platforms/ios/MyApp/Plugins/cordova-plugin-unvired-sdk/IOSFWSettingsPlugin.m:9:
/Users/srinidhi/Desktop/Workspace/Ionic-Sample/Sample-Project/platforms/ios/MyApp/Plugins/cordova-plugin-unvired-sdk/IOSFWSettingsPlugin.h:61:1: warning: multiple declarations of method 'encrypt:' found and ignored [-Wduplicate-method-match]
- (void)encrypt:(CDVInvokedUrlCommand *)command;
^
/Users/srinidhi/Desktop/Workspace/Ionic-Sample/Sample-Project/platforms/ios/MyApp/Plugins/cordova-plugin-unvired-sdk/IOSFWSettingsPlugin.h:40:1: note: previous declaration is here
- (void)encrypt:(CDVInvokedUrlCommand *)command;
^
In file included from /Users/srinidhi/Desktop/Workspace/Ionic-Sample/Sample-Project/platforms/ios/MyApp/Plugins/cordova-plugin-unvired-sdk/IOSFWSettingsPlugin.m:10:
In file included from /Users/srinidhi/Desktop/Workspace/Ionic-Sample/Sample-Project/platforms/ios/Pods/Headers/Public/UnviredSDK/FrameworkSettingsViewController.h:13:
In file included from /Users/srinidhi/Desktop/Workspace/Ionic-Sample/Sample-Project/platforms/ios/Pods/Headers/Public/UnviredSDK/IDataManager.h:27:
/Users/srinidhi/Desktop/Workspace/Ionic-Sample/Sample-Project/platforms/ios/Pods/Headers/Public/UnviredSDK/IDataStructure.h:29:17: warning: pointer is missing a nullability type specifier (_Nonnull, _Nullable, or _Null_unspecified) [-Wnullability-completeness]
static NSString *const FIELD_LID = @"LID";
                ^
/Users/srinidhi/Desktop/Workspace/Ionic-Sample/Sample-Project/platforms/ios/Pods/Headers/Public/UnviredSDK/IDataStructure.h:29:17: note: insert '_Nullable' if the pointer may be null
static NSString *const FIELD_LID = @"LID";
                ^
                  _Nullable 
/Users/srinidhi/Desktop/Workspace/Ionic-Sample/Sample-Project/platforms/ios/Pods/Headers/Public/UnviredSDK/IDataStructure.h:29:17: note: insert '_Nonnull' if the pointer should never be null
static NSString *const FIELD_LID = @"LID";
                ^
                  _Nonnull 
/Users/srinidhi/Desktop/Workspace/Ionic-Sample/Sample-Project/platforms/ios/Pods/Headers/Public/UnviredSDK/IDataStructure.h:116:26: warning: pointer is missing a nullability type specifier (_Nonnull, _Nullable, or _Null_unspecified) [-Wnullability-completeness]
- (void)setFid:(NSString *)fid;
                         ^
/Users/srinidhi/Desktop/Workspace/Ionic-Sample/Sample-Project/platforms/ios/Pods/Headers/Public/UnviredSDK/IDataStructure.h:116:26: note: insert '_Nullable' if the pointer may be null
- (void)setFid:(NSString *)fid;
                         ^
                          _Nullable
/Users/srinidhi/Desktop/Workspace/Ionic-Sample/Sample-Project/platforms/ios/Pods/Headers/Public/UnviredSDK/IDataStructure.h:116:26: note: insert '_Nonnull' if the pointer should never be null
- (void)setFid:(NSString *)fid;
                         ^
                          _Nonnull
/Users/srinidhi/Desktop/Workspace/Ionic-Sample/Sample-Project/platforms/ios/Pods/Headers/Public/UnviredSDK/IDataStructure.h:126:43: warning: pointer is missing a nullability type specifier (_Nonnull, _Nullable, or _Null_unspecified) [-Wnullability-completeness]
- (BOOL)setFieldBasedOnDataType:(NSString *)fieldName value:(id)value;
                                          ^
/Users/srinidhi/Desktop/Workspace/Ionic-Sample/Sample-Project/platforms/ios/Pods/Headers/Public/UnviredSDK/IDataStructure.h:126:43: note: insert '_Nullable' if the pointer may be null
- (BOOL)setFieldBasedOnDataType:(NSString *)fieldName value:(id)value;
                                          ^
                                           _Nullable
/Users/srinidhi/Desktop/Workspace/Ionic-Sample/Sample-Project/platforms/ios/Pods/Headers/Public/UnviredSDK/IDataStructure.h:126:43: note: insert '_Nonnull' if the pointer should never be null
- (BOOL)setFieldBasedOnDataType:(NSString *)fieldName value:(id)value;
                                          ^
                                           _Nonnull
/Users/srinidhi/Desktop/Workspace/Ionic-Sample/Sample-Project/platforms/ios/Pods/Headers/Public/UnviredSDK/IDataStructure.h:126:62: warning: pointer is missing a nullability type specifier (_Nonnull, _Nullable, or _Null_unspecified) [-Wnullability-completeness]
- (BOOL)setFieldBasedOnDataType:(NSString *)fieldName value:(id)value;
                                                             ^
/Users/srinidhi/Desktop/Workspace/Ionic-Sample/Sample-Project/platforms/ios/Pods/Headers/Public/UnviredSDK/IDataStructure.h:126:62: note: insert '_Nullable' if the pointer may be null
- (BOOL)setFieldBasedOnDataType:(NSString *)fieldName value:(id)value;
                                                             ^
                                                                _Nullable 
/Users/srinidhi/Desktop/Workspace/Ionic-Sample/Sample-Project/platforms/ios/Pods/Headers/Public/UnviredSDK/IDataStructure.h:126:62: note: insert '_Nonnull' if the pointer should never be null
- (BOOL)setFieldBasedOnDataType:(NSString *)fieldName value:(id)value;
                                                             ^
                                                                _Nonnull 
/Users/srinidhi/Desktop/Workspace/Ionic-Sample/Sample-Project/platforms/ios/Pods/Headers/Public/UnviredSDK/IDataStructure.h:127:28: warning: pointer is missing a nullability type specifier (_Nonnull, _Nullable, or _Null_unspecified) [-Wnullability-completeness]
- (BOOL)setField:(NSString *)fieldName value:(id)value;
                           ^
/Users/srinidhi/Desktop/Workspace/Ionic-Sample/Sample-Project/platforms/ios/Pods/Headers/Public/UnviredSDK/IDataStructure.h:127:28: note: insert '_Nullable' if the pointer may be null
- (BOOL)setField:(NSString *)fieldName value:(id)value;
                           ^
                            _Nullable
/Users/srinidhi/Desktop/Workspace/Ionic-Sample/Sample-Project/platforms/ios/Pods/Headers/Public/UnviredSDK/IDataStructure.h:127:28: note: insert '_Nonnull' if the pointer should never be null
- (BOOL)setField:(NSString *)fieldName value:(id)value;
                           ^
                            _Nonnull
/Users/srinidhi/Desktop/Workspace/Ionic-Sample/Sample-Project/platforms/ios/Pods/Headers/Public/UnviredSDK/IDataStructure.h:127:47: warning: pointer is missing a nullability type specifier (_Nonnull, _Nullable, or _Null_unspecified) [-Wnullability-completeness]
- (BOOL)setField:(NSString *)fieldName value:(id)value;
                                              ^
/Users/srinidhi/Desktop/Workspace/Ionic-Sample/Sample-Project/platforms/ios/Pods/Headers/Public/UnviredSDK/IDataStructure.h:127:47: note: insert '_Nullable' if the pointer may be null
- (BOOL)setField:(NSString *)fieldName value:(id)value;
                                              ^
                                                 _Nullable 
/Users/srinidhi/Desktop/Workspace/Ionic-Sample/Sample-Project/platforms/ios/Pods/Headers/Public/UnviredSDK/IDataStructure.h:127:47: note: insert '_Nonnull' if the pointer should never be null
- (BOOL)setField:(NSString *)fieldName value:(id)value;
                                              ^
                                                 _Nonnull 
/Users/srinidhi/Desktop/Workspace/Ionic-Sample/Sample-Project/platforms/ios/Pods/Headers/Public/UnviredSDK/IDataStructure.h:135:4: warning: pointer is missing a nullability type specifier (_Nonnull, _Nullable, or _Null_unspecified) [-Wnullability-completeness]
- (id)getField:(NSString *)fieldName;
   ^
/Users/srinidhi/Desktop/Workspace/Ionic-Sample/Sample-Project/platforms/ios/Pods/Headers/Public/UnviredSDK/IDataStructure.h:135:4: note: insert '_Nullable' if the pointer may be null
- (id)getField:(NSString *)fieldName;
   ^
      _Nullable 
/Users/srinidhi/Desktop/Workspace/Ionic-Sample/Sample-Project/platforms/ios/Pods/Headers/Public/UnviredSDK/IDataStructure.h:135:4: note: insert '_Nonnull' if the pointer should never be null
- (id)getField:(NSString *)fieldName;
   ^
      _Nonnull 
/Users/srinidhi/Desktop/Workspace/Ionic-Sample/Sample-Project/platforms/ios/Pods/Headers/Public/UnviredSDK/IDataStructure.h:135:26: warning: pointer is missing a nullability type specifier (_Nonnull, _Nullable, or _Null_unspecified) [-Wnullability-completeness]
- (id)getField:(NSString *)fieldName;
                         ^
/Users/srinidhi/Desktop/Workspace/Ionic-Sample/Sample-Project/platforms/ios/Pods/Headers/Public/UnviredSDK/IDataStructure.h:135:26: note: insert '_Nullable' if the pointer may be null
- (id)getField:(NSString *)fieldName;
                         ^
                          _Nullable
/Users/srinidhi/Desktop/Workspace/Ionic-Sample/Sample-Project/platforms/ios/Pods/Headers/Public/UnviredSDK/IDataStructure.h:135:26: note: insert '_Nonnull' if the pointer should never be null
- (id)getField:(NSString *)fieldName;
                         ^
                          _Nonnull
/Users/srinidhi/Desktop/Workspace/Ionic-Sample/Sample-Project/platforms/ios/Pods/Headers/Public/UnviredSDK/IDataStructure.h:147:17: warning: pointer is missing a nullability type specifier (_Nonnull, _Nullable, or _Null_unspecified) [-Wnullability-completeness]
- (NSEnumerator *)getFieldNames;
                ^
/Users/srinidhi/Desktop/Workspace/Ionic-Sample/Sample-Project/platforms/ios/Pods/Headers/Public/UnviredSDK/IDataStructure.h:147:17: note: insert '_Nullable' if the pointer may be null
- (NSEnumerator *)getFieldNames;
                ^
                 _Nullable
/Users/srinidhi/Desktop/Workspace/Ionic-Sample/Sample-Project/platforms/ios/Pods/Headers/Public/UnviredSDK/IDataStructure.h:147:17: note: insert '_Nonnull' if the pointer should never be null
- (NSEnumerator *)getFieldNames;
                ^
                 _Nonnull
/Users/srinidhi/Desktop/Workspace/Ionic-Sample/Sample-Project/platforms/ios/Pods/Headers/Public/UnviredSDK/IDataStructure.h:153:12: warning: pointer is missing a nullability type specifier (_Nonnull, _Nullable, or _Null_unspecified) [-Wnullability-completeness]
- (NSArray *)getGidFieldNames;
           ^
/Users/srinidhi/Desktop/Workspace/Ionic-Sample/Sample-Project/platforms/ios/Pods/Headers/Public/UnviredSDK/IDataStructure.h:153:12: note: insert '_Nullable' if the pointer may be null
- (NSArray *)getGidFieldNames;
           ^
            _Nullable
/Users/srinidhi/Desktop/Workspace/Ionic-Sample/Sample-Project/platforms/ios/Pods/Headers/Public/UnviredSDK/IDataStructure.h:153:12: note: insert '_Nonnull' if the pointer should never be null
- (NSArray *)getGidFieldNames;
           ^
            _Nonnull
/Users/srinidhi/Desktop/Workspace/Ionic-Sample/Sample-Project/platforms/ios/Pods/Headers/Public/UnviredSDK/IDataStructure.h:159:12: warning: pointer is missing a nullability type specifier (_Nonnull, _Nullable, or _Null_unspecified) [-Wnullability-completeness]
- (NSArray *)getGids;
           ^
/Users/srinidhi/Desktop/Workspace/Ionic-Sample/Sample-Project/platforms/ios/Pods/Headers/Public/UnviredSDK/IDataStructure.h:159:12: note: insert '_Nullable' if the pointer may be null
- (NSArray *)getGids;
           ^
            _Nullable
/Users/srinidhi/Desktop/Workspace/Ionic-Sample/Sample-Project/platforms/ios/Pods/Headers/Public/UnviredSDK/IDataStructure.h:159:12: note: insert '_Nonnull' if the pointer should never be null
- (NSArray *)getGids;
           ^
            _Nonnull
/Users/srinidhi/Desktop/Workspace/Ionic-Sample/Sample-Project/platforms/ios/Pods/Headers/Public/UnviredSDK/IDataStructure.h:165:12: warning: pointer is missing a nullability type specifier (_Nonnull, _Nullable, or _Null_unspecified) [-Wnullability-completeness]
- (NSArray *)getChildrenTableNames;
           ^
/Users/srinidhi/Desktop/Workspace/Ionic-Sample/Sample-Project/platforms/ios/Pods/Headers/Public/UnviredSDK/IDataStructure.h:165:12: note: insert '_Nullable' if the pointer may be null
- (NSArray *)getChildrenTableNames;
           ^
            _Nullable
/Users/srinidhi/Desktop/Workspace/Ionic-Sample/Sample-Project/platforms/ios/Pods/Headers/Public/UnviredSDK/IDataStructure.h:165:12: note: insert '_Nonnull' if the pointer should never be null
- (NSArray *)getChildrenTableNames;
           ^
            _Nonnull
/Users/srinidhi/Desktop/Workspace/Ionic-Sample/Sample-Project/platforms/ios/Pods/Headers/Public/UnviredSDK/IDataStructure.h:170:34: warning: pointer is missing a nullability type specifier (_Nonnull, _Nullable, or _Null_unspecified) [-Wnullability-completeness]
- (BOOL)isFieldPresent:(NSString *)field;
                                 ^
/Users/srinidhi/Desktop/Workspace/Ionic-Sample/Sample-Project/platforms/ios/Pods/Headers/Public/UnviredSDK/IDataStructure.h:170:34: note: insert '_Nullable' if the pointer may be null
- (BOOL)isFieldPresent:(NSString *)field;
                                 ^
                                  _Nullable
/Users/srinidhi/Desktop/Workspace/Ionic-Sample/Sample-Project/platforms/ios/Pods/Headers/Public/UnviredSDK/IDataStructure.h:170:34: note: insert '_Nonnull' if the pointer should never be null
- (BOOL)isFieldPresent:(NSString *)field;
                                 ^
                                  _Nonnull
/Users/srinidhi/Desktop/Workspace/Ionic-Sample/Sample-Project/platforms/ios/Pods/Headers/Public/UnviredSDK/IDataStructure.h:175:23: warning: pointer is missing a nullability type specifier (_Nonnull, _Nullable, or _Null_unspecified) [-Wnullability-completeness]
- (BOOL)areGIDsEqual:(id<IDataStructure>)anotherStructure;
                      ^
/Users/srinidhi/Desktop/Workspace/Ionic-Sample/Sample-Project/platforms/ios/Pods/Headers/Public/UnviredSDK/IDataStructure.h:175:40: note: insert '_Nullable' if the pointer may be null
- (BOOL)areGIDsEqual:(id<IDataStructure>)anotherStructure;
                                       ^
                                        _Nullable
/Users/srinidhi/Desktop/Workspace/Ionic-Sample/Sample-Project/platforms/ios/Pods/Headers/Public/UnviredSDK/IDataStructure.h:175:40: note: insert '_Nonnull' if the pointer should never be null
- (BOOL)areGIDsEqual:(id<IDataStructure>)anotherStructure;
                                       ^
                                        _Nonnull
In file included from /Users/srinidhi/Desktop/Workspace/Ionic-Sample/Sample-Project/platforms/ios/MyApp/Plugins/cordova-plugin-unvired-sdk/IOSFWSettingsPlugin.m:26:
/Users/srinidhi/Desktop/Workspace/Ionic-Sample/Sample-Project/platforms/ios/Pods/Headers/Public/UnviredSDK/UnviredFrameworkUtils.h:153:115: warning: this block declaration is not a prototype [-Wstrict-prototypes]
+ (void)checkSystemCredentialsWithPresentBlock:(void (^) (UIViewController *))presentBlock dismissBlock:(void (^) ())dismissBlock;
                                                                                                                  ^
                                                                                                                   void
/Users/srinidhi/Desktop/Workspace/Ionic-Sample/Sample-Project/platforms/ios/MyApp/Plugins/cordova-plugin-unvired-sdk/IOSFWSettingsPlugin.m:242:9: warning: 'UIAlertView' is deprecated: first deprecated in iOS 9.0 - UIAlertView is deprecated. Use UIAlertController with a preferredStyle of UIAlertControllerStyleAlert instead [-Wdeprecated-declarations]
        UIAlertView *errorAlert = [[UIAlertView alloc] initWithTitle:NSLocalizedStringFromTable(@"Error", @"UnviredStringsTable", nil)
        ^
In module 'UIKit' imported from /Users/srinidhi/Desktop/Workspace/Ionic-Sample/Sample-Project/platforms/ios/MyApp/MyApp-Prefix.pch:25:
/Applications/Xcode.app/Contents/Developer/Platforms/iPhoneSimulator.platform/Developer/SDKs/iPhoneSimulator16.2.sdk/System/Library/Frameworks/UIKit.framework/Headers/UIAlertView.h:27:12: note: 'UIAlertView' has been explicitly marked deprecated here
@interface UIAlertView : UIView
           ^
/Users/srinidhi/Desktop/Workspace/Ionic-Sample/Sample-Project/platforms/ios/MyApp/Plugins/cordova-plugin-unvired-sdk/IOSFWSettingsPlugin.m:242:49: warning: 'UIAlertView' is deprecated: first deprecated in iOS 9.0 - UIAlertView is deprecated. Use UIAlertController with a preferredStyle of UIAlertControllerStyleAlert instead [-Wdeprecated-declarations]
        UIAlertView *errorAlert = [[UIAlertView alloc] initWithTitle:NSLocalizedStringFromTable(@"Error", @"UnviredStringsTable", nil)
                                                ^
In module 'UIKit' imported from /Users/srinidhi/Desktop/Workspace/Ionic-Sample/Sample-Project/platforms/ios/MyApp/MyApp-Prefix.pch:25:
/Applications/Xcode.app/Contents/Developer/Platforms/iPhoneSimulator.platform/Developer/SDKs/iPhoneSimulator16.2.sdk/System/Library/Frameworks/UIKit.framework/Headers/UIAlertView.h:27:12: note: 'UIAlertView' has been explicitly marked deprecated here
@interface UIAlertView : UIView
           ^
/Users/srinidhi/Desktop/Workspace/Ionic-Sample/Sample-Project/platforms/ios/MyApp/Plugins/cordova-plugin-unvired-sdk/IOSFWSettingsPlugin.m:253:5: warning: 'UIAlertView' is deprecated: first deprecated in iOS 9.0 - UIAlertView is deprecated. Use UIAlertController with a preferredStyle of UIAlertControllerStyleAlert instead [-Wdeprecated-declarations]
    UIAlertView *deleteDataAlert = [[UIAlertView alloc] initWithTitle:NSLocalizedStringFromTable(@"Alert", @"UnviredStringsTable", nil)
    ^
In module 'UIKit' imported from /Users/srinidhi/Desktop/Workspace/Ionic-Sample/Sample-Project/platforms/ios/MyApp/MyApp-Prefix.pch:25:
/Applications/Xcode.app/Contents/Developer/Platforms/iPhoneSimulator.platform/Developer/SDKs/iPhoneSimulator16.2.sdk/System/Library/Frameworks/UIKit.framework/Headers/UIAlertView.h:27:12: note: 'UIAlertView' has been explicitly marked deprecated here
@interface UIAlertView : UIView
           ^
/Users/srinidhi/Desktop/Workspace/Ionic-Sample/Sample-Project/platforms/ios/MyApp/Plugins/cordova-plugin-unvired-sdk/IOSFWSettingsPlugin.m:253:50: warning: 'UIAlertView' is deprecated: first deprecated in iOS 9.0 - UIAlertView is deprecated. Use UIAlertController with a preferredStyle of UIAlertControllerStyleAlert instead [-Wdeprecated-declarations]
    UIAlertView *deleteDataAlert = [[UIAlertView alloc] initWithTitle:NSLocalizedStringFromTable(@"Alert", @"UnviredStringsTable", nil)
                                                 ^
In module 'UIKit' imported from /Users/srinidhi/Desktop/Workspace/Ionic-Sample/Sample-Project/platforms/ios/MyApp/MyApp-Prefix.pch:25:
/Applications/Xcode.app/Contents/Developer/Platforms/iPhoneSimulator.platform/Developer/SDKs/iPhoneSimulator16.2.sdk/System/Library/Frameworks/UIKit.framework/Headers/UIAlertView.h:27:12: note: 'UIAlertView' has been explicitly marked deprecated here
@interface UIAlertView : UIView
           ^
/Users/srinidhi/Desktop/Workspace/Ionic-Sample/Sample-Project/platforms/ios/MyApp/Plugins/cordova-plugin-unvired-sdk/IOSFWSettingsPlugin.m:265:26: warning: unused variable 'pluginResult' [-Wunused-variable]
        CDVPluginResult *pluginResult = nil;
                         ^
/Users/srinidhi/Desktop/Workspace/Ionic-Sample/Sample-Project/platforms/ios/MyApp/Plugins/cordova-plugin-unvired-sdk/IOSFWSettingsPlugin.m:292:26: warning: unused variable 'pluginResult' [-Wunused-variable]
        CDVPluginResult *pluginResult = nil;
                         ^
/Users/srinidhi/Desktop/Workspace/Ionic-Sample/Sample-Project/platforms/ios/MyApp/Plugins/cordova-plugin-unvired-sdk/IOSFWSettingsPlugin.m:356:1: warning: implementing deprecated method [-Wdeprecated-implementations]
- (void)doneButtonClicked {
^
In file included from /Users/srinidhi/Desktop/Workspace/Ionic-Sample/Sample-Project/platforms/ios/MyApp/Plugins/cordova-plugin-unvired-sdk/IOSFWSettingsPlugin.m:10:
/Users/srinidhi/Desktop/Workspace/Ionic-Sample/Sample-Project/platforms/ios/Pods/Headers/Public/UnviredSDK/FrameworkSettingsViewController.h:35:1: note: method 'doneButtonClicked' declared here
- (void)doneButtonClicked DEPRECATED_MSG_ATTRIBUTE("Use -doneButtonClicked: instead");
^
/Users/srinidhi/Desktop/Workspace/Ionic-Sample/Sample-Project/platforms/ios/MyApp/Plugins/cordova-plugin-unvired-sdk/IOSFWSettingsPlugin.m:36:17: warning: class 'IOSFWSettingsPlugin' does not conform to protocol 'ServerLookUpDelegate' [-Wprotocol]
@implementation IOSFWSettingsPlugin
                ^
/Users/srinidhi/Desktop/Workspace/Ionic-Sample/Sample-Project/platforms/ios/MyApp/Plugins/cordova-plugin-unvired-sdk/IOSFWSettingsPlugin.m:36:17: note: add stubs for missing protocol requirements
@implementation IOSFWSettingsPlugin
                ^
24 warnings generated.

CompileC /Users/srinidhi/Library/Developer/Xcode/DerivedData/MyApp-glngprrxiuzgwgasskfjbnjwcvbk/Build/Intermediates.noindex/MyApp.build/Debug-iphonesimulator/MyApp.build/Objects-normal/x86_64/IOSDatabasePlugin.o /Users/srinidhi/Desktop/Workspace/Ionic-Sample/Sample-Project/platforms/ios/MyApp/Plugins/cordova-plugin-unvired-sdk/IOSDatabasePlugin.m normal x86_64 objective-c com.apple.compilers.llvm.clang.1_0.compiler (in target 'MyApp' from project 'MyApp')
    cd /Users/srinidhi/Desktop/Workspace/Ionic-Sample/Sample-Project/platforms/ios
    /Applications/Xcode.app/Contents/Developer/Toolchains/XcodeDefault.xctoolchain/usr/bin/clang -x objective-c -target x86_64-apple-ios11.0-simulator -fmessage-length\=0 -fdiagnostics-show-note-include-stack -fmacro-backtrace-limit\=0 -std\=c99 -fobjc-arc -fmodules -gmodules -fmodules-cache-path\=/Users/srinidhi/Library/Developer/Xcode/DerivedData/ModuleCache.noindex -fmodules-prune-interval\=86400 -fmodules-prune-after\=345600 -fbuild-session-file\=/Users/srinidhi/Library/Developer/Xcode/DerivedData/ModuleCache.noindex/Session.modulevalidation -fmodules-validate-once-per-build-session -Wno-trigraphs -fpascal-strings -O0 -fno-common -Wno-missing-field-initializers -Wno-missing-prototypes -Wunreachable-code -Wno-implicit-atomic-properties -Wno-objc-interface-ivars -Wno-arc-repeated-use-of-weak -Wimplicit-retain-self -Wduplicate-method-match -Wno-missing-braces -Wparentheses -Wswitch -Wunused-function -Wno-unused-label -Wno-unused-parameter -Wunused-variable -Wunused-value -Wempty-body -Wuninitialized -Wno-unknown-pragmas -Wno-shadow -Wno-four-char-constants -Wno-conversion -Wconstant-conversion -Wint-conversion -Wbool-conversion -Wenum-conversion -Wno-float-conversion -Wnon-literal-null-conversion -Wobjc-literal-conversion -Wshorten-64-to-32 -Wpointer-sign -Wno-newline-eof -Wno-selector -Wno-strict-selector-match -Wundeclared-selector -Wdeprecated-implementations -Wno-implicit-fallthrough -DWK_WEB_VIEW_ONLY\=1 -DWK_WEB_VIEW_ONLY\=1 -DDEBUG\=1 -DCOCOAPODS\=1 -DOBJC_OLD_DISPATCH_PROTOTYPES\=0 -isysroot /Applications/Xcode.app/Contents/Developer/Platforms/iPhoneSimulator.platform/Developer/SDKs/iPhoneSimulator16.2.sdk -fasm-blocks -fstrict-aliasing -Wprotocol -Wdeprecated-declarations -g -Wno-sign-conversion -Winfinite-recursion -Wcomma -Wblock-capture-autoreleasing -Wstrict-prototypes -Wno-semicolon-before-method-body -fobjc-abi-version\=2 -fobjc-legacy-dispatch -index-store-path /Users/srinidhi/Library/Developer/Xcode/DerivedData/MyApp-glngprrxiuzgwgasskfjbnjwcvbk/Index.noindex/DataStore -iquote /Users/srinidhi/Library/Developer/Xcode/DerivedData/MyApp-glngprrxiuzgwgasskfjbnjwcvbk/Build/Intermediates.noindex/MyApp.build/Debug-iphonesimulator/MyApp.build/MyApp-generated-files.hmap -I/Users/srinidhi/Library/Developer/Xcode/DerivedData/MyApp-glngprrxiuzgwgasskfjbnjwcvbk/Build/Intermediates.noindex/MyApp.build/Debug-iphonesimulator/MyApp.build/MyApp-own-target-headers.hmap -I/Users/srinidhi/Library/Developer/Xcode/DerivedData/MyApp-glngprrxiuzgwgasskfjbnjwcvbk/Build/Intermediates.noindex/MyApp.build/Debug-iphonesimulator/MyApp.build/MyApp-all-target-headers.hmap -iquote /Users/srinidhi/Library/Developer/Xcode/DerivedData/MyApp-glngprrxiuzgwgasskfjbnjwcvbk/Build/Intermediates.noindex/MyApp.build/Debug-iphonesimulator/MyApp.build/MyApp-project-headers.hmap -I/Users/srinidhi/Desktop/Workspace/Ionic-Sample/Sample-Project/platforms/ios/build/emulator/include -I/Users/srinidhi/Desktop/Workspace/Ionic-Sample/Sample-Project/platforms/ios/build/emulator/usr/local/lib/include -I/Users/srinidhi/Library/Developer/Xcode/DerivedData/MyApp-glngprrxiuzgwgasskfjbnjwcvbk/Build/Intermediates.noindex/UninstalledProducts/include -I/Users/srinidhi/Library/Developer/Xcode/DerivedData/MyApp-glngprrxiuzgwgasskfjbnjwcvbk/Build/Intermediates.noindex/UninstalledProducts/iphonesimulator/include -I/Users/srinidhi/Desktop/Workspace/Ionic-Sample/Sample-Project/platforms/ios/build/emulator -I/Users/srinidhi/Desktop/Workspace/Ionic-Sample/Sample-Project/platforms/ios/Pods/Headers/Public -I/Users/srinidhi/Desktop/Workspace/Ionic-Sample/Sample-Project/platforms/ios/Pods/Headers/Public/UnviredSDK -I/Users/srinidhi/Desktop/Workspace/Ionic-Sample/Sample-Project/platforms/ios/Pods/Headers/UnviredSDK -I/Users/srinidhi/Library/Developer/Xcode/DerivedData/MyApp-glngprrxiuzgwgasskfjbnjwcvbk/Build/Intermediates.noindex/MyApp.build/Debug-iphonesimulator/MyApp.build/DerivedSources-normal/x86_64 -I/Users/srinidhi/Library/Developer/Xcode/DerivedData/MyApp-glngprrxiuzgwgasskfjbnjwcvbk/Build/Intermediates.noindex/MyApp.build/Debug-iphonesimulator/MyApp.build/DerivedSources/x86_64 -I/Users/srinidhi/Library/Developer/Xcode/DerivedData/MyApp-glngprrxiuzgwgasskfjbnjwcvbk/Build/Intermediates.noindex/MyApp.build/Debug-iphonesimulator/MyApp.build/DerivedSources -F/Users/srinidhi/Desktop/Workspace/Ionic-Sample/Sample-Project/platforms/ios/build/emulator -include /Users/srinidhi/Desktop/Workspace/Ionic-Sample/Sample-Project/platforms/ios/build/sharedpch/SharedPrecompiledHeaders/883974999942226412/MyApp-Prefix.pch -MMD -MT dependencies -MF /Users/srinidhi/Library/Developer/Xcode/DerivedData/MyApp-glngprrxiuzgwgasskfjbnjwcvbk/Build/Intermediates.noindex/MyApp.build/Debug-iphonesimulator/MyApp.build/Objects-normal/x86_64/IOSDatabasePlugin.d --serialize-diagnostics /Users/srinidhi/Library/Developer/Xcode/DerivedData/MyApp-glngprrxiuzgwgasskfjbnjwcvbk/Build/Intermediates.noindex/MyApp.build/Debug-iphonesimulator/MyApp.build/Objects-normal/x86_64/IOSDatabasePlugin.dia -c /Users/srinidhi/Desktop/Workspace/Ionic-Sample/Sample-Project/platforms/ios/MyApp/Plugins/cordova-plugin-unvired-sdk/IOSDatabasePlugin.m -o /Users/srinidhi/Library/Developer/Xcode/DerivedData/MyApp-glngprrxiuzgwgasskfjbnjwcvbk/Build/Intermediates.noindex/MyApp.build/Debug-iphonesimulator/MyApp.build/Objects-normal/x86_64/IOSDatabasePlugin.o -index-unit-output-path /MyApp.build/Debug-iphonesimulator/MyApp.build/Objects-normal/x86_64/IOSDatabasePlugin.o
In file included from /Users/srinidhi/Desktop/Workspace/Ionic-Sample/Sample-Project/platforms/ios/MyApp/Plugins/cordova-plugin-unvired-sdk/IOSDatabasePlugin.m:10:
In file included from /Users/srinidhi/Desktop/Workspace/Ionic-Sample/Sample-Project/platforms/ios/MyApp/Plugins/cordova-plugin-unvired-sdk/PluginConstants.h:10:
In file included from /Users/srinidhi/Desktop/Workspace/Ionic-Sample/Sample-Project/platforms/ios/Pods/Headers/Public/UnviredSDK/SystemCredential.h:11:
In file included from /Users/srinidhi/Desktop/Workspace/Ionic-Sample/Sample-Project/platforms/ios/Pods/Headers/Public/UnviredSDK/DataStructure.h:10:
/Users/srinidhi/Desktop/Workspace/Ionic-Sample/Sample-Project/platforms/ios/Pods/Headers/Public/UnviredSDK/IDataStructure.h:29:17: warning: pointer is missing a nullability type specifier (_Nonnull, _Nullable, or _Null_unspecified) [-Wnullability-completeness]
static NSString *const FIELD_LID = @"LID";
                ^
/Users/srinidhi/Desktop/Workspace/Ionic-Sample/Sample-Project/platforms/ios/Pods/Headers/Public/UnviredSDK/IDataStructure.h:29:17: note: insert '_Nullable' if the pointer may be null
static NSString *const FIELD_LID = @"LID";
                ^
                  _Nullable 
/Users/srinidhi/Desktop/Workspace/Ionic-Sample/Sample-Project/platforms/ios/Pods/Headers/Public/UnviredSDK/IDataStructure.h:29:17: note: insert '_Nonnull' if the pointer should never be null
static NSString *const FIELD_LID = @"LID";
                ^
                  _Nonnull 
/Users/srinidhi/Desktop/Workspace/Ionic-Sample/Sample-Project/platforms/ios/Pods/Headers/Public/UnviredSDK/IDataStructure.h:116:26: warning: pointer is missing a nullability type specifier (_Nonnull, _Nullable, or _Null_unspecified) [-Wnullability-completeness]
- (void)setFid:(NSString *)fid;
                         ^
/Users/srinidhi/Desktop/Workspace/Ionic-Sample/Sample-Project/platforms/ios/Pods/Headers/Public/UnviredSDK/IDataStructure.h:116:26: note: insert '_Nullable' if the pointer may be null
- (void)setFid:(NSString *)fid;
                         ^
                          _Nullable
/Users/srinidhi/Desktop/Workspace/Ionic-Sample/Sample-Project/platforms/ios/Pods/Headers/Public/UnviredSDK/IDataStructure.h:116:26: note: insert '_Nonnull' if the pointer should never be null
- (void)setFid:(NSString *)fid;
                         ^
                          _Nonnull
/Users/srinidhi/Desktop/Workspace/Ionic-Sample/Sample-Project/platforms/ios/Pods/Headers/Public/UnviredSDK/IDataStructure.h:126:43: warning: pointer is missing a nullability type specifier (_Nonnull, _Nullable, or _Null_unspecified) [-Wnullability-completeness]
- (BOOL)setFieldBasedOnDataType:(NSString *)fieldName value:(id)value;
                                          ^
/Users/srinidhi/Desktop/Workspace/Ionic-Sample/Sample-Project/platforms/ios/Pods/Headers/Public/UnviredSDK/IDataStructure.h:126:43: note: insert '_Nullable' if the pointer may be null
- (BOOL)setFieldBasedOnDataType:(NSString *)fieldName value:(id)value;
                                          ^
                                           _Nullable
/Users/srinidhi/Desktop/Workspace/Ionic-Sample/Sample-Project/platforms/ios/Pods/Headers/Public/UnviredSDK/IDataStructure.h:126:43: note: insert '_Nonnull' if the pointer should never be null
- (BOOL)setFieldBasedOnDataType:(NSString *)fieldName value:(id)value;
                                          ^
                                           _Nonnull
/Users/srinidhi/Desktop/Workspace/Ionic-Sample/Sample-Project/platforms/ios/Pods/Headers/Public/UnviredSDK/IDataStructure.h:126:62: warning: pointer is missing a nullability type specifier (_Nonnull, _Nullable, or _Null_unspecified) [-Wnullability-completeness]
- (BOOL)setFieldBasedOnDataType:(NSString *)fieldName value:(id)value;
                                                             ^
/Users/srinidhi/Desktop/Workspace/Ionic-Sample/Sample-Project/platforms/ios/Pods/Headers/Public/UnviredSDK/IDataStructure.h:126:62: note: insert '_Nullable' if the pointer may be null
- (BOOL)setFieldBasedOnDataType:(NSString *)fieldName value:(id)value;
                                                             ^
                                                                _Nullable 
/Users/srinidhi/Desktop/Workspace/Ionic-Sample/Sample-Project/platforms/ios/Pods/Headers/Public/UnviredSDK/IDataStructure.h:126:62: note: insert '_Nonnull' if the pointer should never be null
- (BOOL)setFieldBasedOnDataType:(NSString *)fieldName value:(id)value;
                                                             ^
                                                                _Nonnull 
/Users/srinidhi/Desktop/Workspace/Ionic-Sample/Sample-Project/platforms/ios/Pods/Headers/Public/UnviredSDK/IDataStructure.h:127:28: warning: pointer is missing a nullability type specifier (_Nonnull, _Nullable, or _Null_unspecified) [-Wnullability-completeness]
- (BOOL)setField:(NSString *)fieldName value:(id)value;
                           ^
/Users/srinidhi/Desktop/Workspace/Ionic-Sample/Sample-Project/platforms/ios/Pods/Headers/Public/UnviredSDK/IDataStructure.h:127:28: note: insert '_Nullable' if the pointer may be null
- (BOOL)setField:(NSString *)fieldName value:(id)value;
                           ^
                            _Nullable
/Users/srinidhi/Desktop/Workspace/Ionic-Sample/Sample-Project/platforms/ios/Pods/Headers/Public/UnviredSDK/IDataStructure.h:127:28: note: insert '_Nonnull' if the pointer should never be null
- (BOOL)setField:(NSString *)fieldName value:(id)value;
                           ^
                            _Nonnull
/Users/srinidhi/Desktop/Workspace/Ionic-Sample/Sample-Project/platforms/ios/Pods/Headers/Public/UnviredSDK/IDataStructure.h:127:47: warning: pointer is missing a nullability type specifier (_Nonnull, _Nullable, or _Null_unspecified) [-Wnullability-completeness]
- (BOOL)setField:(NSString *)fieldName value:(id)value;
                                              ^
/Users/srinidhi/Desktop/Workspace/Ionic-Sample/Sample-Project/platforms/ios/Pods/Headers/Public/UnviredSDK/IDataStructure.h:127:47: note: insert '_Nullable' if the pointer may be null
- (BOOL)setField:(NSString *)fieldName value:(id)value;
                                              ^
                                                 _Nullable 
/Users/srinidhi/Desktop/Workspace/Ionic-Sample/Sample-Project/platforms/ios/Pods/Headers/Public/UnviredSDK/IDataStructure.h:127:47: note: insert '_Nonnull' if the pointer should never be null
- (BOOL)setField:(NSString *)fieldName value:(id)value;
                                              ^
                                                 _Nonnull 
/Users/srinidhi/Desktop/Workspace/Ionic-Sample/Sample-Project/platforms/ios/Pods/Headers/Public/UnviredSDK/IDataStructure.h:135:4: warning: pointer is missing a nullability type specifier (_Nonnull, _Nullable, or _Null_unspecified) [-Wnullability-completeness]
- (id)getField:(NSString *)fieldName;
   ^
/Users/srinidhi/Desktop/Workspace/Ionic-Sample/Sample-Project/platforms/ios/Pods/Headers/Public/UnviredSDK/IDataStructure.h:135:4: note: insert '_Nullable' if the pointer may be null
- (id)getField:(NSString *)fieldName;
   ^
      _Nullable 
/Users/srinidhi/Desktop/Workspace/Ionic-Sample/Sample-Project/platforms/ios/Pods/Headers/Public/UnviredSDK/IDataStructure.h:135:4: note: insert '_Nonnull' if the pointer should never be null
- (id)getField:(NSString *)fieldName;
   ^
      _Nonnull 
/Users/srinidhi/Desktop/Workspace/Ionic-Sample/Sample-Project/platforms/ios/Pods/Headers/Public/UnviredSDK/IDataStructure.h:135:26: warning: pointer is missing a nullability type specifier (_Nonnull, _Nullable, or _Null_unspecified) [-Wnullability-completeness]
- (id)getField:(NSString *)fieldName;
                         ^
/Users/srinidhi/Desktop/Workspace/Ionic-Sample/Sample-Project/platforms/ios/Pods/Headers/Public/UnviredSDK/IDataStructure.h:135:26: note: insert '_Nullable' if the pointer may be null
- (id)getField:(NSString *)fieldName;
                         ^
                          _Nullable
/Users/srinidhi/Desktop/Workspace/Ionic-Sample/Sample-Project/platforms/ios/Pods/Headers/Public/UnviredSDK/IDataStructure.h:135:26: note: insert '_Nonnull' if the pointer should never be null
- (id)getField:(NSString *)fieldName;
                         ^
                          _Nonnull
/Users/srinidhi/Desktop/Workspace/Ionic-Sample/Sample-Project/platforms/ios/Pods/Headers/Public/UnviredSDK/IDataStructure.h:147:17: warning: pointer is missing a nullability type specifier (_Nonnull, _Nullable, or _Null_unspecified) [-Wnullability-completeness]
- (NSEnumerator *)getFieldNames;
                ^
/Users/srinidhi/Desktop/Workspace/Ionic-Sample/Sample-Project/platforms/ios/Pods/Headers/Public/UnviredSDK/IDataStructure.h:147:17: note: insert '_Nullable' if the pointer may be null
- (NSEnumerator *)getFieldNames;
                ^
                 _Nullable
/Users/srinidhi/Desktop/Workspace/Ionic-Sample/Sample-Project/platforms/ios/Pods/Headers/Public/UnviredSDK/IDataStructure.h:147:17: note: insert '_Nonnull' if the pointer should never be null
- (NSEnumerator *)getFieldNames;
                ^
                 _Nonnull
/Users/srinidhi/Desktop/Workspace/Ionic-Sample/Sample-Project/platforms/ios/Pods/Headers/Public/UnviredSDK/IDataStructure.h:153:12: warning: pointer is missing a nullability type specifier (_Nonnull, _Nullable, or _Null_unspecified) [-Wnullability-completeness]
- (NSArray *)getGidFieldNames;
           ^
/Users/srinidhi/Desktop/Workspace/Ionic-Sample/Sample-Project/platforms/ios/Pods/Headers/Public/UnviredSDK/IDataStructure.h:153:12: note: insert '_Nullable' if the pointer may be null
- (NSArray *)getGidFieldNames;
           ^
            _Nullable
/Users/srinidhi/Desktop/Workspace/Ionic-Sample/Sample-Project/platforms/ios/Pods/Headers/Public/UnviredSDK/IDataStructure.h:153:12: note: insert '_Nonnull' if the pointer should never be null
- (NSArray *)getGidFieldNames;
           ^
            _Nonnull
/Users/srinidhi/Desktop/Workspace/Ionic-Sample/Sample-Project/platforms/ios/Pods/Headers/Public/UnviredSDK/IDataStructure.h:159:12: warning: pointer is missing a nullability type specifier (_Nonnull, _Nullable, or _Null_unspecified) [-Wnullability-completeness]
- (NSArray *)getGids;
           ^
/Users/srinidhi/Desktop/Workspace/Ionic-Sample/Sample-Project/platforms/ios/Pods/Headers/Public/UnviredSDK/IDataStructure.h:159:12: note: insert '_Nullable' if the pointer may be null
- (NSArray *)getGids;
           ^
            _Nullable
/Users/srinidhi/Desktop/Workspace/Ionic-Sample/Sample-Project/platforms/ios/Pods/Headers/Public/UnviredSDK/IDataStructure.h:159:12: note: insert '_Nonnull' if the pointer should never be null
- (NSArray *)getGids;
           ^
            _Nonnull
/Users/srinidhi/Desktop/Workspace/Ionic-Sample/Sample-Project/platforms/ios/Pods/Headers/Public/UnviredSDK/IDataStructure.h:165:12: warning: pointer is missing a nullability type specifier (_Nonnull, _Nullable, or _Null_unspecified) [-Wnullability-completeness]
- (NSArray *)getChildrenTableNames;
           ^
/Users/srinidhi/Desktop/Workspace/Ionic-Sample/Sample-Project/platforms/ios/Pods/Headers/Public/UnviredSDK/IDataStructure.h:165:12: note: insert '_Nullable' if the pointer may be null
- (NSArray *)getChildrenTableNames;
           ^
            _Nullable
/Users/srinidhi/Desktop/Workspace/Ionic-Sample/Sample-Project/platforms/ios/Pods/Headers/Public/UnviredSDK/IDataStructure.h:165:12: note: insert '_Nonnull' if the pointer should never be null
- (NSArray *)getChildrenTableNames;
           ^
            _Nonnull
/Users/srinidhi/Desktop/Workspace/Ionic-Sample/Sample-Project/platforms/ios/Pods/Headers/Public/UnviredSDK/IDataStructure.h:170:34: warning: pointer is missing a nullability type specifier (_Nonnull, _Nullable, or _Null_unspecified) [-Wnullability-completeness]
- (BOOL)isFieldPresent:(NSString *)field;
                                 ^
/Users/srinidhi/Desktop/Workspace/Ionic-Sample/Sample-Project/platforms/ios/Pods/Headers/Public/UnviredSDK/IDataStructure.h:170:34: note: insert '_Nullable' if the pointer may be null
- (BOOL)isFieldPresent:(NSString *)field;
                                 ^
                                  _Nullable
/Users/srinidhi/Desktop/Workspace/Ionic-Sample/Sample-Project/platforms/ios/Pods/Headers/Public/UnviredSDK/IDataStructure.h:170:34: note: insert '_Nonnull' if the pointer should never be null
- (BOOL)isFieldPresent:(NSString *)field;
                                 ^
                                  _Nonnull
/Users/srinidhi/Desktop/Workspace/Ionic-Sample/Sample-Project/platforms/ios/Pods/Headers/Public/UnviredSDK/IDataStructure.h:175:23: warning: pointer is missing a nullability type specifier (_Nonnull, _Nullable, or _Null_unspecified) [-Wnullability-completeness]
- (BOOL)areGIDsEqual:(id<IDataStructure>)anotherStructure;
                      ^
/Users/srinidhi/Desktop/Workspace/Ionic-Sample/Sample-Project/platforms/ios/Pods/Headers/Public/UnviredSDK/IDataStructure.h:175:40: note: insert '_Nullable' if the pointer may be null
- (BOOL)areGIDsEqual:(id<IDataStructure>)anotherStructure;
                                       ^
                                        _Nullable
/Users/srinidhi/Desktop/Workspace/Ionic-Sample/Sample-Project/platforms/ios/Pods/Headers/Public/UnviredSDK/IDataStructure.h:175:40: note: insert '_Nonnull' if the pointer should never be null
- (BOOL)areGIDsEqual:(id<IDataStructure>)anotherStructure;
                                       ^
                                        _Nonnull
/Users/srinidhi/Desktop/Workspace/Ionic-Sample/Sample-Project/platforms/ios/MyApp/Plugins/cordova-plugin-unvired-sdk/IOSDatabasePlugin.m:246:2: warning: TODO : Need to check. If it is necessory, then implement. [-W#warnings]
#warning TODO : Need to check. If it is necessory, then implement.
 ^
/Users/srinidhi/Desktop/Workspace/Ionic-Sample/Sample-Project/platforms/ios/MyApp/Plugins/cordova-plugin-unvired-sdk/IOSDatabasePlugin.m:250:2: warning: TODO : Need to check. If it is necessory, then implement. [-W#warnings]
#warning TODO : Need to check. If it is necessory, then implement.
 ^
/Users/srinidhi/Desktop/Workspace/Ionic-Sample/Sample-Project/platforms/ios/MyApp/Plugins/cordova-plugin-unvired-sdk/IOSDatabasePlugin.m:25:26: warning: unused variable 'pluginResult' [-Wunused-variable]
        CDVPluginResult *pluginResult = nil;
                         ^
/Users/srinidhi/Desktop/Workspace/Ionic-Sample/Sample-Project/platforms/ios/MyApp/Plugins/cordova-plugin-unvired-sdk/IOSDatabasePlugin.m:62:26: warning: unused variable 'pluginResult' [-Wunused-variable]
        CDVPluginResult *pluginResult = nil;
                         ^
/Users/srinidhi/Desktop/Workspace/Ionic-Sample/Sample-Project/platforms/ios/MyApp/Plugins/cordova-plugin-unvired-sdk/IOSDatabasePlugin.m:66:19: warning: unused variable 'tableName' [-Wunused-variable]
        NSString *tableName = dataObjects[TABLE_NAME];
                  ^
/Users/srinidhi/Desktop/Workspace/Ionic-Sample/Sample-Project/platforms/ios/MyApp/Plugins/cordova-plugin-unvired-sdk/IOSDatabasePlugin.m:133:26: warning: unused variable 'pluginResult' [-Wunused-variable]
        CDVPluginResult *pluginResult = nil;
                         ^
/Users/srinidhi/Desktop/Workspace/Ionic-Sample/Sample-Project/platforms/ios/MyApp/Plugins/cordova-plugin-unvired-sdk/IOSDatabasePlugin.m:159:26: warning: unused variable 'pluginResult' [-Wunused-variable]
        CDVPluginResult *pluginResult = nil;
                         ^
/Users/srinidhi/Desktop/Workspace/Ionic-Sample/Sample-Project/platforms/ios/MyApp/Plugins/cordova-plugin-unvired-sdk/IOSDatabasePlugin.m:190:26: warning: unused variable 'pluginResult' [-Wunused-variable]
        CDVPluginResult *pluginResult = nil;
                         ^
/Users/srinidhi/Desktop/Workspace/Ionic-Sample/Sample-Project/platforms/ios/MyApp/Plugins/cordova-plugin-unvired-sdk/IOSDatabasePlugin.m:216:26: warning: unused variable 'pluginResult' [-Wunused-variable]
        CDVPluginResult *pluginResult = nil;
                         ^
23 warnings generated.

LinkStoryboards (in target 'MyApp' from project 'MyApp')
    cd /Users/srinidhi/Desktop/Workspace/Ionic-Sample/Sample-Project/platforms/ios
    /Applications/Xcode.app/Contents/Developer/usr/bin/ibtool --errors --warnings --notices --module MyApp --target-device iphone --target-device ipad --minimum-deployment-target 11.0 --output-format human-readable-text --link /Users/srinidhi/Desktop/Workspace/Ionic-Sample/Sample-Project/platforms/ios/build/emulator/MyApp.app /Users/srinidhi/Library/Developer/Xcode/DerivedData/MyApp-glngprrxiuzgwgasskfjbnjwcvbk/Build/Intermediates.noindex/MyApp.build/Debug-iphonesimulator/MyApp.build/CDVLaunchScreen.storyboardc

CompileXIB /Users/srinidhi/Desktop/Workspace/Ionic-Sample/Sample-Project/platforms/ios/MyApp/Classes/MainViewController.xib (in target 'MyApp' from project 'MyApp')
    cd /Users/srinidhi/Desktop/Workspace/Ionic-Sample/Sample-Project/platforms/ios
    /Applications/Xcode.app/Contents/Developer/usr/bin/ibtool --errors --warnings --notices --module MyApp --output-partial-info-plist /Users/srinidhi/Library/Developer/Xcode/DerivedData/MyApp-glngprrxiuzgwgasskfjbnjwcvbk/Build/Intermediates.noindex/MyApp.build/Debug-iphonesimulator/MyApp.build/MainViewController-PartialInfo.plist --auto-activate-custom-fonts --target-device iphone --target-device ipad --minimum-deployment-target 11.0 --output-format human-readable-text --compile /Users/srinidhi/Desktop/Workspace/Ionic-Sample/Sample-Project/platforms/ios/build/emulator/MyApp.app/MainViewController.nib /Users/srinidhi/Desktop/Workspace/Ionic-Sample/Sample-Project/platforms/ios/MyApp/Classes/MainViewController.xib

CompileC /Users/srinidhi/Library/Developer/Xcode/DerivedData/MyApp-glngprrxiuzgwgasskfjbnjwcvbk/Build/Intermediates.noindex/MyApp.build/Debug-iphonesimulator/MyApp.build/Objects-normal/x86_64/IOSAuthPlugin.o /Users/srinidhi/Desktop/Workspace/Ionic-Sample/Sample-Project/platforms/ios/MyApp/Plugins/cordova-plugin-unvired-sdk/IOSAuthPlugin.m normal x86_64 objective-c com.apple.compilers.llvm.clang.1_0.compiler (in target 'MyApp' from project 'MyApp')
    cd /Users/srinidhi/Desktop/Workspace/Ionic-Sample/Sample-Project/platforms/ios
    /Applications/Xcode.app/Contents/Developer/Toolchains/XcodeDefault.xctoolchain/usr/bin/clang -x objective-c -target x86_64-apple-ios11.0-simulator -fmessage-length\=0 -fdiagnostics-show-note-include-stack -fmacro-backtrace-limit\=0 -std\=c99 -fobjc-arc -fmodules -gmodules -fmodules-cache-path\=/Users/srinidhi/Library/Developer/Xcode/DerivedData/ModuleCache.noindex -fmodules-prune-interval\=86400 -fmodules-prune-after\=345600 -fbuild-session-file\=/Users/srinidhi/Library/Developer/Xcode/DerivedData/ModuleCache.noindex/Session.modulevalidation -fmodules-validate-once-per-build-session -Wno-trigraphs -fpascal-strings -O0 -fno-common -Wno-missing-field-initializers -Wno-missing-prototypes -Wunreachable-code -Wno-implicit-atomic-properties -Wno-objc-interface-ivars -Wno-arc-repeated-use-of-weak -Wimplicit-retain-self -Wduplicate-method-match -Wno-missing-braces -Wparentheses -Wswitch -Wunused-function -Wno-unused-label -Wno-unused-parameter -Wunused-variable -Wunused-value -Wempty-body -Wuninitialized -Wno-unknown-pragmas -Wno-shadow -Wno-four-char-constants -Wno-conversion -Wconstant-conversion -Wint-conversion -Wbool-conversion -Wenum-conversion -Wno-float-conversion -Wnon-literal-null-conversion -Wobjc-literal-conversion -Wshorten-64-to-32 -Wpointer-sign -Wno-newline-eof -Wno-selector -Wno-strict-selector-match -Wundeclared-selector -Wdeprecated-implementations -Wno-implicit-fallthrough -DWK_WEB_VIEW_ONLY\=1 -DWK_WEB_VIEW_ONLY\=1 -DDEBUG\=1 -DCOCOAPODS\=1 -DOBJC_OLD_DISPATCH_PROTOTYPES\=0 -isysroot /Applications/Xcode.app/Contents/Developer/Platforms/iPhoneSimulator.platform/Developer/SDKs/iPhoneSimulator16.2.sdk -fasm-blocks -fstrict-aliasing -Wprotocol -Wdeprecated-declarations -g -Wno-sign-conversion -Winfinite-recursion -Wcomma -Wblock-capture-autoreleasing -Wstrict-prototypes -Wno-semicolon-before-method-body -fobjc-abi-version\=2 -fobjc-legacy-dispatch -index-store-path /Users/srinidhi/Library/Developer/Xcode/DerivedData/MyApp-glngprrxiuzgwgasskfjbnjwcvbk/Index.noindex/DataStore -iquote /Users/srinidhi/Library/Developer/Xcode/DerivedData/MyApp-glngprrxiuzgwgasskfjbnjwcvbk/Build/Intermediates.noindex/MyApp.build/Debug-iphonesimulator/MyApp.build/MyApp-generated-files.hmap -I/Users/srinidhi/Library/Developer/Xcode/DerivedData/MyApp-glngprrxiuzgwgasskfjbnjwcvbk/Build/Intermediates.noindex/MyApp.build/Debug-iphonesimulator/MyApp.build/MyApp-own-target-headers.hmap -I/Users/srinidhi/Library/Developer/Xcode/DerivedData/MyApp-glngprrxiuzgwgasskfjbnjwcvbk/Build/Intermediates.noindex/MyApp.build/Debug-iphonesimulator/MyApp.build/MyApp-all-target-headers.hmap -iquote /Users/srinidhi/Library/Developer/Xcode/DerivedData/MyApp-glngprrxiuzgwgasskfjbnjwcvbk/Build/Intermediates.noindex/MyApp.build/Debug-iphonesimulator/MyApp.build/MyApp-project-headers.hmap -I/Users/srinidhi/Desktop/Workspace/Ionic-Sample/Sample-Project/platforms/ios/build/emulator/include -I/Users/srinidhi/Desktop/Workspace/Ionic-Sample/Sample-Project/platforms/ios/build/emulator/usr/local/lib/include -I/Users/srinidhi/Library/Developer/Xcode/DerivedData/MyApp-glngprrxiuzgwgasskfjbnjwcvbk/Build/Intermediates.noindex/UninstalledProducts/include -I/Users/srinidhi/Library/Developer/Xcode/DerivedData/MyApp-glngprrxiuzgwgasskfjbnjwcvbk/Build/Intermediates.noindex/UninstalledProducts/iphonesimulator/include -I/Users/srinidhi/Desktop/Workspace/Ionic-Sample/Sample-Project/platforms/ios/build/emulator -I/Users/srinidhi/Desktop/Workspace/Ionic-Sample/Sample-Project/platforms/ios/Pods/Headers/Public -I/Users/srinidhi/Desktop/Workspace/Ionic-Sample/Sample-Project/platforms/ios/Pods/Headers/Public/UnviredSDK -I/Users/srinidhi/Desktop/Workspace/Ionic-Sample/Sample-Project/platforms/ios/Pods/Headers/UnviredSDK -I/Users/srinidhi/Library/Developer/Xcode/DerivedData/MyApp-glngprrxiuzgwgasskfjbnjwcvbk/Build/Intermediates.noindex/MyApp.build/Debug-iphonesimulator/MyApp.build/DerivedSources-normal/x86_64 -I/Users/srinidhi/Library/Developer/Xcode/DerivedData/MyApp-glngprrxiuzgwgasskfjbnjwcvbk/Build/Intermediates.noindex/MyApp.build/Debug-iphonesimulator/MyApp.build/DerivedSources/x86_64 -I/Users/srinidhi/Library/Developer/Xcode/DerivedData/MyApp-glngprrxiuzgwgasskfjbnjwcvbk/Build/Intermediates.noindex/MyApp.build/Debug-iphonesimulator/MyApp.build/DerivedSources -F/Users/srinidhi/Desktop/Workspace/Ionic-Sample/Sample-Project/platforms/ios/build/emulator -include /Users/srinidhi/Desktop/Workspace/Ionic-Sample/Sample-Project/platforms/ios/build/sharedpch/SharedPrecompiledHeaders/883974999942226412/MyApp-Prefix.pch -MMD -MT dependencies -MF /Users/srinidhi/Library/Developer/Xcode/DerivedData/MyApp-glngprrxiuzgwgasskfjbnjwcvbk/Build/Intermediates.noindex/MyApp.build/Debug-iphonesimulator/MyApp.build/Objects-normal/x86_64/IOSAuthPlugin.d --serialize-diagnostics /Users/srinidhi/Library/Developer/Xcode/DerivedData/MyApp-glngprrxiuzgwgasskfjbnjwcvbk/Build/Intermediates.noindex/MyApp.build/Debug-iphonesimulator/MyApp.build/Objects-normal/x86_64/IOSAuthPlugin.dia -c /Users/srinidhi/Desktop/Workspace/Ionic-Sample/Sample-Project/platforms/ios/MyApp/Plugins/cordova-plugin-unvired-sdk/IOSAuthPlugin.m -o /Users/srinidhi/Library/Developer/Xcode/DerivedData/MyApp-glngprrxiuzgwgasskfjbnjwcvbk/Build/Intermediates.noindex/MyApp.build/Debug-iphonesimulator/MyApp.build/Objects-normal/x86_64/IOSAuthPlugin.o -index-unit-output-path /MyApp.build/Debug-iphonesimulator/MyApp.build/Objects-normal/x86_64/IOSAuthPlugin.o

CompileC /Users/srinidhi/Library/Developer/Xcode/DerivedData/MyApp-glngprrxiuzgwgasskfjbnjwcvbk/Build/Intermediates.noindex/MyApp.build/Debug-iphonesimulator/MyApp.build/Objects-normal/x86_64/IONAssetHandler.o /Users/srinidhi/Desktop/Workspace/Ionic-Sample/Sample-Project/platforms/ios/MyApp/Plugins/cordova-plugin-ionic-webview/IONAssetHandler.m normal x86_64 objective-c com.apple.compilers.llvm.clang.1_0.compiler (in target 'MyApp' from project 'MyApp')
    cd /Users/srinidhi/Desktop/Workspace/Ionic-Sample/Sample-Project/platforms/ios
    /Applications/Xcode.app/Contents/Developer/Toolchains/XcodeDefault.xctoolchain/usr/bin/clang -x objective-c -target x86_64-apple-ios11.0-simulator -fmessage-length\=0 -fdiagnostics-show-note-include-stack -fmacro-backtrace-limit\=0 -std\=c99 -fobjc-arc -fmodules -gmodules -fmodules-cache-path\=/Users/srinidhi/Library/Developer/Xcode/DerivedData/ModuleCache.noindex -fmodules-prune-interval\=86400 -fmodules-prune-after\=345600 -fbuild-session-file\=/Users/srinidhi/Library/Developer/Xcode/DerivedData/ModuleCache.noindex/Session.modulevalidation -fmodules-validate-once-per-build-session -Wno-trigraphs -fpascal-strings -O0 -fno-common -Wno-missing-field-initializers -Wno-missing-prototypes -Wunreachable-code -Wno-implicit-atomic-properties -Wno-objc-interface-ivars -Wno-arc-repeated-use-of-weak -Wimplicit-retain-self -Wduplicate-method-match -Wno-missing-braces -Wparentheses -Wswitch -Wunused-function -Wno-unused-label -Wno-unused-parameter -Wunused-variable -Wunused-value -Wempty-body -Wuninitialized -Wno-unknown-pragmas -Wno-shadow -Wno-four-char-constants -Wno-conversion -Wconstant-conversion -Wint-conversion -Wbool-conversion -Wenum-conversion -Wno-float-conversion -Wnon-literal-null-conversion -Wobjc-literal-conversion -Wshorten-64-to-32 -Wpointer-sign -Wno-newline-eof -Wno-selector -Wno-strict-selector-match -Wundeclared-selector -Wdeprecated-implementations -Wno-implicit-fallthrough -DWK_WEB_VIEW_ONLY\=1 -DWK_WEB_VIEW_ONLY\=1 -DDEBUG\=1 -DCOCOAPODS\=1 -DOBJC_OLD_DISPATCH_PROTOTYPES\=0 -isysroot /Applications/Xcode.app/Contents/Developer/Platforms/iPhoneSimulator.platform/Developer/SDKs/iPhoneSimulator16.2.sdk -fasm-blocks -fstrict-aliasing -Wprotocol -Wdeprecated-declarations -g -Wno-sign-conversion -Winfinite-recursion -Wcomma -Wblock-capture-autoreleasing -Wstrict-prototypes -Wno-semicolon-before-method-body -fobjc-abi-version\=2 -fobjc-legacy-dispatch -index-store-path /Users/srinidhi/Library/Developer/Xcode/DerivedData/MyApp-glngprrxiuzgwgasskfjbnjwcvbk/Index.noindex/DataStore -iquote /Users/srinidhi/Library/Developer/Xcode/DerivedData/MyApp-glngprrxiuzgwgasskfjbnjwcvbk/Build/Intermediates.noindex/MyApp.build/Debug-iphonesimulator/MyApp.build/MyApp-generated-files.hmap -I/Users/srinidhi/Library/Developer/Xcode/DerivedData/MyApp-glngprrxiuzgwgasskfjbnjwcvbk/Build/Intermediates.noindex/MyApp.build/Debug-iphonesimulator/MyApp.build/MyApp-own-target-headers.hmap -I/Users/srinidhi/Library/Developer/Xcode/DerivedData/MyApp-glngprrxiuzgwgasskfjbnjwcvbk/Build/Intermediates.noindex/MyApp.build/Debug-iphonesimulator/MyApp.build/MyApp-all-target-headers.hmap -iquote /Users/srinidhi/Library/Developer/Xcode/DerivedData/MyApp-glngprrxiuzgwgasskfjbnjwcvbk/Build/Intermediates.noindex/MyApp.build/Debug-iphonesimulator/MyApp.build/MyApp-project-headers.hmap -I/Users/srinidhi/Desktop/Workspace/Ionic-Sample/Sample-Project/platforms/ios/build/emulator/include -I/Users/srinidhi/Desktop/Workspace/Ionic-Sample/Sample-Project/platforms/ios/build/emulator/usr/local/lib/include -I/Users/srinidhi/Library/Developer/Xcode/DerivedData/MyApp-glngprrxiuzgwgasskfjbnjwcvbk/Build/Intermediates.noindex/UninstalledProducts/include -I/Users/srinidhi/Library/Developer/Xcode/DerivedData/MyApp-glngprrxiuzgwgasskfjbnjwcvbk/Build/Intermediates.noindex/UninstalledProducts/iphonesimulator/include -I/Users/srinidhi/Desktop/Workspace/Ionic-Sample/Sample-Project/platforms/ios/build/emulator -I/Users/srinidhi/Desktop/Workspace/Ionic-Sample/Sample-Project/platforms/ios/Pods/Headers/Public -I/Users/srinidhi/Desktop/Workspace/Ionic-Sample/Sample-Project/platforms/ios/Pods/Headers/Public/UnviredSDK -I/Users/srinidhi/Desktop/Workspace/Ionic-Sample/Sample-Project/platforms/ios/Pods/Headers/UnviredSDK -I/Users/srinidhi/Library/Developer/Xcode/DerivedData/MyApp-glngprrxiuzgwgasskfjbnjwcvbk/Build/Intermediates.noindex/MyApp.build/Debug-iphonesimulator/MyApp.build/DerivedSources-normal/x86_64 -I/Users/srinidhi/Library/Developer/Xcode/DerivedData/MyApp-glngprrxiuzgwgasskfjbnjwcvbk/Build/Intermediates.noindex/MyApp.build/Debug-iphonesimulator/MyApp.build/DerivedSources/x86_64 -I/Users/srinidhi/Library/Developer/Xcode/DerivedData/MyApp-glngprrxiuzgwgasskfjbnjwcvbk/Build/Intermediates.noindex/MyApp.build/Debug-iphonesimulator/MyApp.build/DerivedSources -F/Users/srinidhi/Desktop/Workspace/Ionic-Sample/Sample-Project/platforms/ios/build/emulator -include /Users/srinidhi/Desktop/Workspace/Ionic-Sample/Sample-Project/platforms/ios/build/sharedpch/SharedPrecompiledHeaders/883974999942226412/MyApp-Prefix.pch -MMD -MT dependencies -MF /Users/srinidhi/Library/Developer/Xcode/DerivedData/MyApp-glngprrxiuzgwgasskfjbnjwcvbk/Build/Intermediates.noindex/MyApp.build/Debug-iphonesimulator/MyApp.build/Objects-normal/x86_64/IONAssetHandler.d --serialize-diagnostics /Users/srinidhi/Library/Developer/Xcode/DerivedData/MyApp-glngprrxiuzgwgasskfjbnjwcvbk/Build/Intermediates.noindex/MyApp.build/Debug-iphonesimulator/MyApp.build/Objects-normal/x86_64/IONAssetHandler.dia -c /Users/srinidhi/Desktop/Workspace/Ionic-Sample/Sample-Project/platforms/ios/MyApp/Plugins/cordova-plugin-ionic-webview/IONAssetHandler.m -o /Users/srinidhi/Library/Developer/Xcode/DerivedData/MyApp-glngprrxiuzgwgasskfjbnjwcvbk/Build/Intermediates.noindex/MyApp.build/Debug-iphonesimulator/MyApp.build/Objects-normal/x86_64/IONAssetHandler.o -index-unit-output-path /MyApp.build/Debug-iphonesimulator/MyApp.build/Objects-normal/x86_64/IONAssetHandler.o

CompileC /Users/srinidhi/Library/Developer/Xcode/DerivedData/MyApp-glngprrxiuzgwgasskfjbnjwcvbk/Build/Intermediates.noindex/MyApp.build/Debug-iphonesimulator/MyApp.build/Objects-normal/x86_64/CDVWKWebViewEngine.o /Users/srinidhi/Desktop/Workspace/Ionic-Sample/Sample-Project/platforms/ios/MyApp/Plugins/cordova-plugin-ionic-webview/CDVWKWebViewEngine.m normal x86_64 objective-c com.apple.compilers.llvm.clang.1_0.compiler (in target 'MyApp' from project 'MyApp')
    cd /Users/srinidhi/Desktop/Workspace/Ionic-Sample/Sample-Project/platforms/ios
    /Applications/Xcode.app/Contents/Developer/Toolchains/XcodeDefault.xctoolchain/usr/bin/clang -x objective-c -target x86_64-apple-ios11.0-simulator -fmessage-length\=0 -fdiagnostics-show-note-include-stack -fmacro-backtrace-limit\=0 -std\=c99 -fobjc-arc -fmodules -gmodules -fmodules-cache-path\=/Users/srinidhi/Library/Developer/Xcode/DerivedData/ModuleCache.noindex -fmodules-prune-interval\=86400 -fmodules-prune-after\=345600 -fbuild-session-file\=/Users/srinidhi/Library/Developer/Xcode/DerivedData/ModuleCache.noindex/Session.modulevalidation -fmodules-validate-once-per-build-session -Wno-trigraphs -fpascal-strings -O0 -fno-common -Wno-missing-field-initializers -Wno-missing-prototypes -Wunreachable-code -Wno-implicit-atomic-properties -Wno-objc-interface-ivars -Wno-arc-repeated-use-of-weak -Wimplicit-retain-self -Wduplicate-method-match -Wno-missing-braces -Wparentheses -Wswitch -Wunused-function -Wno-unused-label -Wno-unused-parameter -Wunused-variable -Wunused-value -Wempty-body -Wuninitialized -Wno-unknown-pragmas -Wno-shadow -Wno-four-char-constants -Wno-conversion -Wconstant-conversion -Wint-conversion -Wbool-conversion -Wenum-conversion -Wno-float-conversion -Wnon-literal-null-conversion -Wobjc-literal-conversion -Wshorten-64-to-32 -Wpointer-sign -Wno-newline-eof -Wno-selector -Wno-strict-selector-match -Wundeclared-selector -Wdeprecated-implementations -Wno-implicit-fallthrough -DWK_WEB_VIEW_ONLY\=1 -DWK_WEB_VIEW_ONLY\=1 -DDEBUG\=1 -DCOCOAPODS\=1 -DOBJC_OLD_DISPATCH_PROTOTYPES\=0 -isysroot /Applications/Xcode.app/Contents/Developer/Platforms/iPhoneSimulator.platform/Developer/SDKs/iPhoneSimulator16.2.sdk -fasm-blocks -fstrict-aliasing -Wprotocol -Wdeprecated-declarations -g -Wno-sign-conversion -Winfinite-recursion -Wcomma -Wblock-capture-autoreleasing -Wstrict-prototypes -Wno-semicolon-before-method-body -fobjc-abi-version\=2 -fobjc-legacy-dispatch -index-store-path /Users/srinidhi/Library/Developer/Xcode/DerivedData/MyApp-glngprrxiuzgwgasskfjbnjwcvbk/Index.noindex/DataStore -iquote /Users/srinidhi/Library/Developer/Xcode/DerivedData/MyApp-glngprrxiuzgwgasskfjbnjwcvbk/Build/Intermediates.noindex/MyApp.build/Debug-iphonesimulator/MyApp.build/MyApp-generated-files.hmap -I/Users/srinidhi/Library/Developer/Xcode/DerivedData/MyApp-glngprrxiuzgwgasskfjbnjwcvbk/Build/Intermediates.noindex/MyApp.build/Debug-iphonesimulator/MyApp.build/MyApp-own-target-headers.hmap -I/Users/srinidhi/Library/Developer/Xcode/DerivedData/MyApp-glngprrxiuzgwgasskfjbnjwcvbk/Build/Intermediates.noindex/MyApp.build/Debug-iphonesimulator/MyApp.build/MyApp-all-target-headers.hmap -iquote /Users/srinidhi/Library/Developer/Xcode/DerivedData/MyApp-glngprrxiuzgwgasskfjbnjwcvbk/Build/Intermediates.noindex/MyApp.build/Debug-iphonesimulator/MyApp.build/MyApp-project-headers.hmap -I/Users/srinidhi/Desktop/Workspace/Ionic-Sample/Sample-Project/platforms/ios/build/emulator/include -I/Users/srinidhi/Desktop/Workspace/Ionic-Sample/Sample-Project/platforms/ios/build/emulator/usr/local/lib/include -I/Users/srinidhi/Library/Developer/Xcode/DerivedData/MyApp-glngprrxiuzgwgasskfjbnjwcvbk/Build/Intermediates.noindex/UninstalledProducts/include -I/Users/srinidhi/Library/Developer/Xcode/DerivedData/MyApp-glngprrxiuzgwgasskfjbnjwcvbk/Build/Intermediates.noindex/UninstalledProducts/iphonesimulator/include -I/Users/srinidhi/Desktop/Workspace/Ionic-Sample/Sample-Project/platforms/ios/build/emulator -I/Users/srinidhi/Desktop/Workspace/Ionic-Sample/Sample-Project/platforms/ios/Pods/Headers/Public -I/Users/srinidhi/Desktop/Workspace/Ionic-Sample/Sample-Project/platforms/ios/Pods/Headers/Public/UnviredSDK -I/Users/srinidhi/Desktop/Workspace/Ionic-Sample/Sample-Project/platforms/ios/Pods/Headers/UnviredSDK -I/Users/srinidhi/Library/Developer/Xcode/DerivedData/MyApp-glngprrxiuzgwgasskfjbnjwcvbk/Build/Intermediates.noindex/MyApp.build/Debug-iphonesimulator/MyApp.build/DerivedSources-normal/x86_64 -I/Users/srinidhi/Library/Developer/Xcode/DerivedData/MyApp-glngprrxiuzgwgasskfjbnjwcvbk/Build/Intermediates.noindex/MyApp.build/Debug-iphonesimulator/MyApp.build/DerivedSources/x86_64 -I/Users/srinidhi/Library/Developer/Xcode/DerivedData/MyApp-glngprrxiuzgwgasskfjbnjwcvbk/Build/Intermediates.noindex/MyApp.build/Debug-iphonesimulator/MyApp.build/DerivedSources -F/Users/srinidhi/Desktop/Workspace/Ionic-Sample/Sample-Project/platforms/ios/build/emulator -include /Users/srinidhi/Desktop/Workspace/Ionic-Sample/Sample-Project/platforms/ios/build/sharedpch/SharedPrecompiledHeaders/883974999942226412/MyApp-Prefix.pch -MMD -MT dependencies -MF /Users/srinidhi/Library/Developer/Xcode/DerivedData/MyApp-glngprrxiuzgwgasskfjbnjwcvbk/Build/Intermediates.noindex/MyApp.build/Debug-iphonesimulator/MyApp.build/Objects-normal/x86_64/CDVWKWebViewEngine.d --serialize-diagnostics /Users/srinidhi/Library/Developer/Xcode/DerivedData/MyApp-glngprrxiuzgwgasskfjbnjwcvbk/Build/Intermediates.noindex/MyApp.build/Debug-iphonesimulator/MyApp.build/Objects-normal/x86_64/CDVWKWebViewEngine.dia -c /Users/srinidhi/Desktop/Workspace/Ionic-Sample/Sample-Project/platforms/ios/MyApp/Plugins/cordova-plugin-ionic-webview/CDVWKWebViewEngine.m -o /Users/srinidhi/Library/Developer/Xcode/DerivedData/MyApp-glngprrxiuzgwgasskfjbnjwcvbk/Build/Intermediates.noindex/MyApp.build/Debug-iphonesimulator/MyApp.build/Objects-normal/x86_64/CDVWKWebViewEngine.o -index-unit-output-path /MyApp.build/Debug-iphonesimulator/MyApp.build/Objects-normal/x86_64/CDVWKWebViewEngine.o

CompileC /Users/srinidhi/Library/Developer/Xcode/DerivedData/MyApp-glngprrxiuzgwgasskfjbnjwcvbk/Build/Intermediates.noindex/MyApp.build/Debug-iphonesimulator/MyApp.build/Objects-normal/x86_64/CDVViewController+SplashScreen.o /Users/srinidhi/Desktop/Workspace/Ionic-Sample/Sample-Project/platforms/ios/MyApp/Plugins/cordova-plugin-splashscreen/CDVViewController+SplashScreen.m normal x86_64 objective-c com.apple.compilers.llvm.clang.1_0.compiler (in target 'MyApp' from project 'MyApp')
    cd /Users/srinidhi/Desktop/Workspace/Ionic-Sample/Sample-Project/platforms/ios
    /Applications/Xcode.app/Contents/Developer/Toolchains/XcodeDefault.xctoolchain/usr/bin/clang -x objective-c -target x86_64-apple-ios11.0-simulator -fmessage-length\=0 -fdiagnostics-show-note-include-stack -fmacro-backtrace-limit\=0 -std\=c99 -fobjc-arc -fmodules -gmodules -fmodules-cache-path\=/Users/srinidhi/Library/Developer/Xcode/DerivedData/ModuleCache.noindex -fmodules-prune-interval\=86400 -fmodules-prune-after\=345600 -fbuild-session-file\=/Users/srinidhi/Library/Developer/Xcode/DerivedData/ModuleCache.noindex/Session.modulevalidation -fmodules-validate-once-per-build-session -Wno-trigraphs -fpascal-strings -O0 -fno-common -Wno-missing-field-initializers -Wno-missing-prototypes -Wunreachable-code -Wno-implicit-atomic-properties -Wno-objc-interface-ivars -Wno-arc-repeated-use-of-weak -Wimplicit-retain-self -Wduplicate-method-match -Wno-missing-braces -Wparentheses -Wswitch -Wunused-function -Wno-unused-label -Wno-unused-parameter -Wunused-variable -Wunused-value -Wempty-body -Wuninitialized -Wno-unknown-pragmas -Wno-shadow -Wno-four-char-constants -Wno-conversion -Wconstant-conversion -Wint-conversion -Wbool-conversion -Wenum-conversion -Wno-float-conversion -Wnon-literal-null-conversion -Wobjc-literal-conversion -Wshorten-64-to-32 -Wpointer-sign -Wno-newline-eof -Wno-selector -Wno-strict-selector-match -Wundeclared-selector -Wdeprecated-implementations -Wno-implicit-fallthrough -DWK_WEB_VIEW_ONLY\=1 -DWK_WEB_VIEW_ONLY\=1 -DDEBUG\=1 -DCOCOAPODS\=1 -DOBJC_OLD_DISPATCH_PROTOTYPES\=0 -isysroot /Applications/Xcode.app/Contents/Developer/Platforms/iPhoneSimulator.platform/Developer/SDKs/iPhoneSimulator16.2.sdk -fasm-blocks -fstrict-aliasing -Wprotocol -Wdeprecated-declarations -g -Wno-sign-conversion -Winfinite-recursion -Wcomma -Wblock-capture-autoreleasing -Wstrict-prototypes -Wno-semicolon-before-method-body -fobjc-abi-version\=2 -fobjc-legacy-dispatch -index-store-path /Users/srinidhi/Library/Developer/Xcode/DerivedData/MyApp-glngprrxiuzgwgasskfjbnjwcvbk/Index.noindex/DataStore -iquote /Users/srinidhi/Library/Developer/Xcode/DerivedData/MyApp-glngprrxiuzgwgasskfjbnjwcvbk/Build/Intermediates.noindex/MyApp.build/Debug-iphonesimulator/MyApp.build/MyApp-generated-files.hmap -I/Users/srinidhi/Library/Developer/Xcode/DerivedData/MyApp-glngprrxiuzgwgasskfjbnjwcvbk/Build/Intermediates.noindex/MyApp.build/Debug-iphonesimulator/MyApp.build/MyApp-own-target-headers.hmap -I/Users/srinidhi/Library/Developer/Xcode/DerivedData/MyApp-glngprrxiuzgwgasskfjbnjwcvbk/Build/Intermediates.noindex/MyApp.build/Debug-iphonesimulator/MyApp.build/MyApp-all-target-headers.hmap -iquote /Users/srinidhi/Library/Developer/Xcode/DerivedData/MyApp-glngprrxiuzgwgasskfjbnjwcvbk/Build/Intermediates.noindex/MyApp.build/Debug-iphonesimulator/MyApp.build/MyApp-project-headers.hmap -I/Users/srinidhi/Desktop/Workspace/Ionic-Sample/Sample-Project/platforms/ios/build/emulator/include -I/Users/srinidhi/Desktop/Workspace/Ionic-Sample/Sample-Project/platforms/ios/build/emulator/usr/local/lib/include -I/Users/srinidhi/Library/Developer/Xcode/DerivedData/MyApp-glngprrxiuzgwgasskfjbnjwcvbk/Build/Intermediates.noindex/UninstalledProducts/include -I/Users/srinidhi/Library/Developer/Xcode/DerivedData/MyApp-glngprrxiuzgwgasskfjbnjwcvbk/Build/Intermediates.noindex/UninstalledProducts/iphonesimulator/include -I/Users/srinidhi/Desktop/Workspace/Ionic-Sample/Sample-Project/platforms/ios/build/emulator -I/Users/srinidhi/Desktop/Workspace/Ionic-Sample/Sample-Project/platforms/ios/Pods/Headers/Public -I/Users/srinidhi/Desktop/Workspace/Ionic-Sample/Sample-Project/platforms/ios/Pods/Headers/Public/UnviredSDK -I/Users/srinidhi/Desktop/Workspace/Ionic-Sample/Sample-Project/platforms/ios/Pods/Headers/UnviredSDK -I/Users/srinidhi/Library/Developer/Xcode/DerivedData/MyApp-glngprrxiuzgwgasskfjbnjwcvbk/Build/Intermediates.noindex/MyApp.build/Debug-iphonesimulator/MyApp.build/DerivedSources-normal/x86_64 -I/Users/srinidhi/Library/Developer/Xcode/DerivedData/MyApp-glngprrxiuzgwgasskfjbnjwcvbk/Build/Intermediates.noindex/MyApp.build/Debug-iphonesimulator/MyApp.build/DerivedSources/x86_64 -I/Users/srinidhi/Library/Developer/Xcode/DerivedData/MyApp-glngprrxiuzgwgasskfjbnjwcvbk/Build/Intermediates.noindex/MyApp.build/Debug-iphonesimulator/MyApp.build/DerivedSources -F/Users/srinidhi/Desktop/Workspace/Ionic-Sample/Sample-Project/platforms/ios/build/emulator -include /Users/srinidhi/Desktop/Workspace/Ionic-Sample/Sample-Project/platforms/ios/build/sharedpch/SharedPrecompiledHeaders/883974999942226412/MyApp-Prefix.pch -MMD -MT dependencies -MF /Users/srinidhi/Library/Developer/Xcode/DerivedData/MyApp-glngprrxiuzgwgasskfjbnjwcvbk/Build/Intermediates.noindex/MyApp.build/Debug-iphonesimulator/MyApp.build/Objects-normal/x86_64/CDVViewController+SplashScreen.d --serialize-diagnostics /Users/srinidhi/Library/Developer/Xcode/DerivedData/MyApp-glngprrxiuzgwgasskfjbnjwcvbk/Build/Intermediates.noindex/MyApp.build/Debug-iphonesimulator/MyApp.build/Objects-normal/x86_64/CDVViewController+SplashScreen.dia -c /Users/srinidhi/Desktop/Workspace/Ionic-Sample/Sample-Project/platforms/ios/MyApp/Plugins/cordova-plugin-splashscreen/CDVViewController+SplashScreen.m -o /Users/srinidhi/Library/Developer/Xcode/DerivedData/MyApp-glngprrxiuzgwgasskfjbnjwcvbk/Build/Intermediates.noindex/MyApp.build/Debug-iphonesimulator/MyApp.build/Objects-normal/x86_64/CDVViewController+SplashScreen.o -index-unit-output-path /MyApp.build/Debug-iphonesimulator/MyApp.build/Objects-normal/x86_64/CDVViewController+SplashScreen.o

CompileC /Users/srinidhi/Library/Developer/Xcode/DerivedData/MyApp-glngprrxiuzgwgasskfjbnjwcvbk/Build/Intermediates.noindex/MyApp.build/Debug-iphonesimulator/MyApp.build/Objects-normal/x86_64/CDVStatusBar.o /Users/srinidhi/Desktop/Workspace/Ionic-Sample/Sample-Project/platforms/ios/MyApp/Plugins/cordova-plugin-statusbar/CDVStatusBar.m normal x86_64 objective-c com.apple.compilers.llvm.clang.1_0.compiler (in target 'MyApp' from project 'MyApp')
    cd /Users/srinidhi/Desktop/Workspace/Ionic-Sample/Sample-Project/platforms/ios
    /Applications/Xcode.app/Contents/Developer/Toolchains/XcodeDefault.xctoolchain/usr/bin/clang -x objective-c -target x86_64-apple-ios11.0-simulator -fmessage-length\=0 -fdiagnostics-show-note-include-stack -fmacro-backtrace-limit\=0 -std\=c99 -fobjc-arc -fmodules -gmodules -fmodules-cache-path\=/Users/srinidhi/Library/Developer/Xcode/DerivedData/ModuleCache.noindex -fmodules-prune-interval\=86400 -fmodules-prune-after\=345600 -fbuild-session-file\=/Users/srinidhi/Library/Developer/Xcode/DerivedData/ModuleCache.noindex/Session.modulevalidation -fmodules-validate-once-per-build-session -Wno-trigraphs -fpascal-strings -O0 -fno-common -Wno-missing-field-initializers -Wno-missing-prototypes -Wunreachable-code -Wno-implicit-atomic-properties -Wno-objc-interface-ivars -Wno-arc-repeated-use-of-weak -Wimplicit-retain-self -Wduplicate-method-match -Wno-missing-braces -Wparentheses -Wswitch -Wunused-function -Wno-unused-label -Wno-unused-parameter -Wunused-variable -Wunused-value -Wempty-body -Wuninitialized -Wno-unknown-pragmas -Wno-shadow -Wno-four-char-constants -Wno-conversion -Wconstant-conversion -Wint-conversion -Wbool-conversion -Wenum-conversion -Wno-float-conversion -Wnon-literal-null-conversion -Wobjc-literal-conversion -Wshorten-64-to-32 -Wpointer-sign -Wno-newline-eof -Wno-selector -Wno-strict-selector-match -Wundeclared-selector -Wdeprecated-implementations -Wno-implicit-fallthrough -DWK_WEB_VIEW_ONLY\=1 -DWK_WEB_VIEW_ONLY\=1 -DDEBUG\=1 -DCOCOAPODS\=1 -DOBJC_OLD_DISPATCH_PROTOTYPES\=0 -isysroot /Applications/Xcode.app/Contents/Developer/Platforms/iPhoneSimulator.platform/Developer/SDKs/iPhoneSimulator16.2.sdk -fasm-blocks -fstrict-aliasing -Wprotocol -Wdeprecated-declarations -g -Wno-sign-conversion -Winfinite-recursion -Wcomma -Wblock-capture-autoreleasing -Wstrict-prototypes -Wno-semicolon-before-method-body -fobjc-abi-version\=2 -fobjc-legacy-dispatch -index-store-path /Users/srinidhi/Library/Developer/Xcode/DerivedData/MyApp-glngprrxiuzgwgasskfjbnjwcvbk/Index.noindex/DataStore -iquote /Users/srinidhi/Library/Developer/Xcode/DerivedData/MyApp-glngprrxiuzgwgasskfjbnjwcvbk/Build/Intermediates.noindex/MyApp.build/Debug-iphonesimulator/MyApp.build/MyApp-generated-files.hmap -I/Users/srinidhi/Library/Developer/Xcode/DerivedData/MyApp-glngprrxiuzgwgasskfjbnjwcvbk/Build/Intermediates.noindex/MyApp.build/Debug-iphonesimulator/MyApp.build/MyApp-own-target-headers.hmap -I/Users/srinidhi/Library/Developer/Xcode/DerivedData/MyApp-glngprrxiuzgwgasskfjbnjwcvbk/Build/Intermediates.noindex/MyApp.build/Debug-iphonesimulator/MyApp.build/MyApp-all-target-headers.hmap -iquote /Users/srinidhi/Library/Developer/Xcode/DerivedData/MyApp-glngprrxiuzgwgasskfjbnjwcvbk/Build/Intermediates.noindex/MyApp.build/Debug-iphonesimulator/MyApp.build/MyApp-project-headers.hmap -I/Users/srinidhi/Desktop/Workspace/Ionic-Sample/Sample-Project/platforms/ios/build/emulator/include -I/Users/srinidhi/Desktop/Workspace/Ionic-Sample/Sample-Project/platforms/ios/build/emulator/usr/local/lib/include -I/Users/srinidhi/Library/Developer/Xcode/DerivedData/MyApp-glngprrxiuzgwgasskfjbnjwcvbk/Build/Intermediates.noindex/UninstalledProducts/include -I/Users/srinidhi/Library/Developer/Xcode/DerivedData/MyApp-glngprrxiuzgwgasskfjbnjwcvbk/Build/Intermediates.noindex/UninstalledProducts/iphonesimulator/include -I/Users/srinidhi/Desktop/Workspace/Ionic-Sample/Sample-Project/platforms/ios/build/emulator -I/Users/srinidhi/Desktop/Workspace/Ionic-Sample/Sample-Project/platforms/ios/Pods/Headers/Public -I/Users/srinidhi/Desktop/Workspace/Ionic-Sample/Sample-Project/platforms/ios/Pods/Headers/Public/UnviredSDK -I/Users/srinidhi/Desktop/Workspace/Ionic-Sample/Sample-Project/platforms/ios/Pods/Headers/UnviredSDK -I/Users/srinidhi/Library/Developer/Xcode/DerivedData/MyApp-glngprrxiuzgwgasskfjbnjwcvbk/Build/Intermediates.noindex/MyApp.build/Debug-iphonesimulator/MyApp.build/DerivedSources-normal/x86_64 -I/Users/srinidhi/Library/Developer/Xcode/DerivedData/MyApp-glngprrxiuzgwgasskfjbnjwcvbk/Build/Intermediates.noindex/MyApp.build/Debug-iphonesimulator/MyApp.build/DerivedSources/x86_64 -I/Users/srinidhi/Library/Developer/Xcode/DerivedData/MyApp-glngprrxiuzgwgasskfjbnjwcvbk/Build/Intermediates.noindex/MyApp.build/Debug-iphonesimulator/MyApp.build/DerivedSources -F/Users/srinidhi/Desktop/Workspace/Ionic-Sample/Sample-Project/platforms/ios/build/emulator -include /Users/srinidhi/Desktop/Workspace/Ionic-Sample/Sample-Project/platforms/ios/build/sharedpch/SharedPrecompiledHeaders/883974999942226412/MyApp-Prefix.pch -MMD -MT dependencies -MF /Users/srinidhi/Library/Developer/Xcode/DerivedData/MyApp-glngprrxiuzgwgasskfjbnjwcvbk/Build/Intermediates.noindex/MyApp.build/Debug-iphonesimulator/MyApp.build/Objects-normal/x86_64/CDVStatusBar.d --serialize-diagnostics /Users/srinidhi/Library/Developer/Xcode/DerivedData/MyApp-glngprrxiuzgwgasskfjbnjwcvbk/Build/Intermediates.noindex/MyApp.build/Debug-iphonesimulator/MyApp.build/Objects-normal/x86_64/CDVStatusBar.dia -c /Users/srinidhi/Desktop/Workspace/Ionic-Sample/Sample-Project/platforms/ios/MyApp/Plugins/cordova-plugin-statusbar/CDVStatusBar.m -o /Users/srinidhi/Library/Developer/Xcode/DerivedData/MyApp-glngprrxiuzgwgasskfjbnjwcvbk/Build/Intermediates.noindex/MyApp.build/Debug-iphonesimulator/MyApp.build/Objects-normal/x86_64/CDVStatusBar.o -index-unit-output-path /MyApp.build/Debug-iphonesimulator/MyApp.build/Objects-normal/x86_64/CDVStatusBar.o
/Users/srinidhi/Desktop/Workspace/Ionic-Sample/Sample-Project/platforms/ios/MyApp/Plugins/cordova-plugin-statusbar/CDVStatusBar.m:271:44: warning: 'setStatusBarStyle:' is deprecated: first deprecated in iOS 9.0 - Use -[UIViewController preferredStatusBarStyle] [-Wdeprecated-declarations]
        [[UIApplication sharedApplication] setStatusBarStyle:style];
                                           ^
In module 'UIKit' imported from /Users/srinidhi/Desktop/Workspace/Ionic-Sample/Sample-Project/platforms/ios/MyApp/MyApp-Prefix.pch:25:
/Applications/Xcode.app/Contents/Developer/Platforms/iPhoneSimulator.platform/Developer/SDKs/iPhoneSimulator16.2.sdk/System/Library/Frameworks/UIKit.framework/Headers/UIApplication.h:472:50: note: property 'statusBarStyle' is declared deprecated here
@property(readwrite, nonatomic) UIStatusBarStyle statusBarStyle API_DEPRECATED("Use -[UIViewController preferredStatusBarStyle]", ios(2.0, 9.0)) API_UNAVAILABLE(tvos);
                                                 ^
/Applications/Xcode.app/Contents/Developer/Platforms/iPhoneSimulator.platform/Developer/SDKs/iPhoneSimulator16.2.sdk/System/Library/Frameworks/UIKit.framework/Headers/UIApplication.h:472:50: note: 'setStatusBarStyle:' has been explicitly marked deprecated here
/Users/srinidhi/Desktop/Workspace/Ionic-Sample/Sample-Project/platforms/ios/MyApp/Plugins/cordova-plugin-statusbar/CDVStatusBar.m:267:56: warning: implicit conversion loses integer precision: 'UIStatusBarStyle' (aka 'enum UIStatusBarStyle') to 'int' [-Wshorten-64-to-32]
        vc.sb_statusBarStyle = [NSNumber numberWithInt:style];
                               ~                       ^~~~~
/Users/srinidhi/Desktop/Workspace/Ionic-Sample/Sample-Project/platforms/ios/MyApp/Plugins/cordova-plugin-statusbar/CDVStatusBar.m:358:14: warning: 'setStatusBarHidden:' is deprecated: first deprecated in iOS 9.0 - Use -[UIViewController prefersStatusBarHidden] [-Wdeprecated-declarations]
        [app setStatusBarHidden:YES];
             ^
In module 'UIKit' imported from /Users/srinidhi/Desktop/Workspace/Ionic-Sample/Sample-Project/platforms/ios/MyApp/MyApp-Prefix.pch:25:
/Applications/Xcode.app/Contents/Developer/Platforms/iPhoneSimulator.platform/Developer/SDKs/iPhoneSimulator16.2.sdk/System/Library/Frameworks/UIKit.framework/Headers/UIApplication.h:476:63: note: property 'statusBarHidden' is declared deprecated here
@property(readwrite, nonatomic,getter=isStatusBarHidden) BOOL statusBarHidden API_DEPRECATED("Use -[UIViewController prefersStatusBarHidden]", ios(2.0, 9.0)) API_UNAVAILABLE(tvos);
                                                              ^
/Applications/Xcode.app/Contents/Developer/Platforms/iPhoneSimulator.platform/Developer/SDKs/iPhoneSimulator16.2.sdk/System/Library/Frameworks/UIKit.framework/Headers/UIApplication.h:476:63: note: 'setStatusBarHidden:' has been explicitly marked deprecated here
/Users/srinidhi/Desktop/Workspace/Ionic-Sample/Sample-Project/platforms/ios/MyApp/Plugins/cordova-plugin-statusbar/CDVStatusBar.m:389:14: warning: 'setStatusBarHidden:' is deprecated: first deprecated in iOS 9.0 - Use -[UIViewController prefersStatusBarHidden] [-Wdeprecated-declarations]
        [app setStatusBarHidden:NO];
             ^
In module 'UIKit' imported from /Users/srinidhi/Desktop/Workspace/Ionic-Sample/Sample-Project/platforms/ios/MyApp/MyApp-Prefix.pch:25:
/Applications/Xcode.app/Contents/Developer/Platforms/iPhoneSimulator.platform/Developer/SDKs/iPhoneSimulator16.2.sdk/System/Library/Frameworks/UIKit.framework/Headers/UIApplication.h:476:63: note: property 'statusBarHidden' is declared deprecated here
@property(readwrite, nonatomic,getter=isStatusBarHidden) BOOL statusBarHidden API_DEPRECATED("Use -[UIViewController prefersStatusBarHidden]", ios(2.0, 9.0)) API_UNAVAILABLE(tvos);
                                                              ^
/Applications/Xcode.app/Contents/Developer/Platforms/iPhoneSimulator.platform/Developer/SDKs/iPhoneSimulator16.2.sdk/System/Library/Frameworks/UIKit.framework/Headers/UIApplication.h:476:63: note: 'setStatusBarHidden:' has been explicitly marked deprecated here
4 warnings generated.

CompileC /Users/srinidhi/Library/Developer/Xcode/DerivedData/MyApp-glngprrxiuzgwgasskfjbnjwcvbk/Build/Intermediates.noindex/MyApp.build/Debug-iphonesimulator/MyApp.build/Objects-normal/x86_64/CDVSplashScreen.o /Users/srinidhi/Desktop/Workspace/Ionic-Sample/Sample-Project/platforms/ios/MyApp/Plugins/cordova-plugin-splashscreen/CDVSplashScreen.m normal x86_64 objective-c com.apple.compilers.llvm.clang.1_0.compiler (in target 'MyApp' from project 'MyApp')
    cd /Users/srinidhi/Desktop/Workspace/Ionic-Sample/Sample-Project/platforms/ios
    /Applications/Xcode.app/Contents/Developer/Toolchains/XcodeDefault.xctoolchain/usr/bin/clang -x objective-c -target x86_64-apple-ios11.0-simulator -fmessage-length\=0 -fdiagnostics-show-note-include-stack -fmacro-backtrace-limit\=0 -std\=c99 -fobjc-arc -fmodules -gmodules -fmodules-cache-path\=/Users/srinidhi/Library/Developer/Xcode/DerivedData/ModuleCache.noindex -fmodules-prune-interval\=86400 -fmodules-prune-after\=345600 -fbuild-session-file\=/Users/srinidhi/Library/Developer/Xcode/DerivedData/ModuleCache.noindex/Session.modulevalidation -fmodules-validate-once-per-build-session -Wno-trigraphs -fpascal-strings -O0 -fno-common -Wno-missing-field-initializers -Wno-missing-prototypes -Wunreachable-code -Wno-implicit-atomic-properties -Wno-objc-interface-ivars -Wno-arc-repeated-use-of-weak -Wimplicit-retain-self -Wduplicate-method-match -Wno-missing-braces -Wparentheses -Wswitch -Wunused-function -Wno-unused-label -Wno-unused-parameter -Wunused-variable -Wunused-value -Wempty-body -Wuninitialized -Wno-unknown-pragmas -Wno-shadow -Wno-four-char-constants -Wno-conversion -Wconstant-conversion -Wint-conversion -Wbool-conversion -Wenum-conversion -Wno-float-conversion -Wnon-literal-null-conversion -Wobjc-literal-conversion -Wshorten-64-to-32 -Wpointer-sign -Wno-newline-eof -Wno-selector -Wno-strict-selector-match -Wundeclared-selector -Wdeprecated-implementations -Wno-implicit-fallthrough -DWK_WEB_VIEW_ONLY\=1 -DWK_WEB_VIEW_ONLY\=1 -DDEBUG\=1 -DCOCOAPODS\=1 -DOBJC_OLD_DISPATCH_PROTOTYPES\=0 -isysroot /Applications/Xcode.app/Contents/Developer/Platforms/iPhoneSimulator.platform/Developer/SDKs/iPhoneSimulator16.2.sdk -fasm-blocks -fstrict-aliasing -Wprotocol -Wdeprecated-declarations -g -Wno-sign-conversion -Winfinite-recursion -Wcomma -Wblock-capture-autoreleasing -Wstrict-prototypes -Wno-semicolon-before-method-body -fobjc-abi-version\=2 -fobjc-legacy-dispatch -index-store-path /Users/srinidhi/Library/Developer/Xcode/DerivedData/MyApp-glngprrxiuzgwgasskfjbnjwcvbk/Index.noindex/DataStore -iquote /Users/srinidhi/Library/Developer/Xcode/DerivedData/MyApp-glngprrxiuzgwgasskfjbnjwcvbk/Build/Intermediates.noindex/MyApp.build/Debug-iphonesimulator/MyApp.build/MyApp-generated-files.hmap -I/Users/srinidhi/Library/Developer/Xcode/DerivedData/MyApp-glngprrxiuzgwgasskfjbnjwcvbk/Build/Intermediates.noindex/MyApp.build/Debug-iphonesimulator/MyApp.build/MyApp-own-target-headers.hmap -I/Users/srinidhi/Library/Developer/Xcode/DerivedData/MyApp-glngprrxiuzgwgasskfjbnjwcvbk/Build/Intermediates.noindex/MyApp.build/Debug-iphonesimulator/MyApp.build/MyApp-all-target-headers.hmap -iquote /Users/srinidhi/Library/Developer/Xcode/DerivedData/MyApp-glngprrxiuzgwgasskfjbnjwcvbk/Build/Intermediates.noindex/MyApp.build/Debug-iphonesimulator/MyApp.build/MyApp-project-headers.hmap -I/Users/srinidhi/Desktop/Workspace/Ionic-Sample/Sample-Project/platforms/ios/build/emulator/include -I/Users/srinidhi/Desktop/Workspace/Ionic-Sample/Sample-Project/platforms/ios/build/emulator/usr/local/lib/include -I/Users/srinidhi/Library/Developer/Xcode/DerivedData/MyApp-glngprrxiuzgwgasskfjbnjwcvbk/Build/Intermediates.noindex/UninstalledProducts/include -I/Users/srinidhi/Library/Developer/Xcode/DerivedData/MyApp-glngprrxiuzgwgasskfjbnjwcvbk/Build/Intermediates.noindex/UninstalledProducts/iphonesimulator/include -I/Users/srinidhi/Desktop/Workspace/Ionic-Sample/Sample-Project/platforms/ios/build/emulator -I/Users/srinidhi/Desktop/Workspace/Ionic-Sample/Sample-Project/platforms/ios/Pods/Headers/Public -I/Users/srinidhi/Desktop/Workspace/Ionic-Sample/Sample-Project/platforms/ios/Pods/Headers/Public/UnviredSDK -I/Users/srinidhi/Desktop/Workspace/Ionic-Sample/Sample-Project/platforms/ios/Pods/Headers/UnviredSDK -I/Users/srinidhi/Library/Developer/Xcode/DerivedData/MyApp-glngprrxiuzgwgasskfjbnjwcvbk/Build/Intermediates.noindex/MyApp.build/Debug-iphonesimulator/MyApp.build/DerivedSources-normal/x86_64 -I/Users/srinidhi/Library/Developer/Xcode/DerivedData/MyApp-glngprrxiuzgwgasskfjbnjwcvbk/Build/Intermediates.noindex/MyApp.build/Debug-iphonesimulator/MyApp.build/DerivedSources/x86_64 -I/Users/srinidhi/Library/Developer/Xcode/DerivedData/MyApp-glngprrxiuzgwgasskfjbnjwcvbk/Build/Intermediates.noindex/MyApp.build/Debug-iphonesimulator/MyApp.build/DerivedSources -F/Users/srinidhi/Desktop/Workspace/Ionic-Sample/Sample-Project/platforms/ios/build/emulator -include /Users/srinidhi/Desktop/Workspace/Ionic-Sample/Sample-Project/platforms/ios/build/sharedpch/SharedPrecompiledHeaders/883974999942226412/MyApp-Prefix.pch -MMD -MT dependencies -MF /Users/srinidhi/Library/Developer/Xcode/DerivedData/MyApp-glngprrxiuzgwgasskfjbnjwcvbk/Build/Intermediates.noindex/MyApp.build/Debug-iphonesimulator/MyApp.build/Objects-normal/x86_64/CDVSplashScreen.d --serialize-diagnostics /Users/srinidhi/Library/Developer/Xcode/DerivedData/MyApp-glngprrxiuzgwgasskfjbnjwcvbk/Build/Intermediates.noindex/MyApp.build/Debug-iphonesimulator/MyApp.build/Objects-normal/x86_64/CDVSplashScreen.dia -c /Users/srinidhi/Desktop/Workspace/Ionic-Sample/Sample-Project/platforms/ios/MyApp/Plugins/cordova-plugin-splashscreen/CDVSplashScreen.m -o /Users/srinidhi/Library/Developer/Xcode/DerivedData/MyApp-glngprrxiuzgwgasskfjbnjwcvbk/Build/Intermediates.noindex/MyApp.build/Debug-iphonesimulator/MyApp.build/Objects-normal/x86_64/CDVSplashScreen.o -index-unit-output-path /MyApp.build/Debug-iphonesimulator/MyApp.build/Objects-normal/x86_64/CDVSplashScreen.o
/Users/srinidhi/Desktop/Workspace/Ionic-Sample/Sample-Project/platforms/ios/MyApp/Plugins/cordova-plugin-splashscreen/CDVSplashScreen.m:491:22: warning: block implicitly retains 'self'; explicitly mention 'self' to indicate this is intended behavior [-Wimplicit-retain-self]
                if (!_destroyed) {
                     ^
                     self->
/Users/srinidhi/Desktop/Workspace/Ionic-Sample/Sample-Project/platforms/ios/MyApp/Plugins/cordova-plugin-splashscreen/CDVSplashScreen.m:502:46: warning: block implicitly retains 'self'; explicitly mention 'self' to indicate this is intended behavior [-Wimplicit-retain-self]
                                        if (!_destroyed) {
                                             ^
                                             self->
2 warnings generated.

CompileC /Users/srinidhi/Library/Developer/Xcode/DerivedData/MyApp-glngprrxiuzgwgasskfjbnjwcvbk/Build/Intermediates.noindex/MyApp.build/Debug-iphonesimulator/MyApp.build/Objects-normal/x86_64/CDVIonicKeyboard.o /Users/srinidhi/Desktop/Workspace/Ionic-Sample/Sample-Project/platforms/ios/MyApp/Plugins/cordova-plugin-ionic-keyboard/CDVIonicKeyboard.m normal x86_64 objective-c com.apple.compilers.llvm.clang.1_0.compiler (in target 'MyApp' from project 'MyApp')
    cd /Users/srinidhi/Desktop/Workspace/Ionic-Sample/Sample-Project/platforms/ios
    /Applications/Xcode.app/Contents/Developer/Toolchains/XcodeDefault.xctoolchain/usr/bin/clang -x objective-c -target x86_64-apple-ios11.0-simulator -fmessage-length\=0 -fdiagnostics-show-note-include-stack -fmacro-backtrace-limit\=0 -std\=c99 -fobjc-arc -fmodules -gmodules -fmodules-cache-path\=/Users/srinidhi/Library/Developer/Xcode/DerivedData/ModuleCache.noindex -fmodules-prune-interval\=86400 -fmodules-prune-after\=345600 -fbuild-session-file\=/Users/srinidhi/Library/Developer/Xcode/DerivedData/ModuleCache.noindex/Session.modulevalidation -fmodules-validate-once-per-build-session -Wno-trigraphs -fpascal-strings -O0 -fno-common -Wno-missing-field-initializers -Wno-missing-prototypes -Wunreachable-code -Wno-implicit-atomic-properties -Wno-objc-interface-ivars -Wno-arc-repeated-use-of-weak -Wimplicit-retain-self -Wduplicate-method-match -Wno-missing-braces -Wparentheses -Wswitch -Wunused-function -Wno-unused-label -Wno-unused-parameter -Wunused-variable -Wunused-value -Wempty-body -Wuninitialized -Wno-unknown-pragmas -Wno-shadow -Wno-four-char-constants -Wno-conversion -Wconstant-conversion -Wint-conversion -Wbool-conversion -Wenum-conversion -Wno-float-conversion -Wnon-literal-null-conversion -Wobjc-literal-conversion -Wshorten-64-to-32 -Wpointer-sign -Wno-newline-eof -Wno-selector -Wno-strict-selector-match -Wundeclared-selector -Wdeprecated-implementations -Wno-implicit-fallthrough -DWK_WEB_VIEW_ONLY\=1 -DWK_WEB_VIEW_ONLY\=1 -DDEBUG\=1 -DCOCOAPODS\=1 -DOBJC_OLD_DISPATCH_PROTOTYPES\=0 -isysroot /Applications/Xcode.app/Contents/Developer/Platforms/iPhoneSimulator.platform/Developer/SDKs/iPhoneSimulator16.2.sdk -fasm-blocks -fstrict-aliasing -Wprotocol -Wdeprecated-declarations -g -Wno-sign-conversion -Winfinite-recursion -Wcomma -Wblock-capture-autoreleasing -Wstrict-prototypes -Wno-semicolon-before-method-body -fobjc-abi-version\=2 -fobjc-legacy-dispatch -index-store-path /Users/srinidhi/Library/Developer/Xcode/DerivedData/MyApp-glngprrxiuzgwgasskfjbnjwcvbk/Index.noindex/DataStore -iquote /Users/srinidhi/Library/Developer/Xcode/DerivedData/MyApp-glngprrxiuzgwgasskfjbnjwcvbk/Build/Intermediates.noindex/MyApp.build/Debug-iphonesimulator/MyApp.build/MyApp-generated-files.hmap -I/Users/srinidhi/Library/Developer/Xcode/DerivedData/MyApp-glngprrxiuzgwgasskfjbnjwcvbk/Build/Intermediates.noindex/MyApp.build/Debug-iphonesimulator/MyApp.build/MyApp-own-target-headers.hmap -I/Users/srinidhi/Library/Developer/Xcode/DerivedData/MyApp-glngprrxiuzgwgasskfjbnjwcvbk/Build/Intermediates.noindex/MyApp.build/Debug-iphonesimulator/MyApp.build/MyApp-all-target-headers.hmap -iquote /Users/srinidhi/Library/Developer/Xcode/DerivedData/MyApp-glngprrxiuzgwgasskfjbnjwcvbk/Build/Intermediates.noindex/MyApp.build/Debug-iphonesimulator/MyApp.build/MyApp-project-headers.hmap -I/Users/srinidhi/Desktop/Workspace/Ionic-Sample/Sample-Project/platforms/ios/build/emulator/include -I/Users/srinidhi/Desktop/Workspace/Ionic-Sample/Sample-Project/platforms/ios/build/emulator/usr/local/lib/include -I/Users/srinidhi/Library/Developer/Xcode/DerivedData/MyApp-glngprrxiuzgwgasskfjbnjwcvbk/Build/Intermediates.noindex/UninstalledProducts/include -I/Users/srinidhi/Library/Developer/Xcode/DerivedData/MyApp-glngprrxiuzgwgasskfjbnjwcvbk/Build/Intermediates.noindex/UninstalledProducts/iphonesimulator/include -I/Users/srinidhi/Desktop/Workspace/Ionic-Sample/Sample-Project/platforms/ios/build/emulator -I/Users/srinidhi/Desktop/Workspace/Ionic-Sample/Sample-Project/platforms/ios/Pods/Headers/Public -I/Users/srinidhi/Desktop/Workspace/Ionic-Sample/Sample-Project/platforms/ios/Pods/Headers/Public/UnviredSDK -I/Users/srinidhi/Desktop/Workspace/Ionic-Sample/Sample-Project/platforms/ios/Pods/Headers/UnviredSDK -I/Users/srinidhi/Library/Developer/Xcode/DerivedData/MyApp-glngprrxiuzgwgasskfjbnjwcvbk/Build/Intermediates.noindex/MyApp.build/Debug-iphonesimulator/MyApp.build/DerivedSources-normal/x86_64 -I/Users/srinidhi/Library/Developer/Xcode/DerivedData/MyApp-glngprrxiuzgwgasskfjbnjwcvbk/Build/Intermediates.noindex/MyApp.build/Debug-iphonesimulator/MyApp.build/DerivedSources/x86_64 -I/Users/srinidhi/Library/Developer/Xcode/DerivedData/MyApp-glngprrxiuzgwgasskfjbnjwcvbk/Build/Intermediates.noindex/MyApp.build/Debug-iphonesimulator/MyApp.build/DerivedSources -F/Users/srinidhi/Desktop/Workspace/Ionic-Sample/Sample-Project/platforms/ios/build/emulator -include /Users/srinidhi/Desktop/Workspace/Ionic-Sample/Sample-Project/platforms/ios/build/sharedpch/SharedPrecompiledHeaders/883974999942226412/MyApp-Prefix.pch -MMD -MT dependencies -MF /Users/srinidhi/Library/Developer/Xcode/DerivedData/MyApp-glngprrxiuzgwgasskfjbnjwcvbk/Build/Intermediates.noindex/MyApp.build/Debug-iphonesimulator/MyApp.build/Objects-normal/x86_64/CDVIonicKeyboard.d --serialize-diagnostics /Users/srinidhi/Library/Developer/Xcode/DerivedData/MyApp-glngprrxiuzgwgasskfjbnjwcvbk/Build/Intermediates.noindex/MyApp.build/Debug-iphonesimulator/MyApp.build/Objects-normal/x86_64/CDVIonicKeyboard.dia -c /Users/srinidhi/Desktop/Workspace/Ionic-Sample/Sample-Project/platforms/ios/MyApp/Plugins/cordova-plugin-ionic-keyboard/CDVIonicKeyboard.m -o /Users/srinidhi/Library/Developer/Xcode/DerivedData/MyApp-glngprrxiuzgwgasskfjbnjwcvbk/Build/Intermediates.noindex/MyApp.build/Debug-iphonesimulator/MyApp.build/Objects-normal/x86_64/CDVIonicKeyboard.o -index-unit-output-path /MyApp.build/Debug-iphonesimulator/MyApp.build/Objects-normal/x86_64/CDVIonicKeyboard.o

CompileC /Users/srinidhi/Library/Developer/Xcode/DerivedData/MyApp-glngprrxiuzgwgasskfjbnjwcvbk/Build/Intermediates.noindex/MyApp.build/Debug-iphonesimulator/MyApp.build/Objects-normal/x86_64/CDVDevice.o /Users/srinidhi/Desktop/Workspace/Ionic-Sample/Sample-Project/platforms/ios/MyApp/Plugins/cordova-plugin-device/CDVDevice.m normal x86_64 objective-c com.apple.compilers.llvm.clang.1_0.compiler (in target 'MyApp' from project 'MyApp')
    cd /Users/srinidhi/Desktop/Workspace/Ionic-Sample/Sample-Project/platforms/ios
    /Applications/Xcode.app/Contents/Developer/Toolchains/XcodeDefault.xctoolchain/usr/bin/clang -x objective-c -target x86_64-apple-ios11.0-simulator -fmessage-length\=0 -fdiagnostics-show-note-include-stack -fmacro-backtrace-limit\=0 -std\=c99 -fobjc-arc -fmodules -gmodules -fmodules-cache-path\=/Users/srinidhi/Library/Developer/Xcode/DerivedData/ModuleCache.noindex -fmodules-prune-interval\=86400 -fmodules-prune-after\=345600 -fbuild-session-file\=/Users/srinidhi/Library/Developer/Xcode/DerivedData/ModuleCache.noindex/Session.modulevalidation -fmodules-validate-once-per-build-session -Wno-trigraphs -fpascal-strings -O0 -fno-common -Wno-missing-field-initializers -Wno-missing-prototypes -Wunreachable-code -Wno-implicit-atomic-properties -Wno-objc-interface-ivars -Wno-arc-repeated-use-of-weak -Wimplicit-retain-self -Wduplicate-method-match -Wno-missing-braces -Wparentheses -Wswitch -Wunused-function -Wno-unused-label -Wno-unused-parameter -Wunused-variable -Wunused-value -Wempty-body -Wuninitialized -Wno-unknown-pragmas -Wno-shadow -Wno-four-char-constants -Wno-conversion -Wconstant-conversion -Wint-conversion -Wbool-conversion -Wenum-conversion -Wno-float-conversion -Wnon-literal-null-conversion -Wobjc-literal-conversion -Wshorten-64-to-32 -Wpointer-sign -Wno-newline-eof -Wno-selector -Wno-strict-selector-match -Wundeclared-selector -Wdeprecated-implementations -Wno-implicit-fallthrough -DWK_WEB_VIEW_ONLY\=1 -DWK_WEB_VIEW_ONLY\=1 -DDEBUG\=1 -DCOCOAPODS\=1 -DOBJC_OLD_DISPATCH_PROTOTYPES\=0 -isysroot /Applications/Xcode.app/Contents/Developer/Platforms/iPhoneSimulator.platform/Developer/SDKs/iPhoneSimulator16.2.sdk -fasm-blocks -fstrict-aliasing -Wprotocol -Wdeprecated-declarations -g -Wno-sign-conversion -Winfinite-recursion -Wcomma -Wblock-capture-autoreleasing -Wstrict-prototypes -Wno-semicolon-before-method-body -fobjc-abi-version\=2 -fobjc-legacy-dispatch -index-store-path /Users/srinidhi/Library/Developer/Xcode/DerivedData/MyApp-glngprrxiuzgwgasskfjbnjwcvbk/Index.noindex/DataStore -iquote /Users/srinidhi/Library/Developer/Xcode/DerivedData/MyApp-glngprrxiuzgwgasskfjbnjwcvbk/Build/Intermediates.noindex/MyApp.build/Debug-iphonesimulator/MyApp.build/MyApp-generated-files.hmap -I/Users/srinidhi/Library/Developer/Xcode/DerivedData/MyApp-glngprrxiuzgwgasskfjbnjwcvbk/Build/Intermediates.noindex/MyApp.build/Debug-iphonesimulator/MyApp.build/MyApp-own-target-headers.hmap -I/Users/srinidhi/Library/Developer/Xcode/DerivedData/MyApp-glngprrxiuzgwgasskfjbnjwcvbk/Build/Intermediates.noindex/MyApp.build/Debug-iphonesimulator/MyApp.build/MyApp-all-target-headers.hmap -iquote /Users/srinidhi/Library/Developer/Xcode/DerivedData/MyApp-glngprrxiuzgwgasskfjbnjwcvbk/Build/Intermediates.noindex/MyApp.build/Debug-iphonesimulator/MyApp.build/MyApp-project-headers.hmap -I/Users/srinidhi/Desktop/Workspace/Ionic-Sample/Sample-Project/platforms/ios/build/emulator/include -I/Users/srinidhi/Desktop/Workspace/Ionic-Sample/Sample-Project/platforms/ios/build/emulator/usr/local/lib/include -I/Users/srinidhi/Library/Developer/Xcode/DerivedData/MyApp-glngprrxiuzgwgasskfjbnjwcvbk/Build/Intermediates.noindex/UninstalledProducts/include -I/Users/srinidhi/Library/Developer/Xcode/DerivedData/MyApp-glngprrxiuzgwgasskfjbnjwcvbk/Build/Intermediates.noindex/UninstalledProducts/iphonesimulator/include -I/Users/srinidhi/Desktop/Workspace/Ionic-Sample/Sample-Project/platforms/ios/build/emulator -I/Users/srinidhi/Desktop/Workspace/Ionic-Sample/Sample-Project/platforms/ios/Pods/Headers/Public -I/Users/srinidhi/Desktop/Workspace/Ionic-Sample/Sample-Project/platforms/ios/Pods/Headers/Public/UnviredSDK -I/Users/srinidhi/Desktop/Workspace/Ionic-Sample/Sample-Project/platforms/ios/Pods/Headers/UnviredSDK -I/Users/srinidhi/Library/Developer/Xcode/DerivedData/MyApp-glngprrxiuzgwgasskfjbnjwcvbk/Build/Intermediates.noindex/MyApp.build/Debug-iphonesimulator/MyApp.build/DerivedSources-normal/x86_64 -I/Users/srinidhi/Library/Developer/Xcode/DerivedData/MyApp-glngprrxiuzgwgasskfjbnjwcvbk/Build/Intermediates.noindex/MyApp.build/Debug-iphonesimulator/MyApp.build/DerivedSources/x86_64 -I/Users/srinidhi/Library/Developer/Xcode/DerivedData/MyApp-glngprrxiuzgwgasskfjbnjwcvbk/Build/Intermediates.noindex/MyApp.build/Debug-iphonesimulator/MyApp.build/DerivedSources -F/Users/srinidhi/Desktop/Workspace/Ionic-Sample/Sample-Project/platforms/ios/build/emulator -include /Users/srinidhi/Desktop/Workspace/Ionic-Sample/Sample-Project/platforms/ios/build/sharedpch/SharedPrecompiledHeaders/883974999942226412/MyApp-Prefix.pch -MMD -MT dependencies -MF /Users/srinidhi/Library/Developer/Xcode/DerivedData/MyApp-glngprrxiuzgwgasskfjbnjwcvbk/Build/Intermediates.noindex/MyApp.build/Debug-iphonesimulator/MyApp.build/Objects-normal/x86_64/CDVDevice.d --serialize-diagnostics /Users/srinidhi/Library/Developer/Xcode/DerivedData/MyApp-glngprrxiuzgwgasskfjbnjwcvbk/Build/Intermediates.noindex/MyApp.build/Debug-iphonesimulator/MyApp.build/Objects-normal/x86_64/CDVDevice.dia -c /Users/srinidhi/Desktop/Workspace/Ionic-Sample/Sample-Project/platforms/ios/MyApp/Plugins/cordova-plugin-device/CDVDevice.m -o /Users/srinidhi/Library/Developer/Xcode/DerivedData/MyApp-glngprrxiuzgwgasskfjbnjwcvbk/Build/Intermediates.noindex/MyApp.build/Debug-iphonesimulator/MyApp.build/Objects-normal/x86_64/CDVDevice.o -index-unit-output-path /MyApp.build/Debug-iphonesimulator/MyApp.build/Objects-normal/x86_64/CDVDevice.o

CompileC /Users/srinidhi/Library/Developer/Xcode/DerivedData/MyApp-glngprrxiuzgwgasskfjbnjwcvbk/Build/Intermediates.noindex/MyApp.build/Debug-iphonesimulator/MyApp.build/Objects-normal/x86_64/AttachmentPlugin.o /Users/srinidhi/Desktop/Workspace/Ionic-Sample/Sample-Project/platforms/ios/MyApp/Plugins/cordova-plugin-unvired-sdk/AttachmentPlugin.m normal x86_64 objective-c com.apple.compilers.llvm.clang.1_0.compiler (in target 'MyApp' from project 'MyApp')
    cd /Users/srinidhi/Desktop/Workspace/Ionic-Sample/Sample-Project/platforms/ios
    /Applications/Xcode.app/Contents/Developer/Toolchains/XcodeDefault.xctoolchain/usr/bin/clang -x objective-c -target x86_64-apple-ios11.0-simulator -fmessage-length\=0 -fdiagnostics-show-note-include-stack -fmacro-backtrace-limit\=0 -std\=c99 -fobjc-arc -fmodules -gmodules -fmodules-cache-path\=/Users/srinidhi/Library/Developer/Xcode/DerivedData/ModuleCache.noindex -fmodules-prune-interval\=86400 -fmodules-prune-after\=345600 -fbuild-session-file\=/Users/srinidhi/Library/Developer/Xcode/DerivedData/ModuleCache.noindex/Session.modulevalidation -fmodules-validate-once-per-build-session -Wno-trigraphs -fpascal-strings -O0 -fno-common -Wno-missing-field-initializers -Wno-missing-prototypes -Wunreachable-code -Wno-implicit-atomic-properties -Wno-objc-interface-ivars -Wno-arc-repeated-use-of-weak -Wimplicit-retain-self -Wduplicate-method-match -Wno-missing-braces -Wparentheses -Wswitch -Wunused-function -Wno-unused-label -Wno-unused-parameter -Wunused-variable -Wunused-value -Wempty-body -Wuninitialized -Wno-unknown-pragmas -Wno-shadow -Wno-four-char-constants -Wno-conversion -Wconstant-conversion -Wint-conversion -Wbool-conversion -Wenum-conversion -Wno-float-conversion -Wnon-literal-null-conversion -Wobjc-literal-conversion -Wshorten-64-to-32 -Wpointer-sign -Wno-newline-eof -Wno-selector -Wno-strict-selector-match -Wundeclared-selector -Wdeprecated-implementations -Wno-implicit-fallthrough -DWK_WEB_VIEW_ONLY\=1 -DWK_WEB_VIEW_ONLY\=1 -DDEBUG\=1 -DCOCOAPODS\=1 -DOBJC_OLD_DISPATCH_PROTOTYPES\=0 -isysroot /Applications/Xcode.app/Contents/Developer/Platforms/iPhoneSimulator.platform/Developer/SDKs/iPhoneSimulator16.2.sdk -fasm-blocks -fstrict-aliasing -Wprotocol -Wdeprecated-declarations -g -Wno-sign-conversion -Winfinite-recursion -Wcomma -Wblock-capture-autoreleasing -Wstrict-prototypes -Wno-semicolon-before-method-body -fobjc-abi-version\=2 -fobjc-legacy-dispatch -index-store-path /Users/srinidhi/Library/Developer/Xcode/DerivedData/MyApp-glngprrxiuzgwgasskfjbnjwcvbk/Index.noindex/DataStore -iquote /Users/srinidhi/Library/Developer/Xcode/DerivedData/MyApp-glngprrxiuzgwgasskfjbnjwcvbk/Build/Intermediates.noindex/MyApp.build/Debug-iphonesimulator/MyApp.build/MyApp-generated-files.hmap -I/Users/srinidhi/Library/Developer/Xcode/DerivedData/MyApp-glngprrxiuzgwgasskfjbnjwcvbk/Build/Intermediates.noindex/MyApp.build/Debug-iphonesimulator/MyApp.build/MyApp-own-target-headers.hmap -I/Users/srinidhi/Library/Developer/Xcode/DerivedData/MyApp-glngprrxiuzgwgasskfjbnjwcvbk/Build/Intermediates.noindex/MyApp.build/Debug-iphonesimulator/MyApp.build/MyApp-all-target-headers.hmap -iquote /Users/srinidhi/Library/Developer/Xcode/DerivedData/MyApp-glngprrxiuzgwgasskfjbnjwcvbk/Build/Intermediates.noindex/MyApp.build/Debug-iphonesimulator/MyApp.build/MyApp-project-headers.hmap -I/Users/srinidhi/Desktop/Workspace/Ionic-Sample/Sample-Project/platforms/ios/build/emulator/include -I/Users/srinidhi/Desktop/Workspace/Ionic-Sample/Sample-Project/platforms/ios/build/emulator/usr/local/lib/include -I/Users/srinidhi/Library/Developer/Xcode/DerivedData/MyApp-glngprrxiuzgwgasskfjbnjwcvbk/Build/Intermediates.noindex/UninstalledProducts/include -I/Users/srinidhi/Library/Developer/Xcode/DerivedData/MyApp-glngprrxiuzgwgasskfjbnjwcvbk/Build/Intermediates.noindex/UninstalledProducts/iphonesimulator/include -I/Users/srinidhi/Desktop/Workspace/Ionic-Sample/Sample-Project/platforms/ios/build/emulator -I/Users/srinidhi/Desktop/Workspace/Ionic-Sample/Sample-Project/platforms/ios/Pods/Headers/Public -I/Users/srinidhi/Desktop/Workspace/Ionic-Sample/Sample-Project/platforms/ios/Pods/Headers/Public/UnviredSDK -I/Users/srinidhi/Desktop/Workspace/Ionic-Sample/Sample-Project/platforms/ios/Pods/Headers/UnviredSDK -I/Users/srinidhi/Library/Developer/Xcode/DerivedData/MyApp-glngprrxiuzgwgasskfjbnjwcvbk/Build/Intermediates.noindex/MyApp.build/Debug-iphonesimulator/MyApp.build/DerivedSources-normal/x86_64 -I/Users/srinidhi/Library/Developer/Xcode/DerivedData/MyApp-glngprrxiuzgwgasskfjbnjwcvbk/Build/Intermediates.noindex/MyApp.build/Debug-iphonesimulator/MyApp.build/DerivedSources/x86_64 -I/Users/srinidhi/Library/Developer/Xcode/DerivedData/MyApp-glngprrxiuzgwgasskfjbnjwcvbk/Build/Intermediates.noindex/MyApp.build/Debug-iphonesimulator/MyApp.build/DerivedSources -F/Users/srinidhi/Desktop/Workspace/Ionic-Sample/Sample-Project/platforms/ios/build/emulator -include /Users/srinidhi/Desktop/Workspace/Ionic-Sample/Sample-Project/platforms/ios/build/sharedpch/SharedPrecompiledHeaders/883974999942226412/MyApp-Prefix.pch -MMD -MT dependencies -MF /Users/srinidhi/Library/Developer/Xcode/DerivedData/MyApp-glngprrxiuzgwgasskfjbnjwcvbk/Build/Intermediates.noindex/MyApp.build/Debug-iphonesimulator/MyApp.build/Objects-normal/x86_64/AttachmentPlugin.d --serialize-diagnostics /Users/srinidhi/Library/Developer/Xcode/DerivedData/MyApp-glngprrxiuzgwgasskfjbnjwcvbk/Build/Intermediates.noindex/MyApp.build/Debug-iphonesimulator/MyApp.build/Objects-normal/x86_64/AttachmentPlugin.dia -c /Users/srinidhi/Desktop/Workspace/Ionic-Sample/Sample-Project/platforms/ios/MyApp/Plugins/cordova-plugin-unvired-sdk/AttachmentPlugin.m -o /Users/srinidhi/Library/Developer/Xcode/DerivedData/MyApp-glngprrxiuzgwgasskfjbnjwcvbk/Build/Intermediates.noindex/MyApp.build/Debug-iphonesimulator/MyApp.build/Objects-normal/x86_64/AttachmentPlugin.o -index-unit-output-path /MyApp.build/Debug-iphonesimulator/MyApp.build/Objects-normal/x86_64/AttachmentPlugin.o
In file included from /Users/srinidhi/Desktop/Workspace/Ionic-Sample/Sample-Project/platforms/ios/MyApp/Plugins/cordova-plugin-unvired-sdk/AttachmentPlugin.m:10:
In file included from /Users/srinidhi/Desktop/Workspace/Ionic-Sample/Sample-Project/platforms/ios/MyApp/Plugins/cordova-plugin-unvired-sdk/PluginConstants.h:10:
In file included from /Users/srinidhi/Desktop/Workspace/Ionic-Sample/Sample-Project/platforms/ios/Pods/Headers/Public/UnviredSDK/SystemCredential.h:11:
In file included from /Users/srinidhi/Desktop/Workspace/Ionic-Sample/Sample-Project/platforms/ios/Pods/Headers/Public/UnviredSDK/DataStructure.h:10:
/Users/srinidhi/Desktop/Workspace/Ionic-Sample/Sample-Project/platforms/ios/Pods/Headers/Public/UnviredSDK/IDataStructure.h:29:17: warning: pointer is missing a nullability type specifier (_Nonnull, _Nullable, or _Null_unspecified) [-Wnullability-completeness]
static NSString *const FIELD_LID = @"LID";
                ^
/Users/srinidhi/Desktop/Workspace/Ionic-Sample/Sample-Project/platforms/ios/Pods/Headers/Public/UnviredSDK/IDataStructure.h:29:17: note: insert '_Nullable' if the pointer may be null
static NSString *const FIELD_LID = @"LID";
                ^
                  _Nullable 
/Users/srinidhi/Desktop/Workspace/Ionic-Sample/Sample-Project/platforms/ios/Pods/Headers/Public/UnviredSDK/IDataStructure.h:29:17: note: insert '_Nonnull' if the pointer should never be null
static NSString *const FIELD_LID = @"LID";
                ^
                  _Nonnull 
/Users/srinidhi/Desktop/Workspace/Ionic-Sample/Sample-Project/platforms/ios/Pods/Headers/Public/UnviredSDK/IDataStructure.h:116:26: warning: pointer is missing a nullability type specifier (_Nonnull, _Nullable, or _Null_unspecified) [-Wnullability-completeness]
- (void)setFid:(NSString *)fid;
                         ^
/Users/srinidhi/Desktop/Workspace/Ionic-Sample/Sample-Project/platforms/ios/Pods/Headers/Public/UnviredSDK/IDataStructure.h:116:26: note: insert '_Nullable' if the pointer may be null
- (void)setFid:(NSString *)fid;
                         ^
                          _Nullable
/Users/srinidhi/Desktop/Workspace/Ionic-Sample/Sample-Project/platforms/ios/Pods/Headers/Public/UnviredSDK/IDataStructure.h:116:26: note: insert '_Nonnull' if the pointer should never be null
- (void)setFid:(NSString *)fid;
                         ^
                          _Nonnull
/Users/srinidhi/Desktop/Workspace/Ionic-Sample/Sample-Project/platforms/ios/Pods/Headers/Public/UnviredSDK/IDataStructure.h:126:43: warning: pointer is missing a nullability type specifier (_Nonnull, _Nullable, or _Null_unspecified) [-Wnullability-completeness]
- (BOOL)setFieldBasedOnDataType:(NSString *)fieldName value:(id)value;
                                          ^
/Users/srinidhi/Desktop/Workspace/Ionic-Sample/Sample-Project/platforms/ios/Pods/Headers/Public/UnviredSDK/IDataStructure.h:126:43: note: insert '_Nullable' if the pointer may be null
- (BOOL)setFieldBasedOnDataType:(NSString *)fieldName value:(id)value;
                                          ^
                                           _Nullable
/Users/srinidhi/Desktop/Workspace/Ionic-Sample/Sample-Project/platforms/ios/Pods/Headers/Public/UnviredSDK/IDataStructure.h:126:43: note: insert '_Nonnull' if the pointer should never be null
- (BOOL)setFieldBasedOnDataType:(NSString *)fieldName value:(id)value;
                                          ^
                                           _Nonnull
/Users/srinidhi/Desktop/Workspace/Ionic-Sample/Sample-Project/platforms/ios/Pods/Headers/Public/UnviredSDK/IDataStructure.h:126:62: warning: pointer is missing a nullability type specifier (_Nonnull, _Nullable, or _Null_unspecified) [-Wnullability-completeness]
- (BOOL)setFieldBasedOnDataType:(NSString *)fieldName value:(id)value;
                                                             ^
/Users/srinidhi/Desktop/Workspace/Ionic-Sample/Sample-Project/platforms/ios/Pods/Headers/Public/UnviredSDK/IDataStructure.h:126:62: note: insert '_Nullable' if the pointer may be null
- (BOOL)setFieldBasedOnDataType:(NSString *)fieldName value:(id)value;
                                                             ^
                                                                _Nullable 
/Users/srinidhi/Desktop/Workspace/Ionic-Sample/Sample-Project/platforms/ios/Pods/Headers/Public/UnviredSDK/IDataStructure.h:126:62: note: insert '_Nonnull' if the pointer should never be null
- (BOOL)setFieldBasedOnDataType:(NSString *)fieldName value:(id)value;
                                                             ^
                                                                _Nonnull 
/Users/srinidhi/Desktop/Workspace/Ionic-Sample/Sample-Project/platforms/ios/Pods/Headers/Public/UnviredSDK/IDataStructure.h:127:28: warning: pointer is missing a nullability type specifier (_Nonnull, _Nullable, or _Null_unspecified) [-Wnullability-completeness]
- (BOOL)setField:(NSString *)fieldName value:(id)value;
                           ^
/Users/srinidhi/Desktop/Workspace/Ionic-Sample/Sample-Project/platforms/ios/Pods/Headers/Public/UnviredSDK/IDataStructure.h:127:28: note: insert '_Nullable' if the pointer may be null
- (BOOL)setField:(NSString *)fieldName value:(id)value;
                           ^
                            _Nullable
/Users/srinidhi/Desktop/Workspace/Ionic-Sample/Sample-Project/platforms/ios/Pods/Headers/Public/UnviredSDK/IDataStructure.h:127:28: note: insert '_Nonnull' if the pointer should never be null
- (BOOL)setField:(NSString *)fieldName value:(id)value;
                           ^
                            _Nonnull
/Users/srinidhi/Desktop/Workspace/Ionic-Sample/Sample-Project/platforms/ios/Pods/Headers/Public/UnviredSDK/IDataStructure.h:127:47: warning: pointer is missing a nullability type specifier (_Nonnull, _Nullable, or _Null_unspecified) [-Wnullability-completeness]
- (BOOL)setField:(NSString *)fieldName value:(id)value;
                                              ^
/Users/srinidhi/Desktop/Workspace/Ionic-Sample/Sample-Project/platforms/ios/Pods/Headers/Public/UnviredSDK/IDataStructure.h:127:47: note: insert '_Nullable' if the pointer may be null
- (BOOL)setField:(NSString *)fieldName value:(id)value;
                                              ^
                                                 _Nullable 
/Users/srinidhi/Desktop/Workspace/Ionic-Sample/Sample-Project/platforms/ios/Pods/Headers/Public/UnviredSDK/IDataStructure.h:127:47: note: insert '_Nonnull' if the pointer should never be null
- (BOOL)setField:(NSString *)fieldName value:(id)value;
                                              ^
                                                 _Nonnull 
/Users/srinidhi/Desktop/Workspace/Ionic-Sample/Sample-Project/platforms/ios/Pods/Headers/Public/UnviredSDK/IDataStructure.h:135:4: warning: pointer is missing a nullability type specifier (_Nonnull, _Nullable, or _Null_unspecified) [-Wnullability-completeness]
- (id)getField:(NSString *)fieldName;
   ^
/Users/srinidhi/Desktop/Workspace/Ionic-Sample/Sample-Project/platforms/ios/Pods/Headers/Public/UnviredSDK/IDataStructure.h:135:4: note: insert '_Nullable' if the pointer may be null
- (id)getField:(NSString *)fieldName;
   ^
      _Nullable 
/Users/srinidhi/Desktop/Workspace/Ionic-Sample/Sample-Project/platforms/ios/Pods/Headers/Public/UnviredSDK/IDataStructure.h:135:4: note: insert '_Nonnull' if the pointer should never be null
- (id)getField:(NSString *)fieldName;
   ^
      _Nonnull 
/Users/srinidhi/Desktop/Workspace/Ionic-Sample/Sample-Project/platforms/ios/Pods/Headers/Public/UnviredSDK/IDataStructure.h:135:26: warning: pointer is missing a nullability type specifier (_Nonnull, _Nullable, or _Null_unspecified) [-Wnullability-completeness]
- (id)getField:(NSString *)fieldName;
                         ^
/Users/srinidhi/Desktop/Workspace/Ionic-Sample/Sample-Project/platforms/ios/Pods/Headers/Public/UnviredSDK/IDataStructure.h:135:26: note: insert '_Nullable' if the pointer may be null
- (id)getField:(NSString *)fieldName;
                         ^
                          _Nullable
/Users/srinidhi/Desktop/Workspace/Ionic-Sample/Sample-Project/platforms/ios/Pods/Headers/Public/UnviredSDK/IDataStructure.h:135:26: note: insert '_Nonnull' if the pointer should never be null
- (id)getField:(NSString *)fieldName;
                         ^
                          _Nonnull
/Users/srinidhi/Desktop/Workspace/Ionic-Sample/Sample-Project/platforms/ios/Pods/Headers/Public/UnviredSDK/IDataStructure.h:147:17: warning: pointer is missing a nullability type specifier (_Nonnull, _Nullable, or _Null_unspecified) [-Wnullability-completeness]
- (NSEnumerator *)getFieldNames;
                ^
/Users/srinidhi/Desktop/Workspace/Ionic-Sample/Sample-Project/platforms/ios/Pods/Headers/Public/UnviredSDK/IDataStructure.h:147:17: note: insert '_Nullable' if the pointer may be null
- (NSEnumerator *)getFieldNames;
                ^
                 _Nullable
/Users/srinidhi/Desktop/Workspace/Ionic-Sample/Sample-Project/platforms/ios/Pods/Headers/Public/UnviredSDK/IDataStructure.h:147:17: note: insert '_Nonnull' if the pointer should never be null
- (NSEnumerator *)getFieldNames;
                ^
                 _Nonnull
/Users/srinidhi/Desktop/Workspace/Ionic-Sample/Sample-Project/platforms/ios/Pods/Headers/Public/UnviredSDK/IDataStructure.h:153:12: warning: pointer is missing a nullability type specifier (_Nonnull, _Nullable, or _Null_unspecified) [-Wnullability-completeness]
- (NSArray *)getGidFieldNames;
           ^
/Users/srinidhi/Desktop/Workspace/Ionic-Sample/Sample-Project/platforms/ios/Pods/Headers/Public/UnviredSDK/IDataStructure.h:153:12: note: insert '_Nullable' if the pointer may be null
- (NSArray *)getGidFieldNames;
           ^
            _Nullable
/Users/srinidhi/Desktop/Workspace/Ionic-Sample/Sample-Project/platforms/ios/Pods/Headers/Public/UnviredSDK/IDataStructure.h:153:12: note: insert '_Nonnull' if the pointer should never be null
- (NSArray *)getGidFieldNames;
           ^
            _Nonnull
/Users/srinidhi/Desktop/Workspace/Ionic-Sample/Sample-Project/platforms/ios/Pods/Headers/Public/UnviredSDK/IDataStructure.h:159:12: warning: pointer is missing a nullability type specifier (_Nonnull, _Nullable, or _Null_unspecified) [-Wnullability-completeness]
- (NSArray *)getGids;
           ^
/Users/srinidhi/Desktop/Workspace/Ionic-Sample/Sample-Project/platforms/ios/Pods/Headers/Public/UnviredSDK/IDataStructure.h:159:12: note: insert '_Nullable' if the pointer may be null
- (NSArray *)getGids;
           ^
            _Nullable
/Users/srinidhi/Desktop/Workspace/Ionic-Sample/Sample-Project/platforms/ios/Pods/Headers/Public/UnviredSDK/IDataStructure.h:159:12: note: insert '_Nonnull' if the pointer should never be null
- (NSArray *)getGids;
           ^
            _Nonnull
/Users/srinidhi/Desktop/Workspace/Ionic-Sample/Sample-Project/platforms/ios/Pods/Headers/Public/UnviredSDK/IDataStructure.h:165:12: warning: pointer is missing a nullability type specifier (_Nonnull, _Nullable, or _Null_unspecified) [-Wnullability-completeness]
- (NSArray *)getChildrenTableNames;
           ^
/Users/srinidhi/Desktop/Workspace/Ionic-Sample/Sample-Project/platforms/ios/Pods/Headers/Public/UnviredSDK/IDataStructure.h:165:12: note: insert '_Nullable' if the pointer may be null
- (NSArray *)getChildrenTableNames;
           ^
            _Nullable
/Users/srinidhi/Desktop/Workspace/Ionic-Sample/Sample-Project/platforms/ios/Pods/Headers/Public/UnviredSDK/IDataStructure.h:165:12: note: insert '_Nonnull' if the pointer should never be null
- (NSArray *)getChildrenTableNames;
           ^
            _Nonnull
/Users/srinidhi/Desktop/Workspace/Ionic-Sample/Sample-Project/platforms/ios/Pods/Headers/Public/UnviredSDK/IDataStructure.h:170:34: warning: pointer is missing a nullability type specifier (_Nonnull, _Nullable, or _Null_unspecified) [-Wnullability-completeness]
- (BOOL)isFieldPresent:(NSString *)field;
                                 ^
/Users/srinidhi/Desktop/Workspace/Ionic-Sample/Sample-Project/platforms/ios/Pods/Headers/Public/UnviredSDK/IDataStructure.h:170:34: note: insert '_Nullable' if the pointer may be null
- (BOOL)isFieldPresent:(NSString *)field;
                                 ^
                                  _Nullable
/Users/srinidhi/Desktop/Workspace/Ionic-Sample/Sample-Project/platforms/ios/Pods/Headers/Public/UnviredSDK/IDataStructure.h:170:34: note: insert '_Nonnull' if the pointer should never be null
- (BOOL)isFieldPresent:(NSString *)field;
                                 ^
                                  _Nonnull
/Users/srinidhi/Desktop/Workspace/Ionic-Sample/Sample-Project/platforms/ios/Pods/Headers/Public/UnviredSDK/IDataStructure.h:175:23: warning: pointer is missing a nullability type specifier (_Nonnull, _Nullable, or _Null_unspecified) [-Wnullability-completeness]
- (BOOL)areGIDsEqual:(id<IDataStructure>)anotherStructure;
                      ^
/Users/srinidhi/Desktop/Workspace/Ionic-Sample/Sample-Project/platforms/ios/Pods/Headers/Public/UnviredSDK/IDataStructure.h:175:40: note: insert '_Nullable' if the pointer may be null
- (BOOL)areGIDsEqual:(id<IDataStructure>)anotherStructure;
                                       ^
                                        _Nullable
/Users/srinidhi/Desktop/Workspace/Ionic-Sample/Sample-Project/platforms/ios/Pods/Headers/Public/UnviredSDK/IDataStructure.h:175:40: note: insert '_Nonnull' if the pointer should never be null
- (BOOL)areGIDsEqual:(id<IDataStructure>)anotherStructure;
                                       ^
                                        _Nonnull
In file included from /Users/srinidhi/Desktop/Workspace/Ionic-Sample/Sample-Project/platforms/ios/MyApp/Plugins/cordova-plugin-unvired-sdk/AttachmentPlugin.m:17:
/Users/srinidhi/Desktop/Workspace/Ionic-Sample/Sample-Project/platforms/ios/Pods/Headers/Public/UnviredSDK/PathManager.h:27:46: warning: pointer is missing a nullability type specifier (_Nonnull, _Nullable, or _Null_unspecified) [-Wnullability-completeness]
@property (nonatomic, strong) UnviredAccount *activeAccount;
                                             ^
/Users/srinidhi/Desktop/Workspace/Ionic-Sample/Sample-Project/platforms/ios/Pods/Headers/Public/UnviredSDK/PathManager.h:27:46: note: insert '_Nullable' if the pointer may be null
@property (nonatomic, strong) UnviredAccount *activeAccount;
                                             ^
                                               _Nullable 
/Users/srinidhi/Desktop/Workspace/Ionic-Sample/Sample-Project/platforms/ios/Pods/Headers/Public/UnviredSDK/PathManager.h:27:46: note: insert '_Nonnull' if the pointer should never be null
@property (nonatomic, strong) UnviredAccount *activeAccount;
                                             ^
                                               _Nonnull 
/Users/srinidhi/Desktop/Workspace/Ionic-Sample/Sample-Project/platforms/ios/MyApp/Plugins/cordova-plugin-unvired-sdk/AttachmentPlugin.m:36:26: warning: unused variable 'pluginResult' [-Wunused-variable]
        CDVPluginResult *pluginResult = nil;
                         ^
/Users/srinidhi/Desktop/Workspace/Ionic-Sample/Sample-Project/platforms/ios/MyApp/Plugins/cordova-plugin-unvired-sdk/AttachmentPlugin.m:149:26: warning: unused variable 'pluginResult' [-Wunused-variable]
        CDVPluginResult *pluginResult = nil;
                         ^
/Users/srinidhi/Desktop/Workspace/Ionic-Sample/Sample-Project/platforms/ios/MyApp/Plugins/cordova-plugin-unvired-sdk/AttachmentPlugin.m:152:19: warning: unused variable 'tableName' [-Wunused-variable]
        NSString *tableName = dataObjects[TABLE_NAME];
                  ^
/Users/srinidhi/Desktop/Workspace/Ionic-Sample/Sample-Project/platforms/ios/MyApp/Plugins/cordova-plugin-unvired-sdk/AttachmentPlugin.m:153:30: warning: unused variable 'fieldObject' [-Wunused-variable]
        NSMutableDictionary *fieldObject = dataObjects[FIELDS];
                             ^
19 warnings generated.

CompileC /Users/srinidhi/Library/Developer/Xcode/DerivedData/MyApp-glngprrxiuzgwgasskfjbnjwcvbk/Build/Intermediates.noindex/MyApp.build/Debug-iphonesimulator/MyApp.build/Objects-normal/x86_64/AppDelegate.o /Users/srinidhi/Desktop/Workspace/Ionic-Sample/Sample-Project/platforms/ios/MyApp/Classes/AppDelegate.m normal x86_64 objective-c com.apple.compilers.llvm.clang.1_0.compiler (in target 'MyApp' from project 'MyApp')
    cd /Users/srinidhi/Desktop/Workspace/Ionic-Sample/Sample-Project/platforms/ios
    /Applications/Xcode.app/Contents/Developer/Toolchains/XcodeDefault.xctoolchain/usr/bin/clang -x objective-c -target x86_64-apple-ios11.0-simulator -fmessage-length\=0 -fdiagnostics-show-note-include-stack -fmacro-backtrace-limit\=0 -std\=c99 -fobjc-arc -fmodules -gmodules -fmodules-cache-path\=/Users/srinidhi/Library/Developer/Xcode/DerivedData/ModuleCache.noindex -fmodules-prune-interval\=86400 -fmodules-prune-after\=345600 -fbuild-session-file\=/Users/srinidhi/Library/Developer/Xcode/DerivedData/ModuleCache.noindex/Session.modulevalidation -fmodules-validate-once-per-build-session -Wno-trigraphs -fpascal-strings -O0 -fno-common -Wno-missing-field-initializers -Wno-missing-prototypes -Wunreachable-code -Wno-implicit-atomic-properties -Wno-objc-interface-ivars -Wno-arc-repeated-use-of-weak -Wimplicit-retain-self -Wduplicate-method-match -Wno-missing-braces -Wparentheses -Wswitch -Wunused-function -Wno-unused-label -Wno-unused-parameter -Wunused-variable -Wunused-value -Wempty-body -Wuninitialized -Wno-unknown-pragmas -Wno-shadow -Wno-four-char-constants -Wno-conversion -Wconstant-conversion -Wint-conversion -Wbool-conversion -Wenum-conversion -Wno-float-conversion -Wnon-literal-null-conversion -Wobjc-literal-conversion -Wshorten-64-to-32 -Wpointer-sign -Wno-newline-eof -Wno-selector -Wno-strict-selector-match -Wundeclared-selector -Wdeprecated-implementations -Wno-implicit-fallthrough -DWK_WEB_VIEW_ONLY\=1 -DWK_WEB_VIEW_ONLY\=1 -DDEBUG\=1 -DCOCOAPODS\=1 -DOBJC_OLD_DISPATCH_PROTOTYPES\=0 -isysroot /Applications/Xcode.app/Contents/Developer/Platforms/iPhoneSimulator.platform/Developer/SDKs/iPhoneSimulator16.2.sdk -fasm-blocks -fstrict-aliasing -Wprotocol -Wdeprecated-declarations -g -Wno-sign-conversion -Winfinite-recursion -Wcomma -Wblock-capture-autoreleasing -Wstrict-prototypes -Wno-semicolon-before-method-body -fobjc-abi-version\=2 -fobjc-legacy-dispatch -index-store-path /Users/srinidhi/Library/Developer/Xcode/DerivedData/MyApp-glngprrxiuzgwgasskfjbnjwcvbk/Index.noindex/DataStore -iquote /Users/srinidhi/Library/Developer/Xcode/DerivedData/MyApp-glngprrxiuzgwgasskfjbnjwcvbk/Build/Intermediates.noindex/MyApp.build/Debug-iphonesimulator/MyApp.build/MyApp-generated-files.hmap -I/Users/srinidhi/Library/Developer/Xcode/DerivedData/MyApp-glngprrxiuzgwgasskfjbnjwcvbk/Build/Intermediates.noindex/MyApp.build/Debug-iphonesimulator/MyApp.build/MyApp-own-target-headers.hmap -I/Users/srinidhi/Library/Developer/Xcode/DerivedData/MyApp-glngprrxiuzgwgasskfjbnjwcvbk/Build/Intermediates.noindex/MyApp.build/Debug-iphonesimulator/MyApp.build/MyApp-all-target-headers.hmap -iquote /Users/srinidhi/Library/Developer/Xcode/DerivedData/MyApp-glngprrxiuzgwgasskfjbnjwcvbk/Build/Intermediates.noindex/MyApp.build/Debug-iphonesimulator/MyApp.build/MyApp-project-headers.hmap -I/Users/srinidhi/Desktop/Workspace/Ionic-Sample/Sample-Project/platforms/ios/build/emulator/include -I/Users/srinidhi/Desktop/Workspace/Ionic-Sample/Sample-Project/platforms/ios/build/emulator/usr/local/lib/include -I/Users/srinidhi/Library/Developer/Xcode/DerivedData/MyApp-glngprrxiuzgwgasskfjbnjwcvbk/Build/Intermediates.noindex/UninstalledProducts/include -I/Users/srinidhi/Library/Developer/Xcode/DerivedData/MyApp-glngprrxiuzgwgasskfjbnjwcvbk/Build/Intermediates.noindex/UninstalledProducts/iphonesimulator/include -I/Users/srinidhi/Desktop/Workspace/Ionic-Sample/Sample-Project/platforms/ios/build/emulator -I/Users/srinidhi/Desktop/Workspace/Ionic-Sample/Sample-Project/platforms/ios/Pods/Headers/Public -I/Users/srinidhi/Desktop/Workspace/Ionic-Sample/Sample-Project/platforms/ios/Pods/Headers/Public/UnviredSDK -I/Users/srinidhi/Desktop/Workspace/Ionic-Sample/Sample-Project/platforms/ios/Pods/Headers/UnviredSDK -I/Users/srinidhi/Library/Developer/Xcode/DerivedData/MyApp-glngprrxiuzgwgasskfjbnjwcvbk/Build/Intermediates.noindex/MyApp.build/Debug-iphonesimulator/MyApp.build/DerivedSources-normal/x86_64 -I/Users/srinidhi/Library/Developer/Xcode/DerivedData/MyApp-glngprrxiuzgwgasskfjbnjwcvbk/Build/Intermediates.noindex/MyApp.build/Debug-iphonesimulator/MyApp.build/DerivedSources/x86_64 -I/Users/srinidhi/Library/Developer/Xcode/DerivedData/MyApp-glngprrxiuzgwgasskfjbnjwcvbk/Build/Intermediates.noindex/MyApp.build/Debug-iphonesimulator/MyApp.build/DerivedSources -F/Users/srinidhi/Desktop/Workspace/Ionic-Sample/Sample-Project/platforms/ios/build/emulator -include /Users/srinidhi/Desktop/Workspace/Ionic-Sample/Sample-Project/platforms/ios/build/sharedpch/SharedPrecompiledHeaders/883974999942226412/MyApp-Prefix.pch -MMD -MT dependencies -MF /Users/srinidhi/Library/Developer/Xcode/DerivedData/MyApp-glngprrxiuzgwgasskfjbnjwcvbk/Build/Intermediates.noindex/MyApp.build/Debug-iphonesimulator/MyApp.build/Objects-normal/x86_64/AppDelegate.d --serialize-diagnostics /Users/srinidhi/Library/Developer/Xcode/DerivedData/MyApp-glngprrxiuzgwgasskfjbnjwcvbk/Build/Intermediates.noindex/MyApp.build/Debug-iphonesimulator/MyApp.build/Objects-normal/x86_64/AppDelegate.dia -c /Users/srinidhi/Desktop/Workspace/Ionic-Sample/Sample-Project/platforms/ios/MyApp/Classes/AppDelegate.m -o /Users/srinidhi/Library/Developer/Xcode/DerivedData/MyApp-glngprrxiuzgwgasskfjbnjwcvbk/Build/Intermediates.noindex/MyApp.build/Debug-iphonesimulator/MyApp.build/Objects-normal/x86_64/AppDelegate.o -index-unit-output-path /MyApp.build/Debug-iphonesimulator/MyApp.build/Objects-normal/x86_64/AppDelegate.o

CompileAssetCatalog /Users/srinidhi/Desktop/Workspace/Ionic-Sample/Sample-Project/platforms/ios/build/emulator/MyApp.app /Users/srinidhi/Desktop/Workspace/Ionic-Sample/Sample-Project/platforms/ios/MyApp/Images.xcassets (in target 'MyApp' from project 'MyApp')
    cd /Users/srinidhi/Desktop/Workspace/Ionic-Sample/Sample-Project/platforms/ios
    /Applications/Xcode.app/Contents/Developer/usr/bin/actool --output-format human-readable-text --notices --warnings --export-dependency-info /Users/srinidhi/Library/Developer/Xcode/DerivedData/MyApp-glngprrxiuzgwgasskfjbnjwcvbk/Build/Intermediates.noindex/MyApp.build/Debug-iphonesimulator/MyApp.build/assetcatalog_dependencies --output-partial-info-plist /Users/srinidhi/Library/Developer/Xcode/DerivedData/MyApp-glngprrxiuzgwgasskfjbnjwcvbk/Build/Intermediates.noindex/MyApp.build/Debug-iphonesimulator/MyApp.build/assetcatalog_generated_info.plist --app-icon AppIcon --compress-pngs --enable-on-demand-resources YES --filter-for-thinning-device-configuration iPhone15,3 --filter-for-device-os-version 16.2 --development-region en --target-device iphone --target-device ipad --minimum-deployment-target 11.0 --platform iphonesimulator --compile /Users/srinidhi/Desktop/Workspace/Ionic-Sample/Sample-Project/platforms/ios/build/emulator/MyApp.app /Users/srinidhi/Desktop/Workspace/Ionic-Sample/Sample-Project/platforms/ios/MyApp/Images.xcassets
2022-12-28 11:09:54.146 ibtoold[4070:47399] Launching AssetCatalogSimulatorAgent using native architecture.

Ld /Users/srinidhi/Desktop/Workspace/Ionic-Sample/Sample-Project/platforms/ios/build/emulator/MyApp.app/MyApp normal (in target 'MyApp' from project 'MyApp')
    cd /Users/srinidhi/Desktop/Workspace/Ionic-Sample/Sample-Project/platforms/ios
    /Applications/Xcode.app/Contents/Developer/Toolchains/XcodeDefault.xctoolchain/usr/bin/clang -target x86_64-apple-ios11.0-simulator -isysroot /Applications/Xcode.app/Contents/Developer/Platforms/iPhoneSimulator.platform/Developer/SDKs/iPhoneSimulator16.2.sdk -L/Users/srinidhi/Library/Developer/Xcode/DerivedData/MyApp-glngprrxiuzgwgasskfjbnjwcvbk/Build/Intermediates.noindex/EagerLinkingTBDs -L/Users/srinidhi/Desktop/Workspace/Ionic-Sample/Sample-Project/platforms/ios/build/emulator -L/Users/srinidhi/Desktop/Workspace/Ionic-Sample/Sample-Project/platforms/ios/Pods/UnviredSDK -L/Users/srinidhi/Desktop/Workspace/Ionic-Sample/Sample-Project/platforms/ios/Pods/UnviredSDK -F/Users/srinidhi/Library/Developer/Xcode/DerivedData/MyApp-glngprrxiuzgwgasskfjbnjwcvbk/Build/Intermediates.noindex/EagerLinkingTBDs -F/Users/srinidhi/Desktop/Workspace/Ionic-Sample/Sample-Project/platforms/ios/build/emulator -filelist /Users/srinidhi/Library/Developer/Xcode/DerivedData/MyApp-glngprrxiuzgwgasskfjbnjwcvbk/Build/Intermediates.noindex/MyApp.build/Debug-iphonesimulator/MyApp.build/Objects-normal/x86_64/MyApp.LinkFileList -Xlinker -rpath -Xlinker @executable_path/Frameworks -dead_strip -Xlinker -object_path_lto -Xlinker /Users/srinidhi/Library/Developer/Xcode/DerivedData/MyApp-glngprrxiuzgwgasskfjbnjwcvbk/Build/Intermediates.noindex/MyApp.build/Debug-iphonesimulator/MyApp.build/Objects-normal/x86_64/MyApp_lto.o -Xlinker -export_dynamic -Xlinker -no_deduplicate -Xlinker -objc_abi_version -Xlinker 2 -fobjc-arc -fobjc-link-runtime -ObjC -ObjC -lUnviredSDK -lsqlite3.0 -lz -framework AVFoundation -framework AddressBook -framework AddressBookUI -framework AudioToolbox -framework CoreGraphics -framework CoreLocation -framework Foundation -framework LocalAuthentication -framework MapKit -framework MessageUI -framework MobileCoreServices -framework QuartzCore -framework QuickLook -framework Security -framework SystemConfiguration -framework UIKit -framework WebKit -Xlinker -sectcreate -Xlinker __TEXT -Xlinker __entitlements -Xlinker /Users/srinidhi/Library/Developer/Xcode/DerivedData/MyApp-glngprrxiuzgwgasskfjbnjwcvbk/Build/Intermediates.noindex/MyApp.build/Debug-iphonesimulator/MyApp.build/MyApp.app-Simulated.xcent -Xlinker -sectcreate -Xlinker __TEXT -Xlinker __ents_der -Xlinker /Users/srinidhi/Library/Developer/Xcode/DerivedData/MyApp-glngprrxiuzgwgasskfjbnjwcvbk/Build/Intermediates.noindex/MyApp.build/Debug-iphonesimulator/MyApp.build/MyApp.app-Simulated.xcent.der /Users/srinidhi/Desktop/Workspace/Ionic-Sample/Sample-Project/platforms/ios/build/emulator/libCordova.a -weak_framework WebKit -lPods-MyApp -Xlinker -no_adhoc_codesign -Xlinker -dependency_info -Xlinker /Users/srinidhi/Library/Developer/Xcode/DerivedData/MyApp-glngprrxiuzgwgasskfjbnjwcvbk/Build/Intermediates.noindex/MyApp.build/Debug-iphonesimulator/MyApp.build/Objects-normal/x86_64/MyApp_dependency_info.dat -o /Users/srinidhi/Desktop/Workspace/Ionic-Sample/Sample-Project/platforms/ios/build/emulator/MyApp.app/MyApp
ld: library not found for -lPods-MyApp
clang: error: linker command failed with exit code 1 (use -v to see invocation)

